[1/313] ZTF18aaexyql
[2/313] ZTF18aakkrjm
[3/313] ZTF18aaxiuyp
[4/313] ZTF18abdkkwa
[5/313] ZTF18abeamgv
[6/313] ZTF18abecbks
[7/313] ZTF18abeyqpr
[8/313] ZTF18abfcmjw
[9/313] ZTF18abfzhct
[10/313] ZTF18abhhnnv
[11/313] ZTF18abukavn
[12/313] ZTF18achcpwu
[13/313] ZTF18acizepv
[14/313] ZTF18acnncve
[15/313] ZTF18acsjrbc
[16/313] ZTF18acyxnyw
[17/313] ZTF18aczqzrj
[18/313] ZTF19aadnhdo
[19/313] ZTF19aafmyow
[20/313] ZTF19aailsge
[21/313] ZTF19aakpcuw
[22/313] ZTF19aalouag
[23/313] ZTF19aamgghn
[24/313] ZTF19aamsetj
[25/313] ZTF19aanfukh
[26/313] ZTF19aarfyvc
[27/313] ZTF19aarphwc
[28/313] ZTF19aatheus
[29/313] ZTF19aavitlq
[30/313] ZTF19aawfbtg
[31/313] ZTF19aawqcgy
[32/313] ZTF19aawsday
[33/313] ZTF19aaxfcpq
[34/313] ZTF19aaxzdtw
[35/313] ZTF19abauylg
[36/313] ZTF19abdoior
[37/313] ZTF19abfsxpw
[38/313] ZTF19abfvnns
[39/313] ZTF19ablesob
[40/313] ZTF19abnacvf
[41/313] ZTF19abpbopt
[42/313] ZTF19abqqrgy
[43/313] ZTF19abqshry
[44/313] ZTF19abqwtfu
[45/313] ZTF19abqxibq
[46/313] ZTF19abupned
[47/313] ZTF19abvdgqo
[48/313] ZTF19abztknu
[49/313] ZTF19acbmojx
[50/313] ZTF19acbonaa
[51/313] ZTF19acdabep
[52/313] ZTF19acgjosf
[53/313] ZTF19acgjpgh
[54/313] ZTF19ackjjwf
[55/313] ZTF19ackjrru
[56/313] ZTF19acllsbq
[57/313] ZTF19acmelor
[58/313] ZTF19acyogrm
[59/313] ZTF19adaivcf
[60/313] ZTF19adcfsad
[61/313] ZTF20aadzbcf
[62/313] ZTF20aaekkuv
[63/313] ZTF20aaelulu
[64/313] ZTF20aaertpj
[65/313] ZTF20aafmdzj
[66/313] ZTF20aahbfmf
[67/313] ZTF20aaifybu
[68/313] ZTF20aaiqiti
[69/313] ZTF20aajcdad
[70/313] ZTF20aakodyh
[71/313] ZTF20aalcyih
[72/313] ZTF20aalxlis
[73/313] ZTF20aamdyln
[74/313] ZTF20aammtwx
[75/313] ZTF20aapcbmc
[76/313] ZTF20aattyuz
[77/313] ZTF20aaurexl
[78/313] ZTF20aavcvrm
[79/313] ZTF20aavhyel
[80/313] ZTF20aavzffg
[81/313] ZTF20aaxvzja
[82/313] ZTF20aazkjfv
[83/313] ZTF20aazpyhy
[84/313] ZTF20abaszgh
[85/313] ZTF20abbpkng
[86/313] ZTF20abbplei
[87/313] ZTF20abcjdwu
[88/313] ZTF20abefbpl
[89/313] ZTF20abhlncz
[90/313] ZTF20abjpvce
[91/313] ZTF20abkiarz
[92/313] ZTF20abobpcb
[93/313] ZTF20abqdkne
[94/313] ZTF20abrmmah
[95/313] ZTF20abswdbg
[96/313] ZTF20abtkjfw
[97/313] ZTF20abusrwm
[98/313] ZTF20abvquuo
[99/313] ZTF20abwxywy
[100/313] ZTF20abxpoxd
[101/313] ZTF20abywsut
[102/313] ZTF20abzjcdg
[103/313] ZTF20abzoeiw
[104/313] ZTF20accbsxa
[105/313] ZTF20acfqngt
[106/313] ZTF20achvlbs
[107/313] ZTF20aclnplo
[108/313] ZTF20acphdcg
[109/313] ZTF20acpjqxp
[110/313] ZTF20actekrw
[111/313] ZTF20actpqgc
[112/313] ZTF20acueziy
[113/313] ZTF20acvcxkz
[114/313] ZTF20acvebcu
[115/313] ZTF20acvmzfv
[116/313] ZTF20acwofhd
[117/313] ZTF20acxqxyw
[118/313] ZTF20adadrhw
[119/313] ZTF21aaaosoq
[120/313] ZTF21aaarmti
[121/313] ZTF21aaaubig
[122/313] ZTF21aacufip
[123/313] ZTF21aagpymw
[124/313] ZTF21aagtpro
[125/313] ZTF21aahdqrg
[126/313] ZTF21aalhgqi
[127/313] ZTF21aannoix
[128/313] ZTF21aanvncv
[129/313] ZTF21aaocrlm
[130/313] ZTF21aaqhhfu
[131/313] ZTF21aaqldsk
[132/313] ZTF21aaqwfqe
[133/313] ZTF21aarmuxl
[134/313] ZTF21aavdqgf
[135/313] ZTF21aawogdl
[136/313] ZTF21aaxxihx
[137/313] ZTF21aayqrgx
[138/313] ZTF21abahiow
[139/313] ZTF21abbqeea
[140/313] ZTF21abccaue
[141/313] ZTF21abcgaln
[142/313] ZTF21abcgnql
[143/313] ZTF21abchjer
[144/313] ZTF21abcpsjy
[145/313] ZTF21abdkojo
[146/313] ZTF21abdxhgv
[147/313] ZTF21abieuta
[148/313] ZTF21abimnii
[149/313] ZTF21abklcjq
[150/313] ZTF21abmjgwf
[151/313] ZTF21abmxiuf
[152/313] ZTF21abngbrl
[153/313] ZTF21abplhpw
[154/313] ZTF21abraccv
[155/313] ZTF21abrqria
[156/313] ZTF21abrqrsz
[157/313] ZTF21absyjff
[158/313] ZTF21abvcugy
[159/313] ZTF21acbnfos
[160/313] ZTF21accwovq
[161/313] ZTF21acdxhuv
[162/313] ZTF21aceehxt
[163/313] ZTF21acekmmm
[164/313] ZTF21achgfbk
[165/313] ZTF21aciuhqw
[166/313] ZTF21aciwixf
[167/313] ZTF21acjxzsa
[168/313] ZTF22aadeuwu
[169/313] ZTF22aadnjsh
[170/313] ZTF22aadoihx
[171/313] ZTF22aadqlhy
[172/313] ZTF22aaezyos
[173/313] ZTF22aagzmcz
[174/313] ZTF22aahxaiv
[175/313] ZTF22aajakms
[176/313] ZTF22aakpyqw
[177/313] ZTF22aakyeps
[178/313] ZTF22aalfmec
[179/313] ZTF22aaolhhl
[180/313] ZTF22aarbard
[181/313] ZTF22aarqrxf
[182/313] ZTF22aarwwyy
[183/313] ZTF22aasxgjp
[184/313] ZTF22aatunnt
[185/313] ZTF22abbdxho
[186/313] ZTF22abbtqnp
[187/313] ZTF22abcvfgs
[188/313] ZTF22abfuwel
[189/313] ZTF22abfyqsc
[190/313] ZTF22abivebe
[191/313] ZTF22abjafpr
[192/313] ZTF22abkabeh
[193/313] ZTF22abkbmob
[194/313] ZTF22abllclb
[195/313] ZTF22abmonux
[196/313] ZTF22abnpsou
[197/313] ZTF22absibqa
[198/313] ZTF22absphuu
[199/313] ZTF22abvcnnl
[200/313] ZTF23aaahtnj
[201/313] ZTF23aaazffe
[202/313] ZTF23aaccacy
[203/313] ZTF23aadaxfn
[204/313] ZTF23aadtrzd
[205/313] ZTF23aaecgwh
[206/313] ZTF23aafwykt
[207/313] ZTF23aahnmag
[208/313] ZTF23aajakys
[209/313] ZTF23aakstht
[210/313] ZTF23aamzljd
[211/313] ZTF23aanqoyo
[212/313] ZTF23aapbrrq
[213/313] ZTF23aaqekiu
[214/313] ZTF23aaspcfl
[215/313] ZTF23aawtmcf
[216/313] ZTF23aaxuvkn
[217/313] ZTF23aazodoj
[218/313] ZTF23aazuzip
[219/313] ZTF23abadhsw
[220/313] ZTF23abbpswf
[221/313] ZTF23abcglga
[222/313] ZTF23abfmlft
[223/313] ZTF23abjhbcr
[224/313] ZTF23abjrolk
[225/313] ZTF23abjzkmx
[226/313] ZTF23abochfb
[227/313] ZTF23abomtjc
[228/313] ZTF23abovaur
[229/313] ZTF23abvokyz
[230/313] ZTF24aaabybk
[231/313] ZTF24aacrbua
[232/313] ZTF24aadfmaf
[233/313] ZTF24aagfeti
[234/313] ZTF24aagterj
[235/313] ZTF24aagtmbq
[236/313] ZTF24aahuzig
[237/313] ZTF24aajivqf
[238/313] ZTF24aajqamj
[239/313] ZTF24aakaiqs
[240/313] ZTF24aancgyl
[241/313] ZTF24aaowjlw
[242/313] ZTF24aapadbb
[243/313] ZTF24aawjwxx
[244/313] ZTF24aawtoiv
[245/313] ZTF24aayimjt
[246/313] ZTF24aaymkrs
[247/313] ZTF24aaysowl
[248/313] ZTF24aazmqbf
[249/313] ZTF24aazqavh
[250/313] ZTF24aaztbct
[251/313] ZTF24abajmau
[252/313] ZTF24abbsuhu
[253/313] ZTF24abdiwwv
[254/313] ZTF24abhhzrp
[255/313] ZTF24abiifei
[256/313] ZTF24abkiblx
[257/313] ZTF24abnafgr
[258/313] ZTF24abncuhj
[259/313] ZTF24abnsght
[260/313] ZTF24abpqghw
[261/313] ZTF24abroqvs
[262/313] ZTF24absrpsn
[263/313] ZTF24absznoi
[264/313] ZTF24abtlppf
[265/313] ZTF24abtmueg
[266/313] ZTF24abwmzop
[267/313] ZTF24abygyka
[268/313] ZTF24abzgggz
[269/313] ZTF24abzmhtv
[270/313] ZTF25aaadytl
[271/313] ZTF25aaaecsu
[272/313] ZTF25aaccmjq
[273/313] ZTF25aadnogd
[274/313] ZTF25aafdnuf
[275/313] ZTF25aafedas
[276/313] ZTF25aajbcmc
[277/313] ZTF25aajgfsk
[278/313] ZTF25aakeqyr
[279/313] ZTF25aamplge
[280/313] ZTF25aanxtou
[281/313] ZTF25aaomnws
[282/313] ZTF25aarmzhx
[283/313] ZTF25aaurzyo
[284/313] ZTF25aawaobl
[285/313] ZTF25aaxegmh
[286/313] ZTF25abbzsku
[287/313] ZTF25abclliu
[288/313] ZTF25abcydiy
[289/313] ZTF25abecvml
[290/313] ZTF25abixhdc
[291/313] ZTF25abkwytp
[292/313] ZTF25ablgkgi
[293/313] ZTF25ablulax
[294/313] ZTF25abmjfcf
[295/313] ZTF25abmsmeg
[296/313] ZTF25abmtiec
[297/313] ZTF25aboftol
[298/313] ZTF25abvbjre
[299/313] ZTF25abvcnay
[300/313] ZTF25abwophe
[301/313] ZTF25abxfsza
[302/313] ZTF25abyevmr
[303/313] ZTF25abyrwhz
[304/313] ZTF25accmopr
[305/313] ZTF25acemaph
[306/313] ZTF25acgdfwz
[307/313] ZTF26aaakmmc
[308/313] ZTF26aadqfik
[309/313] ZTF26aadqwlb
[310/313] ZTF26aahinar
[311/313] ZTF26aahjdpb
[312/313] ZTF26aakdoou
[313/313] ZTF26aalsmpp
