[1/1728] ZTF18aaexyql  constant+gibbs  -> ok
[2/1728] ZTF18aaexyql  constant+changepoint  -> ok
[3/1728] ZTF18aaexyql  constant+changepoint_1  -> ok
[4/1728] ZTF18aaexyql  constant+matern32  -> ok
[5/1728] ZTF18aakkrjm  constant+gibbs  -> ok
[6/1728] ZTF18aakkrjm  constant+changepoint  -> ok
[7/1728] ZTF18aakkrjm  constant+changepoint_1  -> ok
[8/1728] ZTF18aakkrjm  constant+matern32  -> ok
[9/1728] ZTF18aaqjovh  constant+gibbs  -> ok
[10/1728] ZTF18aaqjovh  constant+changepoint  -> ok
[11/1728] ZTF18aaqjovh  constant+changepoint_1  -> ok
[12/1728] ZTF18aaqjovh  constant+matern32  -> ok
[13/1728] ZTF18aaxiuyp  constant+gibbs  -> ok
[14/1728] ZTF18aaxiuyp  constant+changepoint  -> ok
[15/1728] ZTF18aaxiuyp  constant+changepoint_1  -> ok
[16/1728] ZTF18aaxiuyp  constant+matern32  -> ok
[17/1728] ZTF18abdffeo  constant+gibbs  -> ok
[18/1728] ZTF18abdffeo  constant+changepoint  -> ok
[19/1728] ZTF18abdffeo  constant+changepoint_1  -> ok
[20/1728] ZTF18abdffeo  constant+matern32  -> ok
[21/1728] ZTF18abdkkwa  constant+gibbs  -> ok
[22/1728] ZTF18abdkkwa  constant+changepoint  -> ok
[23/1728] ZTF18abdkkwa  constant+changepoint_1  -> ok
[24/1728] ZTF18abdkkwa  constant+matern32  -> ok
[25/1728] ZTF18abeamgv  constant+gibbs  -> ok
[26/1728] ZTF18abeamgv  constant+changepoint  -> ok
[27/1728] ZTF18abeamgv  constant+changepoint_1  -> ok
[28/1728] ZTF18abeamgv  constant+matern32  -> ok
[29/1728] ZTF18abecbks  constant+gibbs  -> ok
[30/1728] ZTF18abecbks  constant+changepoint  -> ok
[31/1728] ZTF18abecbks  constant+changepoint_1  -> ok
[32/1728] ZTF18abecbks  constant+matern32  -> ok
[33/1728] ZTF18abeyqpr  constant+gibbs  -> ok
[34/1728] ZTF18abeyqpr  constant+changepoint  -> ok
[35/1728] ZTF18abeyqpr  constant+changepoint_1  -> ok
[36/1728] ZTF18abeyqpr  constant+matern32  -> ok
[37/1728] ZTF18abfcmjw  constant+gibbs  -> ok
[38/1728] ZTF18abfcmjw  constant+changepoint  -> ok
[39/1728] ZTF18abfcmjw  constant+changepoint_1  -> ok
[40/1728] ZTF18abfcmjw  constant+matern32  -> ok
[41/1728] ZTF18abfzhct  constant+gibbs  -> ok
[42/1728] ZTF18abfzhct  constant+changepoint  -> ok
[43/1728] ZTF18abfzhct  constant+changepoint_1  -> ok
[44/1728] ZTF18abfzhct  constant+matern32  -> ok
[45/1728] ZTF18abhhnnv  constant+gibbs  -> ok
[46/1728] ZTF18abhhnnv  constant+changepoint  -> ok
[47/1728] ZTF18abhhnnv  constant+changepoint_1  -> ok
[48/1728] ZTF18abhhnnv  constant+matern32  -> ok
[49/1728] ZTF18abjyjdz  constant+gibbs  -> ok
[50/1728] ZTF18abjyjdz  constant+changepoint  -> ok
[51/1728] ZTF18abjyjdz  constant+changepoint_1  -> ok
[52/1728] ZTF18abjyjdz  constant+matern32  -> ok
[53/1728] ZTF18abkjnqy  constant+gibbs  -> ok
[54/1728] ZTF18abkjnqy  constant+changepoint  -> ok
[55/1728] ZTF18abkjnqy  constant+changepoint_1  -> ok
[56/1728] ZTF18abkjnqy  constant+matern32  -> ok
[57/1728] ZTF18aboabxv  constant+gibbs  -> ok
[58/1728] ZTF18aboabxv  constant+changepoint  -> ok
[59/1728] ZTF18aboabxv  constant+changepoint_1  -> ok
[60/1728] ZTF18aboabxv  constant+matern32  -> ok
[61/1728] ZTF18abukavn  constant+gibbs  -> ok
[62/1728] ZTF18abukavn  constant+changepoint  -> ok
[63/1728] ZTF18abukavn  constant+changepoint_1  -> ok
[64/1728] ZTF18abukavn  constant+matern32  -> ok
[65/1728] ZTF18abvkmgw  constant+gibbs  -> ok
[66/1728] ZTF18abvkmgw  constant+changepoint  -> ok
[67/1728] ZTF18abvkmgw  constant+changepoint_1  -> ok
[68/1728] ZTF18abvkmgw  constant+matern32  -> ok
[69/1728] ZTF18acbvpzj  constant+gibbs  -> ok
[70/1728] ZTF18acbvpzj  constant+changepoint  -> ok
[71/1728] ZTF18acbvpzj  constant+changepoint_1  -> ok
[72/1728] ZTF18acbvpzj  constant+matern32  -> ok
[73/1728] ZTF18aceqrrs  constant+gibbs  -> ok
[74/1728] ZTF18aceqrrs  constant+changepoint  -> ok
[75/1728] ZTF18aceqrrs  constant+changepoint_1  -> ok
[76/1728] ZTF18aceqrrs  constant+matern32  -> ok
[77/1728] ZTF18achcpwu  constant+gibbs  -> ok
[78/1728] ZTF18achcpwu  constant+changepoint  -> ok
[79/1728] ZTF18achcpwu  constant+changepoint_1  -> ok
[80/1728] ZTF18achcpwu  constant+matern32  -> ok
[81/1728] ZTF18achdidy  constant+gibbs  -> ok
[82/1728] ZTF18achdidy  constant+changepoint  -> ok
[83/1728] ZTF18achdidy  constant+changepoint_1  -> ok
[84/1728] ZTF18achdidy  constant+matern32  -> ok
[85/1728] ZTF18acizepv  constant+gibbs  -> ok
[86/1728] ZTF18acizepv  constant+changepoint  -> ok
[87/1728] ZTF18acizepv  constant+changepoint_1  -> ok
[88/1728] ZTF18acizepv  constant+matern32  -> ok
[89/1728] ZTF18acnncve  constant+gibbs  -> ok
[90/1728] ZTF18acnncve  constant+changepoint  -> ok
[91/1728] ZTF18acnncve  constant+changepoint_1  -> ok
[92/1728] ZTF18acnncve  constant+matern32  -> ok
[93/1728] ZTF18acsjrbc  constant+gibbs  -> ok
[94/1728] ZTF18acsjrbc  constant+changepoint  -> ok
[95/1728] ZTF18acsjrbc  constant+changepoint_1  -> ok
[96/1728] ZTF18acsjrbc  constant+matern32  -> ok
[97/1728] ZTF18acyxnyw  constant+gibbs  -> ok
[98/1728] ZTF18acyxnyw  constant+changepoint  -> ok
[99/1728] ZTF18acyxnyw  constant+changepoint_1  -> ok
[100/1728] ZTF18acyxnyw  constant+matern32  -> ok
[101/1728] ZTF18aczcumi  constant+gibbs  -> ok
[102/1728] ZTF18aczcumi  constant+changepoint  -> ok
[103/1728] ZTF18aczcumi  constant+changepoint_1  -> ok
[104/1728] ZTF18aczcumi  constant+matern32  -> ok
[105/1728] ZTF18aczqzrj  constant+gibbs  -> ok
[106/1728] ZTF18aczqzrj  constant+changepoint  -> ok
[107/1728] ZTF18aczqzrj  constant+changepoint_1  -> ok
[108/1728] ZTF18aczqzrj  constant+matern32  -> ok
[109/1728] ZTF18adasisj  constant+gibbs  -> ok
[110/1728] ZTF18adasisj  constant+changepoint  -> ok
[111/1728] ZTF18adasisj  constant+changepoint_1  -> ok
[112/1728] ZTF18adasisj  constant+matern32  -> ok
[113/1728] ZTF18adaykvg  constant+gibbs  -> ok
[114/1728] ZTF18adaykvg  constant+changepoint  -> ok
[115/1728] ZTF18adaykvg  constant+changepoint_1  -> ok
[116/1728] ZTF18adaykvg  constant+matern32  -> ok
[117/1728] ZTF19aadnhdo  constant+gibbs  -> ok
[118/1728] ZTF19aadnhdo  constant+changepoint  -> ok
[119/1728] ZTF19aadnhdo  constant+changepoint_1  -> ok
[120/1728] ZTF19aadnhdo  constant+matern32  -> ok
[121/1728] ZTF19aafmyow  constant+gibbs  -> ok
[122/1728] ZTF19aafmyow  constant+changepoint  -> ok
[123/1728] ZTF19aafmyow  constant+changepoint_1  -> ok
[124/1728] ZTF19aafmyow  constant+matern32  -> ok
[125/1728] ZTF19aailcgs  constant+gibbs  -> ok
[126/1728] ZTF19aailcgs  constant+changepoint  -> ok
[127/1728] ZTF19aailcgs  constant+changepoint_1  -> ok
[128/1728] ZTF19aailcgs  constant+matern32  -> ok
[129/1728] ZTF19aailsge  constant+gibbs  -> ok
[130/1728] ZTF19aailsge  constant+changepoint  -> ok
[131/1728] ZTF19aailsge  constant+changepoint_1  -> ok
[132/1728] ZTF19aailsge  constant+matern32  -> ok
[133/1728] ZTF19aakirwj  constant+gibbs  -> ok
[134/1728] ZTF19aakirwj  constant+changepoint  -> ok
[135/1728] ZTF19aakirwj  constant+changepoint_1  -> ok
[136/1728] ZTF19aakirwj  constant+matern32  -> ok
[137/1728] ZTF19aakpcuw  constant+gibbs  -> ok
[138/1728] ZTF19aakpcuw  constant+changepoint  -> ok
[139/1728] ZTF19aakpcuw  constant+changepoint_1  -> ok
[140/1728] ZTF19aakpcuw  constant+matern32  -> ok
[141/1728] ZTF19aalfsqm  constant+gibbs  -> ok
[142/1728] ZTF19aalfsqm  constant+changepoint  -> ok
[143/1728] ZTF19aalfsqm  constant+changepoint_1  -> ok
[144/1728] ZTF19aalfsqm  constant+matern32  -> ok
[145/1728] ZTF19aalouag  constant+gibbs  -> ok
[146/1728] ZTF19aalouag  constant+changepoint  -> ok
[147/1728] ZTF19aalouag  constant+changepoint_1  -> ok
[148/1728] ZTF19aalouag  constant+matern32  -> ok
[149/1728] ZTF19aamgghn  constant+gibbs  -> ok
[150/1728] ZTF19aamgghn  constant+changepoint  -> ok
[151/1728] ZTF19aamgghn  constant+changepoint_1  -> ok
[152/1728] ZTF19aamgghn  constant+matern32  -> ok
[153/1728] ZTF19aamsetj  constant+gibbs  -> ok
[154/1728] ZTF19aamsetj  constant+changepoint  -> ok
[155/1728] ZTF19aamsetj  constant+changepoint_1  -> ok
[156/1728] ZTF19aamsetj  constant+matern32  -> ok
[157/1728] ZTF19aanesgt  constant+gibbs  -> ok
[158/1728] ZTF19aanesgt  constant+changepoint  -> ok
[159/1728] ZTF19aanesgt  constant+changepoint_1  -> ok
[160/1728] ZTF19aanesgt  constant+matern32  -> ok
[161/1728] ZTF19aanfukh  constant+gibbs  -> ok
[162/1728] ZTF19aanfukh  constant+changepoint  -> ok
[163/1728] ZTF19aanfukh  constant+changepoint_1  -> ok
[164/1728] ZTF19aanfukh  constant+matern32  -> ok
[165/1728] ZTF19aanijpu  constant+gibbs  -> ok
[166/1728] ZTF19aanijpu  constant+changepoint  -> ok
[167/1728] ZTF19aanijpu  constant+changepoint_1  -> ok
[168/1728] ZTF19aanijpu  constant+matern32  -> ok
[169/1728] ZTF19aaoxvfe  constant+gibbs  -> ok
[170/1728] ZTF19aaoxvfe  constant+changepoint  -> ok
[171/1728] ZTF19aaoxvfe  constant+changepoint_1  -> ok
[172/1728] ZTF19aaoxvfe  constant+matern32  -> ok
[173/1728] ZTF19aarfyvc  constant+gibbs  -> ok
[174/1728] ZTF19aarfyvc  constant+changepoint  -> ok
[175/1728] ZTF19aarfyvc  constant+changepoint_1  -> ok
[176/1728] ZTF19aarfyvc  constant+matern32  -> ok
[177/1728] ZTF19aarphwc  constant+gibbs  -> ok
[178/1728] ZTF19aarphwc  constant+changepoint  -> ok
[179/1728] ZTF19aarphwc  constant+changepoint_1  -> ok
[180/1728] ZTF19aarphwc  constant+matern32  -> ok
[181/1728] ZTF19aatheus  constant+gibbs  -> ok
[182/1728] ZTF19aatheus  constant+changepoint  -> ok
[183/1728] ZTF19aatheus  constant+changepoint_1  -> ok
[184/1728] ZTF19aatheus  constant+matern32  -> ok
[185/1728] ZTF19aavitlq  constant+gibbs  -> ok
[186/1728] ZTF19aavitlq  constant+changepoint  -> ok
[187/1728] ZTF19aavitlq  constant+changepoint_1  -> ok
[188/1728] ZTF19aavitlq  constant+matern32  -> ok
[189/1728] ZTF19aavouyw  constant+gibbs  -> ok
[190/1728] ZTF19aavouyw  constant+changepoint  -> ok
[191/1728] ZTF19aavouyw  constant+changepoint_1  -> ok
[192/1728] ZTF19aavouyw  constant+matern32  -> ok
[193/1728] ZTF19aavoweu  constant+gibbs  -> ok
[194/1728] ZTF19aavoweu  constant+changepoint  -> ok
[195/1728] ZTF19aavoweu  constant+changepoint_1  -> ok
[196/1728] ZTF19aavoweu  constant+matern32  -> ok
[197/1728] ZTF19aawfbtg  constant+gibbs  -> ok
[198/1728] ZTF19aawfbtg  constant+changepoint  -> ok
[199/1728] ZTF19aawfbtg  constant+changepoint_1  -> ok
[200/1728] ZTF19aawfbtg  constant+matern32  -> ok
[201/1728] ZTF19aawhzsh  constant+gibbs  -> ok
[202/1728] ZTF19aawhzsh  constant+changepoint  -> ok
[203/1728] ZTF19aawhzsh  constant+changepoint_1  -> ok
[204/1728] ZTF19aawhzsh  constant+matern32  -> ok
[205/1728] ZTF19aawqcgy  constant+gibbs  -> ok
[206/1728] ZTF19aawqcgy  constant+changepoint  -> ok
[207/1728] ZTF19aawqcgy  constant+changepoint_1  -> ok
[208/1728] ZTF19aawqcgy  constant+matern32  -> ok
[209/1728] ZTF19aawsday  constant+gibbs  -> ok
[210/1728] ZTF19aawsday  constant+changepoint  -> ok
[211/1728] ZTF19aawsday  constant+changepoint_1  -> ok
[212/1728] ZTF19aawsday  constant+matern32  -> ok
[213/1728] ZTF19aaxfcpq  constant+gibbs  -> ok
[214/1728] ZTF19aaxfcpq  constant+changepoint  -> ok
[215/1728] ZTF19aaxfcpq  constant+changepoint_1  -> ok
[216/1728] ZTF19aaxfcpq  constant+matern32  -> ok
[217/1728] ZTF19aaxzdtw  constant+gibbs  -> ok
[218/1728] ZTF19aaxzdtw  constant+changepoint  -> ok
[219/1728] ZTF19aaxzdtw  constant+changepoint_1  -> ok
[220/1728] ZTF19aaxzdtw  constant+matern32  -> ok
[221/1728] ZTF19abafmwj  constant+gibbs  -> ok
[222/1728] ZTF19abafmwj  constant+changepoint  -> ok
[223/1728] ZTF19abafmwj  constant+changepoint_1  -> ok
[224/1728] ZTF19abafmwj  constant+matern32  -> ok
[225/1728] ZTF19abauylg  constant+gibbs  -> ok
[226/1728] ZTF19abauylg  constant+changepoint  -> ok
[227/1728] ZTF19abauylg  constant+changepoint_1  -> ok
[228/1728] ZTF19abauylg  constant+matern32  -> ok
[229/1728] ZTF19abcegvm  constant+gibbs  -> ok
[230/1728] ZTF19abcegvm  constant+changepoint  -> ok
[231/1728] ZTF19abcegvm  constant+changepoint_1  -> ok
[232/1728] ZTF19abcegvm  constant+matern32  -> ok
[233/1728] ZTF19abdoior  constant+gibbs  -> ok
[234/1728] ZTF19abdoior  constant+changepoint  -> ok
[235/1728] ZTF19abdoior  constant+changepoint_1  -> ok
[236/1728] ZTF19abdoior  constant+matern32  -> ok
[237/1728] ZTF19abfiqjg  constant+gibbs  -> ok
[238/1728] ZTF19abfiqjg  constant+changepoint  -> ok
[239/1728] ZTF19abfiqjg  constant+changepoint_1  -> ok
[240/1728] ZTF19abfiqjg  constant+matern32  -> ok
[241/1728] ZTF19abfsxpw  constant+gibbs  -> ok
[242/1728] ZTF19abfsxpw  constant+changepoint  -> ok
[243/1728] ZTF19abfsxpw  constant+changepoint_1  -> ok
[244/1728] ZTF19abfsxpw  constant+matern32  -> ok
[245/1728] ZTF19abfvnns  constant+gibbs  -> ok
[246/1728] ZTF19abfvnns  constant+changepoint  -> ok
[247/1728] ZTF19abfvnns  constant+changepoint_1  -> ok
[248/1728] ZTF19abfvnns  constant+matern32  -> ok
[249/1728] ZTF19ablesob  constant+gibbs  -> ok
[250/1728] ZTF19ablesob  constant+changepoint  -> ok
[251/1728] ZTF19ablesob  constant+changepoint_1  -> ok
[252/1728] ZTF19ablesob  constant+matern32  -> ok
[253/1728] ZTF19abnacvf  constant+gibbs  -> ok
[254/1728] ZTF19abnacvf  constant+changepoint  -> ok
[255/1728] ZTF19abnacvf  constant+changepoint_1  -> ok
[256/1728] ZTF19abnacvf  constant+matern32  -> ok
[257/1728] ZTF19abpbopt  constant+gibbs  -> ok
[258/1728] ZTF19abpbopt  constant+changepoint  -> ok
[259/1728] ZTF19abpbopt  constant+changepoint_1  -> ok
[260/1728] ZTF19abpbopt  constant+matern32  -> ok
[261/1728] ZTF19abqmsbk  constant+gibbs  -> ok
[262/1728] ZTF19abqmsbk  constant+changepoint  -> ok
[263/1728] ZTF19abqmsbk  constant+changepoint_1  -> ok
[264/1728] ZTF19abqmsbk  constant+matern32  -> ok
[265/1728] ZTF19abqqrgy  constant+gibbs  -> ok
[266/1728] ZTF19abqqrgy  constant+changepoint  -> ok
[267/1728] ZTF19abqqrgy  constant+changepoint_1  -> ok
[268/1728] ZTF19abqqrgy  constant+matern32  -> ok
[269/1728] ZTF19abqshry  constant+gibbs  -> ok
[270/1728] ZTF19abqshry  constant+changepoint  -> ok
[271/1728] ZTF19abqshry  constant+changepoint_1  -> ok
[272/1728] ZTF19abqshry  constant+matern32  -> ok
[273/1728] ZTF19abqwtfu  constant+gibbs  -> ok
[274/1728] ZTF19abqwtfu  constant+changepoint  -> ok
[275/1728] ZTF19abqwtfu  constant+changepoint_1  -> ok
[276/1728] ZTF19abqwtfu  constant+matern32  -> ok
[277/1728] ZTF19abqxibq  constant+gibbs  -> ok
[278/1728] ZTF19abqxibq  constant+changepoint  -> ok
[279/1728] ZTF19abqxibq  constant+changepoint_1  -> ok
[280/1728] ZTF19abqxibq  constant+matern32  -> ok
[281/1728] ZTF19abtsnyy  constant+gibbs  -> ok
[282/1728] ZTF19abtsnyy  constant+changepoint  -> ok
[283/1728] ZTF19abtsnyy  constant+changepoint_1  -> ok
[284/1728] ZTF19abtsnyy  constant+matern32  -> ok
[285/1728] ZTF19abupned  constant+gibbs  -> ok
[286/1728] ZTF19abupned  constant+changepoint  -> ok
[287/1728] ZTF19abupned  constant+changepoint_1  -> ok
[288/1728] ZTF19abupned  constant+matern32  -> ok
[289/1728] ZTF19abvdgqo  constant+gibbs  -> ok
[290/1728] ZTF19abvdgqo  constant+changepoint  -> ok
[291/1728] ZTF19abvdgqo  constant+changepoint_1  -> ok
[292/1728] ZTF19abvdgqo  constant+matern32  -> ok
[293/1728] ZTF19abzqywg  constant+gibbs  -> ok
[294/1728] ZTF19abzqywg  constant+changepoint  -> ok
[295/1728] ZTF19abzqywg  constant+changepoint_1  -> ok
[296/1728] ZTF19abzqywg  constant+matern32  -> ok
[297/1728] ZTF19abztknu  constant+gibbs  -> ok
[298/1728] ZTF19abztknu  constant+changepoint  -> ok
[299/1728] ZTF19abztknu  constant+changepoint_1  -> ok
[300/1728] ZTF19abztknu  constant+matern32  -> ok
[301/1728] ZTF19abzwaen  constant+gibbs  -> ok
[302/1728] ZTF19abzwaen  constant+changepoint  -> ok
[303/1728] ZTF19abzwaen  constant+changepoint_1  -> ok
[304/1728] ZTF19abzwaen  constant+matern32  -> ok
[305/1728] ZTF19acbmojx  constant+gibbs  -> ok
[306/1728] ZTF19acbmojx  constant+changepoint  -> ok
[307/1728] ZTF19acbmojx  constant+changepoint_1  -> ok
[308/1728] ZTF19acbmojx  constant+matern32  -> ok
[309/1728] ZTF19acbonaa  constant+gibbs  -> ok
[310/1728] ZTF19acbonaa  constant+changepoint  -> ok
[311/1728] ZTF19acbonaa  constant+changepoint_1  -> ok
[312/1728] ZTF19acbonaa  constant+matern32  -> ok
[313/1728] ZTF19acdabep  constant+gibbs  -> ok
[314/1728] ZTF19acdabep  constant+changepoint  -> ok
[315/1728] ZTF19acdabep  constant+changepoint_1  -> ok
[316/1728] ZTF19acdabep  constant+matern32  -> ok
[317/1728] ZTF19aceqjqw  constant+gibbs  -> ok
[318/1728] ZTF19aceqjqw  constant+changepoint  -> ok
[319/1728] ZTF19aceqjqw  constant+changepoint_1  -> ok
[320/1728] ZTF19aceqjqw  constant+matern32  -> ok
[321/1728] ZTF19aceqvhl  constant+gibbs  -> ok
[322/1728] ZTF19aceqvhl  constant+changepoint  -> ok
[323/1728] ZTF19aceqvhl  constant+changepoint_1  -> ok
[324/1728] ZTF19aceqvhl  constant+matern32  -> ok
[325/1728] ZTF19acfwynw  constant+gibbs  -> ok
[326/1728] ZTF19acfwynw  constant+changepoint  -> ok
[327/1728] ZTF19acfwynw  constant+changepoint_1  -> ok
[328/1728] ZTF19acfwynw  constant+matern32  -> ok
[329/1728] ZTF19acgjosf  constant+gibbs  -> ok
[330/1728] ZTF19acgjosf  constant+changepoint  -> ok
[331/1728] ZTF19acgjosf  constant+changepoint_1  -> ok
[332/1728] ZTF19acgjosf  constant+matern32  -> ok
[333/1728] ZTF19acgjpgh  constant+gibbs  -> ok
[334/1728] ZTF19acgjpgh  constant+changepoint  -> ok
[335/1728] ZTF19acgjpgh  constant+changepoint_1  -> ok
[336/1728] ZTF19acgjpgh  constant+matern32  -> ok
[337/1728] ZTF19ackjjwf  constant+gibbs  -> ok
[338/1728] ZTF19ackjjwf  constant+changepoint  -> ok
[339/1728] ZTF19ackjjwf  constant+changepoint_1  -> ok
[340/1728] ZTF19ackjjwf  constant+matern32  -> ok
[341/1728] ZTF19ackjrru  constant+gibbs  -> ok
[342/1728] ZTF19ackjrru  constant+changepoint  -> ok
[343/1728] ZTF19ackjrru  constant+changepoint_1  -> ok
[344/1728] ZTF19ackjrru  constant+matern32  -> ok
[345/1728] ZTF19acllsbq  constant+gibbs  -> ok
[346/1728] ZTF19acllsbq  constant+changepoint  -> ok
[347/1728] ZTF19acllsbq  constant+changepoint_1  -> ok
[348/1728] ZTF19acllsbq  constant+matern32  -> ok
[349/1728] ZTF19acmelor  constant+gibbs  -> ok
[350/1728] ZTF19acmelor  constant+changepoint  -> ok
[351/1728] ZTF19acmelor  constant+changepoint_1  -> ok
[352/1728] ZTF19acmelor  constant+matern32  -> ok
[353/1728] ZTF19acxmpnz  constant+gibbs  -> ok
[354/1728] ZTF19acxmpnz  constant+changepoint  -> ok
[355/1728] ZTF19acxmpnz  constant+changepoint_1  -> ok
[356/1728] ZTF19acxmpnz  constant+matern32  -> ok
[357/1728] ZTF19acyogrm  constant+gibbs  -> ok
[358/1728] ZTF19acyogrm  constant+changepoint  -> ok
[359/1728] ZTF19acyogrm  constant+changepoint_1  -> ok
[360/1728] ZTF19acyogrm  constant+matern32  -> ok
[361/1728] ZTF19adaivcf  constant+gibbs  -> ok
[362/1728] ZTF19adaivcf  constant+changepoint  -> ok
[363/1728] ZTF19adaivcf  constant+changepoint_1  -> ok
[364/1728] ZTF19adaivcf  constant+matern32  -> ok
[365/1728] ZTF19adcfsad  constant+gibbs  -> ok
[366/1728] ZTF19adcfsad  constant+changepoint  -> ok
[367/1728] ZTF19adcfsad  constant+changepoint_1  -> ok
[368/1728] ZTF19adcfsad  constant+matern32  -> ok
[369/1728] ZTF20aadzbcf  constant+gibbs  -> ok
[370/1728] ZTF20aadzbcf  constant+changepoint  -> ok
[371/1728] ZTF20aadzbcf  constant+changepoint_1  -> ok
[372/1728] ZTF20aadzbcf  constant+matern32  -> ok
[373/1728] ZTF20aaekkuv  constant+gibbs  -> ok
[374/1728] ZTF20aaekkuv  constant+changepoint  -> ok
[375/1728] ZTF20aaekkuv  constant+changepoint_1  -> ok
[376/1728] ZTF20aaekkuv  constant+matern32  -> ok
[377/1728] ZTF20aaelulu  constant+gibbs  -> ok
[378/1728] ZTF20aaelulu  constant+changepoint  -> ok
[379/1728] ZTF20aaelulu  constant+changepoint_1  -> ok
[380/1728] ZTF20aaelulu  constant+matern32  -> ok
[381/1728] ZTF20aaertpj  constant+gibbs  -> ok
[382/1728] ZTF20aaertpj  constant+changepoint  -> ok
[383/1728] ZTF20aaertpj  constant+changepoint_1  -> ok
[384/1728] ZTF20aaertpj  constant+matern32  -> ok
[385/1728] ZTF20aaetirf  constant+gibbs  -> ok
[386/1728] ZTF20aaetirf  constant+changepoint  -> ok
[387/1728] ZTF20aaetirf  constant+changepoint_1  -> ok
[388/1728] ZTF20aaetirf  constant+matern32  -> ok
[389/1728] ZTF20aafmdzj  constant+gibbs  -> ok
[390/1728] ZTF20aafmdzj  constant+changepoint  -> ok
[391/1728] ZTF20aafmdzj  constant+changepoint_1  -> ok
[392/1728] ZTF20aafmdzj  constant+matern32  -> ok
[393/1728] ZTF20aagewqr  constant+gibbs  -> ok
[394/1728] ZTF20aagewqr  constant+changepoint  -> ok
[395/1728] ZTF20aagewqr  constant+changepoint_1  -> ok
[396/1728] ZTF20aagewqr  constant+matern32  -> ok
[397/1728] ZTF20aahbfmf  constant+gibbs  -> ok
[398/1728] ZTF20aahbfmf  constant+changepoint  -> ok
[399/1728] ZTF20aahbfmf  constant+changepoint_1  -> ok
[400/1728] ZTF20aahbfmf  constant+matern32  -> ok
    ERR ZTF20aaiahra gibbs: r machine, GPU will not be used.
WARNING: All log messages before absl::InitializeLog() is called are written to STDERR
I0000 00:00:1787878999.274941 2881521 cudart_stub.cc:31] Could not find cuda drivers on your machine, GPU will not be used.
ZTF20aaiahra: no photometry left after cuts + bands=gri

[401/1728] ZTF20aaiahra  constant+gibbs  -> error
    ERR ZTF20aaiahra changepoint: r machine, GPU will not be used.
WARNING: All log messages before absl::InitializeLog() is called are written to STDERR
I0000 00:00:1787879005.639342 2881530 cudart_stub.cc:31] Could not find cuda drivers on your machine, GPU will not be used.
ZTF20aaiahra: no photometry left after cuts + bands=gri

[402/1728] ZTF20aaiahra  constant+changepoint  -> error
    ERR ZTF20aaiahra changepoint_1: r machine, GPU will not be used.
WARNING: All log messages before absl::InitializeLog() is called are written to STDERR
I0000 00:00:1787879011.966547 2881539 cudart_stub.cc:31] Could not find cuda drivers on your machine, GPU will not be used.
ZTF20aaiahra: no photometry left after cuts + bands=gri

[403/1728] ZTF20aaiahra  constant+changepoint_1  -> error
    ERR ZTF20aaiahra matern32: r machine, GPU will not be used.
WARNING: All log messages before absl::InitializeLog() is called are written to STDERR
I0000 00:00:1787879018.258872 2881548 cudart_stub.cc:31] Could not find cuda drivers on your machine, GPU will not be used.
ZTF20aaiahra: no photometry left after cuts + bands=gri

[404/1728] ZTF20aaiahra  constant+matern32  -> error
[405/1728] ZTF20aaiftgi  constant+gibbs  -> ok
[406/1728] ZTF20aaiftgi  constant+changepoint  -> ok
[407/1728] ZTF20aaiftgi  constant+changepoint_1  -> ok
[408/1728] ZTF20aaiftgi  constant+matern32  -> ok
[409/1728] ZTF20aaifybu  constant+gibbs  -> ok
[410/1728] ZTF20aaifybu  constant+changepoint  -> ok
[411/1728] ZTF20aaifybu  constant+changepoint_1  -> ok
[412/1728] ZTF20aaifybu  constant+matern32  -> ok
[413/1728] ZTF20aaiqiti  constant+gibbs  -> ok
[414/1728] ZTF20aaiqiti  constant+changepoint  -> ok
[415/1728] ZTF20aaiqiti  constant+changepoint_1  -> ok
[416/1728] ZTF20aaiqiti  constant+matern32  -> ok
[417/1728] ZTF20aajcdad  constant+gibbs  -> ok
[418/1728] ZTF20aajcdad  constant+changepoint  -> ok
[419/1728] ZTF20aajcdad  constant+changepoint_1  -> ok
[420/1728] ZTF20aajcdad  constant+matern32  -> ok
[421/1728] ZTF20aakodyh  constant+gibbs  -> ok
[422/1728] ZTF20aakodyh  constant+changepoint  -> ok
[423/1728] ZTF20aakodyh  constant+changepoint_1  -> ok
[424/1728] ZTF20aakodyh  constant+matern32  -> ok
[425/1728] ZTF20aalcyih  constant+gibbs  -> ok
[426/1728] ZTF20aalcyih  constant+changepoint  -> ok
[427/1728] ZTF20aalcyih  constant+changepoint_1  -> ok
[428/1728] ZTF20aalcyih  constant+matern32  -> ok
[429/1728] ZTF20aalxlis  constant+gibbs  -> ok
[430/1728] ZTF20aalxlis  constant+changepoint  -> ok
[431/1728] ZTF20aalxlis  constant+changepoint_1  -> ok
[432/1728] ZTF20aalxlis  constant+matern32  -> ok
[433/1728] ZTF20aamdyln  constant+gibbs  -> ok
[434/1728] ZTF20aamdyln  constant+changepoint  -> ok
[435/1728] ZTF20aamdyln  constant+changepoint_1  -> ok
[436/1728] ZTF20aamdyln  constant+matern32  -> ok
[437/1728] ZTF20aammtwx  constant+gibbs  -> ok
[438/1728] ZTF20aammtwx  constant+changepoint  -> ok
[439/1728] ZTF20aammtwx  constant+changepoint_1  -> ok
[440/1728] ZTF20aammtwx  constant+matern32  -> ok
[441/1728] ZTF20aamqmhj  constant+gibbs  -> ok
[442/1728] ZTF20aamqmhj  constant+changepoint  -> ok
[443/1728] ZTF20aamqmhj  constant+changepoint_1  -> ok
[444/1728] ZTF20aamqmhj  constant+matern32  -> ok
    ERR ZTF20aanvmdt gibbs: r machine, GPU will not be used.
WARNING: All log messages before absl::InitializeLog() is called are written to STDERR
I0000 00:00:1787879422.975705 2882311 cudart_stub.cc:31] Could not find cuda drivers on your machine, GPU will not be used.
ZTF20aanvmdt: no photometry left after cuts + bands=gri

[445/1728] ZTF20aanvmdt  constant+gibbs  -> error
    ERR ZTF20aanvmdt changepoint: r machine, GPU will not be used.
WARNING: All log messages before absl::InitializeLog() is called are written to STDERR
I0000 00:00:1787879429.201811 2882320 cudart_stub.cc:31] Could not find cuda drivers on your machine, GPU will not be used.
ZTF20aanvmdt: no photometry left after cuts + bands=gri

[446/1728] ZTF20aanvmdt  constant+changepoint  -> error
    ERR ZTF20aanvmdt changepoint_1: r machine, GPU will not be used.
WARNING: All log messages before absl::InitializeLog() is called are written to STDERR
I0000 00:00:1787879435.822265 2882329 cudart_stub.cc:31] Could not find cuda drivers on your machine, GPU will not be used.
ZTF20aanvmdt: no photometry left after cuts + bands=gri

[447/1728] ZTF20aanvmdt  constant+changepoint_1  -> error
    ERR ZTF20aanvmdt matern32: r machine, GPU will not be used.
WARNING: All log messages before absl::InitializeLog() is called are written to STDERR
I0000 00:00:1787879442.498739 2882338 cudart_stub.cc:31] Could not find cuda drivers on your machine, GPU will not be used.
ZTF20aanvmdt: no photometry left after cuts + bands=gri

[448/1728] ZTF20aanvmdt  constant+matern32  -> error
[449/1728] ZTF20aaoflta  constant+gibbs  -> ok
[450/1728] ZTF20aaoflta  constant+changepoint  -> ok
[451/1728] ZTF20aaoflta  constant+changepoint_1  -> ok
[452/1728] ZTF20aaoflta  constant+matern32  -> ok
[453/1728] ZTF20aapcbmc  constant+gibbs  -> ok
[454/1728] ZTF20aapcbmc  constant+changepoint  -> ok
[455/1728] ZTF20aapcbmc  constant+changepoint_1  -> ok
[456/1728] ZTF20aapcbmc  constant+matern32  -> ok
[457/1728] ZTF20aattyuz  constant+gibbs  -> ok
[458/1728] ZTF20aattyuz  constant+changepoint  -> ok
[459/1728] ZTF20aattyuz  constant+changepoint_1  -> ok
[460/1728] ZTF20aattyuz  constant+matern32  -> ok
[461/1728] ZTF20aaurexl  constant+gibbs  -> ok
[462/1728] ZTF20aaurexl  constant+changepoint  -> ok
[463/1728] ZTF20aaurexl  constant+changepoint_1  -> ok
[464/1728] ZTF20aaurexl  constant+matern32  -> ok
[465/1728] ZTF20aaurfnl  constant+gibbs  -> ok
[466/1728] ZTF20aaurfnl  constant+changepoint  -> ok
[467/1728] ZTF20aaurfnl  constant+changepoint_1  -> ok
[468/1728] ZTF20aaurfnl  constant+matern32  -> ok
[469/1728] ZTF20aavcvrm  constant+gibbs  -> ok
[470/1728] ZTF20aavcvrm  constant+changepoint  -> ok
[471/1728] ZTF20aavcvrm  constant+changepoint_1  -> ok
[472/1728] ZTF20aavcvrm  constant+matern32  -> ok
[473/1728] ZTF20aavgcnu  constant+gibbs  -> ok
[474/1728] ZTF20aavgcnu  constant+changepoint  -> ok
[475/1728] ZTF20aavgcnu  constant+changepoint_1  -> ok
[476/1728] ZTF20aavgcnu  constant+matern32  -> ok
[477/1728] ZTF20aavhyel  constant+gibbs  -> ok
[478/1728] ZTF20aavhyel  constant+changepoint  -> ok
[479/1728] ZTF20aavhyel  constant+changepoint_1  -> ok
[480/1728] ZTF20aavhyel  constant+matern32  -> ok
[481/1728] ZTF20aavzffg  constant+gibbs  -> ok
[482/1728] ZTF20aavzffg  constant+changepoint  -> ok
[483/1728] ZTF20aavzffg  constant+changepoint_1  -> ok
[484/1728] ZTF20aavzffg  constant+matern32  -> ok
[485/1728] ZTF20aaxvzja  constant+gibbs  -> ok
[486/1728] ZTF20aaxvzja  constant+changepoint  -> ok
[487/1728] ZTF20aaxvzja  constant+changepoint_1  -> ok
[488/1728] ZTF20aaxvzja  constant+matern32  -> ok
[489/1728] ZTF20aazkjfv  constant+gibbs  -> ok
[490/1728] ZTF20aazkjfv  constant+changepoint  -> ok
[491/1728] ZTF20aazkjfv  constant+changepoint_1  -> ok
[492/1728] ZTF20aazkjfv  constant+matern32  -> ok
[493/1728] ZTF20aazpyhy  constant+gibbs  -> ok
[494/1728] ZTF20aazpyhy  constant+changepoint  -> ok
[495/1728] ZTF20aazpyhy  constant+changepoint_1  -> ok
[496/1728] ZTF20aazpyhy  constant+matern32  -> ok
[497/1728] ZTF20abaszgh  constant+gibbs  -> ok
[498/1728] ZTF20abaszgh  constant+changepoint  -> ok
[499/1728] ZTF20abaszgh  constant+changepoint_1  -> ok
[500/1728] ZTF20abaszgh  constant+matern32  -> ok
[501/1728] ZTF20abbpkng  constant+gibbs  -> ok
[502/1728] ZTF20abbpkng  constant+changepoint  -> ok
[503/1728] ZTF20abbpkng  constant+changepoint_1  -> ok
[504/1728] ZTF20abbpkng  constant+matern32  -> ok
[505/1728] ZTF20abbplei  constant+gibbs  -> ok
[506/1728] ZTF20abbplei  constant+changepoint  -> ok
[507/1728] ZTF20abbplei  constant+changepoint_1  -> ok
[508/1728] ZTF20abbplei  constant+matern32  -> ok
[509/1728] ZTF20abcjdwu  constant+gibbs  -> ok
[510/1728] ZTF20abcjdwu  constant+changepoint  -> ok
[511/1728] ZTF20abcjdwu  constant+changepoint_1  -> ok
[512/1728] ZTF20abcjdwu  constant+matern32  -> ok
    ERR ZTF20abdnpdo gibbs: r machine, GPU will not be used.
WARNING: All log messages before absl::InitializeLog() is called are written to STDERR
I0000 00:00:1787880063.591993 2884520 cudart_stub.cc:31] Could not find cuda drivers on your machine, GPU will not be used.
ZTF20abdnpdo: no photometry left after cuts + bands=gri

[513/1728] ZTF20abdnpdo  constant+gibbs  -> error
    ERR ZTF20abdnpdo changepoint: r machine, GPU will not be used.
WARNING: All log messages before absl::InitializeLog() is called are written to STDERR
I0000 00:00:1787880069.865077 2884529 cudart_stub.cc:31] Could not find cuda drivers on your machine, GPU will not be used.
ZTF20abdnpdo: no photometry left after cuts + bands=gri

[514/1728] ZTF20abdnpdo  constant+changepoint  -> error
    ERR ZTF20abdnpdo changepoint_1: r machine, GPU will not be used.
WARNING: All log messages before absl::InitializeLog() is called are written to STDERR
I0000 00:00:1787880076.440225 2884538 cudart_stub.cc:31] Could not find cuda drivers on your machine, GPU will not be used.
ZTF20abdnpdo: no photometry left after cuts + bands=gri

[515/1728] ZTF20abdnpdo  constant+changepoint_1  -> error
    ERR ZTF20abdnpdo matern32: r machine, GPU will not be used.
WARNING: All log messages before absl::InitializeLog() is called are written to STDERR
I0000 00:00:1787880083.270243 2884547 cudart_stub.cc:31] Could not find cuda drivers on your machine, GPU will not be used.
ZTF20abdnpdo: no photometry left after cuts + bands=gri

[516/1728] ZTF20abdnpdo  constant+matern32  -> error
[517/1728] ZTF20abefbpl  constant+gibbs  -> ok
[518/1728] ZTF20abefbpl  constant+changepoint  -> ok
[519/1728] ZTF20abefbpl  constant+changepoint_1  -> ok
[520/1728] ZTF20abefbpl  constant+matern32  -> ok
[521/1728] ZTF20abhlncz  constant+gibbs  -> ok
[522/1728] ZTF20abhlncz  constant+changepoint  -> ok
[523/1728] ZTF20abhlncz  constant+changepoint_1  -> ok
[524/1728] ZTF20abhlncz  constant+matern32  -> ok
[525/1728] ZTF20abjpvce  constant+gibbs  -> ok
[526/1728] ZTF20abjpvce  constant+changepoint  -> ok
[527/1728] ZTF20abjpvce  constant+changepoint_1  -> ok
[528/1728] ZTF20abjpvce  constant+matern32  -> ok
[529/1728] ZTF20abkiarz  constant+gibbs  -> ok
[530/1728] ZTF20abkiarz  constant+changepoint  -> ok
[531/1728] ZTF20abkiarz  constant+changepoint_1  -> ok
[532/1728] ZTF20abkiarz  constant+matern32  -> ok
[533/1728] ZTF20abobpcb  constant+gibbs  -> ok
[534/1728] ZTF20abobpcb  constant+changepoint  -> ok
[535/1728] ZTF20abobpcb  constant+changepoint_1  -> ok
[536/1728] ZTF20abobpcb  constant+matern32  -> ok
[537/1728] ZTF20aborzxc  constant+gibbs  -> ok
[538/1728] ZTF20aborzxc  constant+changepoint  -> ok
[539/1728] ZTF20aborzxc  constant+changepoint_1  -> ok
[540/1728] ZTF20aborzxc  constant+matern32  -> ok
[541/1728] ZTF20abpuwxl  constant+gibbs  -> ok
[542/1728] ZTF20abpuwxl  constant+changepoint  -> ok
[543/1728] ZTF20abpuwxl  constant+changepoint_1  -> ok
[544/1728] ZTF20abpuwxl  constant+matern32  -> ok
[545/1728] ZTF20abqdkne  constant+gibbs  -> ok
[546/1728] ZTF20abqdkne  constant+changepoint  -> ok
[547/1728] ZTF20abqdkne  constant+changepoint_1  -> ok
[548/1728] ZTF20abqdkne  constant+matern32  -> ok
[549/1728] ZTF20abrcnbr  constant+gibbs  -> ok
[550/1728] ZTF20abrcnbr  constant+changepoint  -> ok
[551/1728] ZTF20abrcnbr  constant+changepoint_1  -> ok
[552/1728] ZTF20abrcnbr  constant+matern32  -> ok
[553/1728] ZTF20abrmmah  constant+gibbs  -> ok
[554/1728] ZTF20abrmmah  constant+changepoint  -> ok
[555/1728] ZTF20abrmmah  constant+changepoint_1  -> ok
[556/1728] ZTF20abrmmah  constant+matern32  -> ok
[557/1728] ZTF20abswdbg  constant+gibbs  -> ok
[558/1728] ZTF20abswdbg  constant+changepoint  -> ok
[559/1728] ZTF20abswdbg  constant+changepoint_1  -> ok
[560/1728] ZTF20abswdbg  constant+matern32  -> ok
[561/1728] ZTF20abtkjfw  constant+gibbs  -> ok
[562/1728] ZTF20abtkjfw  constant+changepoint  -> ok
[563/1728] ZTF20abtkjfw  constant+changepoint_1  -> ok
[564/1728] ZTF20abtkjfw  constant+matern32  -> ok
[565/1728] ZTF20abusrwm  constant+gibbs  -> ok
[566/1728] ZTF20abusrwm  constant+changepoint  -> ok
[567/1728] ZTF20abusrwm  constant+changepoint_1  -> ok
[568/1728] ZTF20abusrwm  constant+matern32  -> ok
[569/1728] ZTF20abvquuo  constant+gibbs  -> ok
[570/1728] ZTF20abvquuo  constant+changepoint  -> ok
[571/1728] ZTF20abvquuo  constant+changepoint_1  -> ok
[572/1728] ZTF20abvquuo  constant+matern32  -> ok
[573/1728] ZTF20abvvnqh  constant+gibbs  -> ok
[574/1728] ZTF20abvvnqh  constant+changepoint  -> ok
[575/1728] ZTF20abvvnqh  constant+changepoint_1  -> ok
[576/1728] ZTF20abvvnqh  constant+matern32  -> ok
[577/1728] ZTF20abwxywy  constant+gibbs  -> ok
[578/1728] ZTF20abwxywy  constant+changepoint  -> ok
[579/1728] ZTF20abwxywy  constant+changepoint_1  -> ok
[580/1728] ZTF20abwxywy  constant+matern32  -> ok
[581/1728] ZTF20abxpoxd  constant+gibbs  -> ok
[582/1728] ZTF20abxpoxd  constant+changepoint  -> ok
[583/1728] ZTF20abxpoxd  constant+changepoint_1  -> ok
[584/1728] ZTF20abxpoxd  constant+matern32  -> ok
    ERR ZTF20abysxbk gibbs: r machine, GPU will not be used.
WARNING: All log messages before absl::InitializeLog() is called are written to STDERR
I0000 00:00:1787880931.928226 2886918 cudart_stub.cc:31] Could not find cuda drivers on your machine, GPU will not be used.
ZTF20abysxbk: no photometry left after cuts + bands=gri

[585/1728] ZTF20abysxbk  constant+gibbs  -> error
    ERR ZTF20abysxbk changepoint: r machine, GPU will not be used.
WARNING: All log messages before absl::InitializeLog() is called are written to STDERR
I0000 00:00:1787880938.196756 2886927 cudart_stub.cc:31] Could not find cuda drivers on your machine, GPU will not be used.
ZTF20abysxbk: no photometry left after cuts + bands=gri

[586/1728] ZTF20abysxbk  constant+changepoint  -> error
    ERR ZTF20abysxbk changepoint_1: r machine, GPU will not be used.
WARNING: All log messages before absl::InitializeLog() is called are written to STDERR
I0000 00:00:1787880944.387386 2886936 cudart_stub.cc:31] Could not find cuda drivers on your machine, GPU will not be used.
ZTF20abysxbk: no photometry left after cuts + bands=gri

[587/1728] ZTF20abysxbk  constant+changepoint_1  -> error
    ERR ZTF20abysxbk matern32: r machine, GPU will not be used.
WARNING: All log messages before absl::InitializeLog() is called are written to STDERR
I0000 00:00:1787880950.963788 2886945 cudart_stub.cc:31] Could not find cuda drivers on your machine, GPU will not be used.
ZTF20abysxbk: no photometry left after cuts + bands=gri

[588/1728] ZTF20abysxbk  constant+matern32  -> error
[589/1728] ZTF20abywsut  constant+gibbs  -> ok
[590/1728] ZTF20abywsut  constant+changepoint  -> ok
[591/1728] ZTF20abywsut  constant+changepoint_1  -> ok
[592/1728] ZTF20abywsut  constant+matern32  -> ok
[593/1728] ZTF20abzjcdg  constant+gibbs  -> ok
[594/1728] ZTF20abzjcdg  constant+changepoint  -> ok
[595/1728] ZTF20abzjcdg  constant+changepoint_1  -> ok
[596/1728] ZTF20abzjcdg  constant+matern32  -> ok
[597/1728] ZTF20abzoeiw  constant+gibbs  -> ok
[598/1728] ZTF20abzoeiw  constant+changepoint  -> ok
[599/1728] ZTF20abzoeiw  constant+changepoint_1  -> ok
[600/1728] ZTF20abzoeiw  constant+matern32  -> ok
[601/1728] ZTF20accbsxa  constant+gibbs  -> ok
[602/1728] ZTF20accbsxa  constant+changepoint  -> ok
[603/1728] ZTF20accbsxa  constant+changepoint_1  -> ok
[604/1728] ZTF20accbsxa  constant+matern32  -> ok
[605/1728] ZTF20acfqngt  constant+gibbs  -> ok
[606/1728] ZTF20acfqngt  constant+changepoint  -> ok
[607/1728] ZTF20acfqngt  constant+changepoint_1  -> ok
[608/1728] ZTF20acfqngt  constant+matern32  -> ok
[609/1728] ZTF20achvlbs  constant+gibbs  -> ok
[610/1728] ZTF20achvlbs  constant+changepoint  -> ok
[611/1728] ZTF20achvlbs  constant+changepoint_1  -> ok
[612/1728] ZTF20achvlbs  constant+matern32  -> ok
[613/1728] ZTF20acjbzrh  constant+gibbs  -> ok
[614/1728] ZTF20acjbzrh  constant+changepoint  -> ok
[615/1728] ZTF20acjbzrh  constant+changepoint_1  -> ok
[616/1728] ZTF20acjbzrh  constant+matern32  -> ok
[617/1728] ZTF20aclnplo  constant+gibbs  -> ok
[618/1728] ZTF20aclnplo  constant+changepoint  -> ok
[619/1728] ZTF20aclnplo  constant+changepoint_1  -> ok
[620/1728] ZTF20aclnplo  constant+matern32  -> ok
[621/1728] ZTF20acphdcg  constant+gibbs  -> ok
[622/1728] ZTF20acphdcg  constant+changepoint  -> ok
[623/1728] ZTF20acphdcg  constant+changepoint_1  -> ok
[624/1728] ZTF20acphdcg  constant+matern32  -> ok
[625/1728] ZTF20acpjqxp  constant+gibbs  -> ok
[626/1728] ZTF20acpjqxp  constant+changepoint  -> ok
[627/1728] ZTF20acpjqxp  constant+changepoint_1  -> ok
[628/1728] ZTF20acpjqxp  constant+matern32  -> ok
[629/1728] ZTF20acpyldh  constant+gibbs  -> ok
[630/1728] ZTF20acpyldh  constant+changepoint  -> ok
[631/1728] ZTF20acpyldh  constant+changepoint_1  -> ok
[632/1728] ZTF20acpyldh  constant+matern32  -> ok
[633/1728] ZTF20acpzaoa  constant+gibbs  -> ok
[634/1728] ZTF20acpzaoa  constant+changepoint  -> ok
[635/1728] ZTF20acpzaoa  constant+changepoint_1  -> ok
[636/1728] ZTF20acpzaoa  constant+matern32  -> ok
[637/1728] ZTF20actekrw  constant+gibbs  -> ok
[638/1728] ZTF20actekrw  constant+changepoint  -> ok
[639/1728] ZTF20actekrw  constant+changepoint_1  -> ok
[640/1728] ZTF20actekrw  constant+matern32  -> ok
[641/1728] ZTF20actpqgc  constant+gibbs  -> ok
[642/1728] ZTF20actpqgc  constant+changepoint  -> ok
[643/1728] ZTF20actpqgc  constant+changepoint_1  -> ok
[644/1728] ZTF20actpqgc  constant+matern32  -> ok
[645/1728] ZTF20acueziy  constant+gibbs  -> ok
[646/1728] ZTF20acueziy  constant+changepoint  -> ok
[647/1728] ZTF20acueziy  constant+changepoint_1  -> ok
[648/1728] ZTF20acueziy  constant+matern32  -> ok
[649/1728] ZTF20acvcxkz  constant+gibbs  -> ok
[650/1728] ZTF20acvcxkz  constant+changepoint  -> ok
[651/1728] ZTF20acvcxkz  constant+changepoint_1  -> ok
[652/1728] ZTF20acvcxkz  constant+matern32  -> ok
[653/1728] ZTF20acvebcu  constant+gibbs  -> ok
[654/1728] ZTF20acvebcu  constant+changepoint  -> ok
[655/1728] ZTF20acvebcu  constant+changepoint_1  -> ok
[656/1728] ZTF20acvebcu  constant+matern32  -> ok
[657/1728] ZTF20acvmzfv  constant+gibbs  -> ok
[658/1728] ZTF20acvmzfv  constant+changepoint  -> ok
[659/1728] ZTF20acvmzfv  constant+changepoint_1  -> ok
[660/1728] ZTF20acvmzfv  constant+matern32  -> ok
[661/1728] ZTF20acwofhd  constant+gibbs  -> ok
[662/1728] ZTF20acwofhd  constant+changepoint  -> ok
[663/1728] ZTF20acwofhd  constant+changepoint_1  -> ok
[664/1728] ZTF20acwofhd  constant+matern32  -> ok
[665/1728] ZTF20acxqxyw  constant+gibbs  -> ok
[666/1728] ZTF20acxqxyw  constant+changepoint  -> ok
[667/1728] ZTF20acxqxyw  constant+changepoint_1  -> ok
[668/1728] ZTF20acxqxyw  constant+matern32  -> ok
[669/1728] ZTF20adadrhw  constant+gibbs  -> ok
[670/1728] ZTF20adadrhw  constant+changepoint  -> ok
[671/1728] ZTF20adadrhw  constant+changepoint_1  -> ok
[672/1728] ZTF20adadrhw  constant+matern32  -> ok
[673/1728] ZTF21aaaosoq  constant+gibbs  -> ok
[674/1728] ZTF21aaaosoq  constant+changepoint  -> ok
[675/1728] ZTF21aaaosoq  constant+changepoint_1  -> ok
[676/1728] ZTF21aaaosoq  constant+matern32  -> ok
[677/1728] ZTF21aaarmti  constant+gibbs  -> ok
[678/1728] ZTF21aaarmti  constant+changepoint  -> ok
[679/1728] ZTF21aaarmti  constant+changepoint_1  -> ok
[680/1728] ZTF21aaarmti  constant+matern32  -> ok
[681/1728] ZTF21aaaubig  constant+gibbs  -> ok
[682/1728] ZTF21aaaubig  constant+changepoint  -> ok
[683/1728] ZTF21aaaubig  constant+changepoint_1  -> ok
[684/1728] ZTF21aaaubig  constant+matern32  -> ok
[685/1728] ZTF21aacufip  constant+gibbs  -> ok
[686/1728] ZTF21aacufip  constant+changepoint  -> ok
[687/1728] ZTF21aacufip  constant+changepoint_1  -> ok
[688/1728] ZTF21aacufip  constant+matern32  -> ok
[689/1728] ZTF21aagpymw  constant+gibbs  -> ok
[690/1728] ZTF21aagpymw  constant+changepoint  -> ok
[691/1728] ZTF21aagpymw  constant+changepoint_1  -> ok
[692/1728] ZTF21aagpymw  constant+matern32  -> ok
[693/1728] ZTF21aagtpro  constant+gibbs  -> ok
[694/1728] ZTF21aagtpro  constant+changepoint  -> ok
[695/1728] ZTF21aagtpro  constant+changepoint_1  -> ok
[696/1728] ZTF21aagtpro  constant+matern32  -> ok
[697/1728] ZTF21aahdqrg  constant+gibbs  -> ok
[698/1728] ZTF21aahdqrg  constant+changepoint  -> ok
[699/1728] ZTF21aahdqrg  constant+changepoint_1  -> ok
[700/1728] ZTF21aahdqrg  constant+matern32  -> ok
[701/1728] ZTF21aalhgqi  constant+gibbs  -> ok
[702/1728] ZTF21aalhgqi  constant+changepoint  -> ok
[703/1728] ZTF21aalhgqi  constant+changepoint_1  -> ok
[704/1728] ZTF21aalhgqi  constant+matern32  -> ok
[705/1728] ZTF21aalhtgv  constant+gibbs  -> ok
[706/1728] ZTF21aalhtgv  constant+changepoint  -> ok
[707/1728] ZTF21aalhtgv  constant+changepoint_1  -> ok
[708/1728] ZTF21aalhtgv  constant+matern32  -> ok
[709/1728] ZTF21aannoix  constant+gibbs  -> ok
[710/1728] ZTF21aannoix  constant+changepoint  -> ok
[711/1728] ZTF21aannoix  constant+changepoint_1  -> ok
[712/1728] ZTF21aannoix  constant+matern32  -> ok
[713/1728] ZTF21aanvncv  constant+gibbs  -> ok
[714/1728] ZTF21aanvncv  constant+changepoint  -> ok
[715/1728] ZTF21aanvncv  constant+changepoint_1  -> ok
[716/1728] ZTF21aanvncv  constant+matern32  -> ok
[717/1728] ZTF21aaocrlm  constant+gibbs  -> ok
[718/1728] ZTF21aaocrlm  constant+changepoint  -> ok
[719/1728] ZTF21aaocrlm  constant+changepoint_1  -> ok
[720/1728] ZTF21aaocrlm  constant+matern32  -> ok
[721/1728] ZTF21aapecxb  constant+gibbs  -> ok
[722/1728] ZTF21aapecxb  constant+changepoint  -> ok
[723/1728] ZTF21aapecxb  constant+changepoint_1  -> ok
[724/1728] ZTF21aapecxb  constant+matern32  -> ok
[725/1728] ZTF21aaqhhfu  constant+gibbs  -> ok
[726/1728] ZTF21aaqhhfu  constant+changepoint  -> ok
[727/1728] ZTF21aaqhhfu  constant+changepoint_1  -> ok
[728/1728] ZTF21aaqhhfu  constant+matern32  -> ok
[729/1728] ZTF21aaqldsk  constant+gibbs  -> ok
[730/1728] ZTF21aaqldsk  constant+changepoint  -> ok
[731/1728] ZTF21aaqldsk  constant+changepoint_1  -> ok
[732/1728] ZTF21aaqldsk  constant+matern32  -> ok
[733/1728] ZTF21aaqwfqe  constant+gibbs  -> ok
[734/1728] ZTF21aaqwfqe  constant+changepoint  -> ok
[735/1728] ZTF21aaqwfqe  constant+changepoint_1  -> ok
[736/1728] ZTF21aaqwfqe  constant+matern32  -> ok
[737/1728] ZTF21aarmuxl  constant+gibbs  -> ok
[738/1728] ZTF21aarmuxl  constant+changepoint  -> ok
[739/1728] ZTF21aarmuxl  constant+changepoint_1  -> ok
[740/1728] ZTF21aarmuxl  constant+matern32  -> ok
[741/1728] ZTF21aarnjyd  constant+gibbs  -> ok
[742/1728] ZTF21aarnjyd  constant+changepoint  -> ok
[743/1728] ZTF21aarnjyd  constant+changepoint_1  -> ok
[744/1728] ZTF21aarnjyd  constant+matern32  -> ok
[745/1728] ZTF21aartgiv  constant+gibbs  -> ok
[746/1728] ZTF21aartgiv  constant+changepoint  -> ok
[747/1728] ZTF21aartgiv  constant+changepoint_1  -> ok
[748/1728] ZTF21aartgiv  constant+matern32  -> ok
[749/1728] ZTF21aaufwyh  constant+gibbs  -> ok
[750/1728] ZTF21aaufwyh  constant+changepoint  -> ok
[751/1728] ZTF21aaufwyh  constant+changepoint_1  -> ok
[752/1728] ZTF21aaufwyh  constant+matern32  -> ok
[753/1728] ZTF21aavdqgf  constant+gibbs  -> ok
[754/1728] ZTF21aavdqgf  constant+changepoint  -> ok
[755/1728] ZTF21aavdqgf  constant+changepoint_1  -> ok
[756/1728] ZTF21aavdqgf  constant+matern32  -> ok
[757/1728] ZTF21aawogdl  constant+gibbs  -> ok
[758/1728] ZTF21aawogdl  constant+changepoint  -> ok
[759/1728] ZTF21aawogdl  constant+changepoint_1  -> ok
[760/1728] ZTF21aawogdl  constant+matern32  -> ok
[761/1728] ZTF21aaxtctv  constant+gibbs  -> ok
[762/1728] ZTF21aaxtctv  constant+changepoint  -> ok
[763/1728] ZTF21aaxtctv  constant+changepoint_1  -> ok
[764/1728] ZTF21aaxtctv  constant+matern32  -> ok
[765/1728] ZTF21aaxxihx  constant+gibbs  -> ok
[766/1728] ZTF21aaxxihx  constant+changepoint  -> ok
[767/1728] ZTF21aaxxihx  constant+changepoint_1  -> ok
[768/1728] ZTF21aaxxihx  constant+matern32  -> ok
[769/1728] ZTF21aayqrgx  constant+gibbs  -> ok
[770/1728] ZTF21aayqrgx  constant+changepoint  -> ok
[771/1728] ZTF21aayqrgx  constant+changepoint_1  -> ok
[772/1728] ZTF21aayqrgx  constant+matern32  -> ok
[773/1728] ZTF21abahiow  constant+gibbs  -> ok
[774/1728] ZTF21abahiow  constant+changepoint  -> ok
[775/1728] ZTF21abahiow  constant+changepoint_1  -> ok
[776/1728] ZTF21abahiow  constant+matern32  -> ok
[777/1728] ZTF21abbqeea  constant+gibbs  -> ok
[778/1728] ZTF21abbqeea  constant+changepoint  -> ok
[779/1728] ZTF21abbqeea  constant+changepoint_1  -> ok
[780/1728] ZTF21abbqeea  constant+matern32  -> ok
[781/1728] ZTF21abccaue  constant+gibbs  -> ok
[782/1728] ZTF21abccaue  constant+changepoint  -> ok
[783/1728] ZTF21abccaue  constant+changepoint_1  -> ok
[784/1728] ZTF21abccaue  constant+matern32  -> ok
[785/1728] ZTF21abcgaln  constant+gibbs  -> ok
[786/1728] ZTF21abcgaln  constant+changepoint  -> ok
[787/1728] ZTF21abcgaln  constant+changepoint_1  -> ok
[788/1728] ZTF21abcgaln  constant+matern32  -> ok
[789/1728] ZTF21abcgnql  constant+gibbs  -> ok
[790/1728] ZTF21abcgnql  constant+changepoint  -> ok
[791/1728] ZTF21abcgnql  constant+changepoint_1  -> ok
[792/1728] ZTF21abcgnql  constant+matern32  -> ok
[793/1728] ZTF21abchjer  constant+gibbs  -> ok
[794/1728] ZTF21abchjer  constant+changepoint  -> ok
[795/1728] ZTF21abchjer  constant+changepoint_1  -> ok
[796/1728] ZTF21abchjer  constant+matern32  -> ok
[797/1728] ZTF21abcpsjy  constant+gibbs  -> ok
[798/1728] ZTF21abcpsjy  constant+changepoint  -> ok
[799/1728] ZTF21abcpsjy  constant+changepoint_1  -> ok
[800/1728] ZTF21abcpsjy  constant+matern32  -> ok
[801/1728] ZTF21abdkojo  constant+gibbs  -> ok
[802/1728] ZTF21abdkojo  constant+changepoint  -> ok
[803/1728] ZTF21abdkojo  constant+changepoint_1  -> ok
[804/1728] ZTF21abdkojo  constant+matern32  -> ok
[805/1728] ZTF21abdxhgv  constant+gibbs  -> ok
[806/1728] ZTF21abdxhgv  constant+changepoint  -> ok
[807/1728] ZTF21abdxhgv  constant+changepoint_1  -> ok
[808/1728] ZTF21abdxhgv  constant+matern32  -> ok
[809/1728] ZTF21abieuta  constant+gibbs  -> ok
[810/1728] ZTF21abieuta  constant+changepoint  -> ok
[811/1728] ZTF21abieuta  constant+changepoint_1  -> ok
[812/1728] ZTF21abieuta  constant+matern32  -> ok
[813/1728] ZTF21abimeun  constant+gibbs  -> ok
[814/1728] ZTF21abimeun  constant+changepoint  -> ok
[815/1728] ZTF21abimeun  constant+changepoint_1  -> ok
[816/1728] ZTF21abimeun  constant+matern32  -> ok
[817/1728] ZTF21abimnii  constant+gibbs  -> ok
[818/1728] ZTF21abimnii  constant+changepoint  -> ok
[819/1728] ZTF21abimnii  constant+changepoint_1  -> ok
[820/1728] ZTF21abimnii  constant+matern32  -> ok
[821/1728] ZTF21abklcjq  constant+gibbs  -> ok
[822/1728] ZTF21abklcjq  constant+changepoint  -> ok
[823/1728] ZTF21abklcjq  constant+changepoint_1  -> ok
[824/1728] ZTF21abklcjq  constant+matern32  -> ok
[825/1728] ZTF21abmjgwf  constant+gibbs  -> ok
[826/1728] ZTF21abmjgwf  constant+changepoint  -> ok
[827/1728] ZTF21abmjgwf  constant+changepoint_1  -> ok
[828/1728] ZTF21abmjgwf  constant+matern32  -> ok
[829/1728] ZTF21abmlldj  constant+gibbs  -> ok
[830/1728] ZTF21abmlldj  constant+changepoint  -> ok
[831/1728] ZTF21abmlldj  constant+changepoint_1  -> ok
[832/1728] ZTF21abmlldj  constant+matern32  -> ok
[833/1728] ZTF21abmxiuf  constant+gibbs  -> ok
[834/1728] ZTF21abmxiuf  constant+changepoint  -> ok
[835/1728] ZTF21abmxiuf  constant+changepoint_1  -> ok
[836/1728] ZTF21abmxiuf  constant+matern32  -> ok
[837/1728] ZTF21abngbrl  constant+gibbs  -> ok
[838/1728] ZTF21abngbrl  constant+changepoint  -> ok
[839/1728] ZTF21abngbrl  constant+changepoint_1  -> ok
[840/1728] ZTF21abngbrl  constant+matern32  -> ok
[841/1728] ZTF21abplhpw  constant+gibbs  -> ok
[842/1728] ZTF21abplhpw  constant+changepoint  -> ok
[843/1728] ZTF21abplhpw  constant+changepoint_1  -> ok
[844/1728] ZTF21abplhpw  constant+matern32  -> ok
[845/1728] ZTF21abpwtde  constant+gibbs  -> ok
[846/1728] ZTF21abpwtde  constant+changepoint  -> ok
[847/1728] ZTF21abpwtde  constant+changepoint_1  -> ok
[848/1728] ZTF21abpwtde  constant+matern32  -> ok
[849/1728] ZTF21abraccv  constant+gibbs  -> ok
[850/1728] ZTF21abraccv  constant+changepoint  -> ok
[851/1728] ZTF21abraccv  constant+changepoint_1  -> ok
[852/1728] ZTF21abraccv  constant+matern32  -> ok
[853/1728] ZTF21abrqria  constant+gibbs  -> ok
[854/1728] ZTF21abrqria  constant+changepoint  -> ok
[855/1728] ZTF21abrqria  constant+changepoint_1  -> ok
[856/1728] ZTF21abrqria  constant+matern32  -> ok
[857/1728] ZTF21abrqrsz  constant+gibbs  -> ok
[858/1728] ZTF21abrqrsz  constant+changepoint  -> ok
[859/1728] ZTF21abrqrsz  constant+changepoint_1  -> ok
[860/1728] ZTF21abrqrsz  constant+matern32  -> ok
[861/1728] ZTF21absyjff  constant+gibbs  -> ok
[862/1728] ZTF21absyjff  constant+changepoint  -> ok
[863/1728] ZTF21absyjff  constant+changepoint_1  -> ok
[864/1728] ZTF21absyjff  constant+matern32  -> ok
[865/1728] ZTF21abvcugy  constant+gibbs  -> ok
[866/1728] ZTF21abvcugy  constant+changepoint  -> ok
[867/1728] ZTF21abvcugy  constant+changepoint_1  -> ok
[868/1728] ZTF21abvcugy  constant+matern32  -> ok
[869/1728] ZTF21abvcuhk  constant+gibbs  -> ok
[870/1728] ZTF21abvcuhk  constant+changepoint  -> ok
[871/1728] ZTF21abvcuhk  constant+changepoint_1  -> ok
[872/1728] ZTF21abvcuhk  constant+matern32  -> ok
[873/1728] ZTF21acbnfos  constant+gibbs  -> ok
[874/1728] ZTF21acbnfos  constant+changepoint  -> ok
[875/1728] ZTF21acbnfos  constant+changepoint_1  -> ok
[876/1728] ZTF21acbnfos  constant+matern32  -> ok
[877/1728] ZTF21accwovq  constant+gibbs  -> ok
[878/1728] ZTF21accwovq  constant+changepoint  -> ok
[879/1728] ZTF21accwovq  constant+changepoint_1  -> ok
[880/1728] ZTF21accwovq  constant+matern32  -> ok
[881/1728] ZTF21acdqgns  constant+gibbs  -> ok
[882/1728] ZTF21acdqgns  constant+changepoint  -> ok
[883/1728] ZTF21acdqgns  constant+changepoint_1  -> ok
[884/1728] ZTF21acdqgns  constant+matern32  -> ok
[885/1728] ZTF21acdxhuv  constant+gibbs  -> ok
[886/1728] ZTF21acdxhuv  constant+changepoint  -> ok
[887/1728] ZTF21acdxhuv  constant+changepoint_1  -> ok
[888/1728] ZTF21acdxhuv  constant+matern32  -> ok
[889/1728] ZTF21aceehxt  constant+gibbs  -> ok
[890/1728] ZTF21aceehxt  constant+changepoint  -> ok
[891/1728] ZTF21aceehxt  constant+changepoint_1  -> ok
[892/1728] ZTF21aceehxt  constant+matern32  -> ok
[893/1728] ZTF21acekmmm  constant+gibbs  -> ok
[894/1728] ZTF21acekmmm  constant+changepoint  -> ok
[895/1728] ZTF21acekmmm  constant+changepoint_1  -> ok
[896/1728] ZTF21acekmmm  constant+matern32  -> ok
[897/1728] ZTF21acgxypn  constant+gibbs  -> ok
[898/1728] ZTF21acgxypn  constant+changepoint  -> ok
[899/1728] ZTF21acgxypn  constant+changepoint_1  -> ok
[900/1728] ZTF21acgxypn  constant+matern32  -> ok
[901/1728] ZTF21achgfbk  constant+gibbs  -> ok
[902/1728] ZTF21achgfbk  constant+changepoint  -> ok
[903/1728] ZTF21achgfbk  constant+changepoint_1  -> ok
[904/1728] ZTF21achgfbk  constant+matern32  -> ok
[905/1728] ZTF21aciuhqw  constant+gibbs  -> ok
[906/1728] ZTF21aciuhqw  constant+changepoint  -> ok
[907/1728] ZTF21aciuhqw  constant+changepoint_1  -> ok
[908/1728] ZTF21aciuhqw  constant+matern32  -> ok
[909/1728] ZTF21aciwixf  constant+gibbs  -> ok
[910/1728] ZTF21aciwixf  constant+changepoint  -> ok
[911/1728] ZTF21aciwixf  constant+changepoint_1  -> ok
[912/1728] ZTF21aciwixf  constant+matern32  -> ok
[913/1728] ZTF21acizqkx  constant+gibbs  -> ok
[914/1728] ZTF21acizqkx  constant+changepoint  -> ok
[915/1728] ZTF21acizqkx  constant+changepoint_1  -> ok
[916/1728] ZTF21acizqkx  constant+matern32  -> ok
[917/1728] ZTF21acjxzsa  constant+gibbs  -> ok
[918/1728] ZTF21acjxzsa  constant+changepoint  -> ok
[919/1728] ZTF21acjxzsa  constant+changepoint_1  -> ok
[920/1728] ZTF21acjxzsa  constant+matern32  -> ok
[921/1728] ZTF21aclzzhu  constant+gibbs  -> ok
[922/1728] ZTF21aclzzhu  constant+changepoint  -> ok
[923/1728] ZTF21aclzzhu  constant+changepoint_1  -> ok
[924/1728] ZTF21aclzzhu  constant+matern32  -> ok
[925/1728] ZTF22aadeuwu  constant+gibbs  -> ok
[926/1728] ZTF22aadeuwu  constant+changepoint  -> ok
[927/1728] ZTF22aadeuwu  constant+changepoint_1  -> ok
[928/1728] ZTF22aadeuwu  constant+matern32  -> ok
[929/1728] ZTF22aadnjsh  constant+gibbs  -> ok
[930/1728] ZTF22aadnjsh  constant+changepoint  -> ok
[931/1728] ZTF22aadnjsh  constant+changepoint_1  -> ok
[932/1728] ZTF22aadnjsh  constant+matern32  -> ok
[933/1728] ZTF22aadoihx  constant+gibbs  -> ok
[934/1728] ZTF22aadoihx  constant+changepoint  -> ok
[935/1728] ZTF22aadoihx  constant+changepoint_1  -> ok
[936/1728] ZTF22aadoihx  constant+matern32  -> ok
[937/1728] ZTF22aadqlhy  constant+gibbs  -> ok
[938/1728] ZTF22aadqlhy  constant+changepoint  -> ok
[939/1728] ZTF22aadqlhy  constant+changepoint_1  -> ok
[940/1728] ZTF22aadqlhy  constant+matern32  -> ok
[941/1728] ZTF22aaebkwd  constant+gibbs  -> ok
[942/1728] ZTF22aaebkwd  constant+changepoint  -> ok
[943/1728] ZTF22aaebkwd  constant+changepoint_1  -> ok
[944/1728] ZTF22aaebkwd  constant+matern32  -> ok
[945/1728] ZTF22aaezyos  constant+gibbs  -> ok
[946/1728] ZTF22aaezyos  constant+changepoint  -> ok
[947/1728] ZTF22aaezyos  constant+changepoint_1  -> ok
[948/1728] ZTF22aaezyos  constant+matern32  -> ok
[949/1728] ZTF22aagzmcz  constant+gibbs  -> ok
[950/1728] ZTF22aagzmcz  constant+changepoint  -> ok
[951/1728] ZTF22aagzmcz  constant+changepoint_1  -> ok
[952/1728] ZTF22aagzmcz  constant+matern32  -> ok
[953/1728] ZTF22aahxaiv  constant+gibbs  -> ok
[954/1728] ZTF22aahxaiv  constant+changepoint  -> ok
[955/1728] ZTF22aahxaiv  constant+changepoint_1  -> ok
[956/1728] ZTF22aahxaiv  constant+matern32  -> ok
[957/1728] ZTF22aajakms  constant+gibbs  -> ok
[958/1728] ZTF22aajakms  constant+changepoint  -> ok
[959/1728] ZTF22aajakms  constant+changepoint_1  -> ok
[960/1728] ZTF22aajakms  constant+matern32  -> ok
[961/1728] ZTF22aakpyqw  constant+gibbs  -> ok
[962/1728] ZTF22aakpyqw  constant+changepoint  -> ok
[963/1728] ZTF22aakpyqw  constant+changepoint_1  -> ok
[964/1728] ZTF22aakpyqw  constant+matern32  -> ok
[965/1728] ZTF22aakyeps  constant+gibbs  -> ok
[966/1728] ZTF22aakyeps  constant+changepoint  -> ok
[967/1728] ZTF22aakyeps  constant+changepoint_1  -> ok
[968/1728] ZTF22aakyeps  constant+matern32  -> ok
[969/1728] ZTF22aalfmec  constant+gibbs  -> ok
[970/1728] ZTF22aalfmec  constant+changepoint  -> ok
[971/1728] ZTF22aalfmec  constant+changepoint_1  -> ok
[972/1728] ZTF22aalfmec  constant+matern32  -> ok
[973/1728] ZTF22aaolhhl  constant+gibbs  -> ok
[974/1728] ZTF22aaolhhl  constant+changepoint  -> ok
[975/1728] ZTF22aaolhhl  constant+changepoint_1  -> ok
[976/1728] ZTF22aaolhhl  constant+matern32  -> ok
[977/1728] ZTF22aaoolua  constant+gibbs  -> ok
[978/1728] ZTF22aaoolua  constant+changepoint  -> ok
[979/1728] ZTF22aaoolua  constant+changepoint_1  -> ok
[980/1728] ZTF22aaoolua  constant+matern32  -> ok
[981/1728] ZTF22aarbard  constant+gibbs  -> ok
[982/1728] ZTF22aarbard  constant+changepoint  -> ok
[983/1728] ZTF22aarbard  constant+changepoint_1  -> ok
[984/1728] ZTF22aarbard  constant+matern32  -> ok
[985/1728] ZTF22aarqrxf  constant+gibbs  -> ok
[986/1728] ZTF22aarqrxf  constant+changepoint  -> ok
[987/1728] ZTF22aarqrxf  constant+changepoint_1  -> ok
[988/1728] ZTF22aarqrxf  constant+matern32  -> ok
[989/1728] ZTF22aarwwyy  constant+gibbs  -> ok
[990/1728] ZTF22aarwwyy  constant+changepoint  -> ok
[991/1728] ZTF22aarwwyy  constant+changepoint_1  -> ok
[992/1728] ZTF22aarwwyy  constant+matern32  -> ok
[993/1728] ZTF22aasxgjp  constant+gibbs  -> ok
[994/1728] ZTF22aasxgjp  constant+changepoint  -> ok
[995/1728] ZTF22aasxgjp  constant+changepoint_1  -> ok
[996/1728] ZTF22aasxgjp  constant+matern32  -> ok
[997/1728] ZTF22aatunnt  constant+gibbs  -> ok
[998/1728] ZTF22aatunnt  constant+changepoint  -> ok
[999/1728] ZTF22aatunnt  constant+changepoint_1  -> ok
[1000/1728] ZTF22aatunnt  constant+matern32  -> ok
[1001/1728] ZTF22aazuotw  constant+gibbs  -> ok
[1002/1728] ZTF22aazuotw  constant+changepoint  -> ok
[1003/1728] ZTF22aazuotw  constant+changepoint_1  -> ok
[1004/1728] ZTF22aazuotw  constant+matern32  -> ok
[1005/1728] ZTF22abbdxho  constant+gibbs  -> ok
[1006/1728] ZTF22abbdxho  constant+changepoint  -> ok
[1007/1728] ZTF22abbdxho  constant+changepoint_1  -> ok
[1008/1728] ZTF22abbdxho  constant+matern32  -> ok
[1009/1728] ZTF22abbtqnp  constant+gibbs  -> ok
[1010/1728] ZTF22abbtqnp  constant+changepoint  -> ok
[1011/1728] ZTF22abbtqnp  constant+changepoint_1  -> ok
[1012/1728] ZTF22abbtqnp  constant+matern32  -> ok
[1013/1728] ZTF22abcsgeq  constant+gibbs  -> ok
[1014/1728] ZTF22abcsgeq  constant+changepoint  -> ok
[1015/1728] ZTF22abcsgeq  constant+changepoint_1  -> ok
[1016/1728] ZTF22abcsgeq  constant+matern32  -> ok
[1017/1728] ZTF22abcvfgs  constant+gibbs  -> ok
[1018/1728] ZTF22abcvfgs  constant+changepoint  -> ok
[1019/1728] ZTF22abcvfgs  constant+changepoint_1  -> ok
[1020/1728] ZTF22abcvfgs  constant+matern32  -> ok
[1021/1728] ZTF22abfrkoh  constant+gibbs  -> ok
[1022/1728] ZTF22abfrkoh  constant+changepoint  -> ok
[1023/1728] ZTF22abfrkoh  constant+changepoint_1  -> ok
[1024/1728] ZTF22abfrkoh  constant+matern32  -> ok
[1025/1728] ZTF22abfuwel  constant+gibbs  -> ok
[1026/1728] ZTF22abfuwel  constant+changepoint  -> ok
[1027/1728] ZTF22abfuwel  constant+changepoint_1  -> ok
[1028/1728] ZTF22abfuwel  constant+matern32  -> ok
[1029/1728] ZTF22abfyqsc  constant+gibbs  -> ok
[1030/1728] ZTF22abfyqsc  constant+changepoint  -> ok
[1031/1728] ZTF22abfyqsc  constant+changepoint_1  -> ok
[1032/1728] ZTF22abfyqsc  constant+matern32  -> ok
[1033/1728] ZTF22abivebe  constant+gibbs  -> ok
[1034/1728] ZTF22abivebe  constant+changepoint  -> ok
[1035/1728] ZTF22abivebe  constant+changepoint_1  -> ok
[1036/1728] ZTF22abivebe  constant+matern32  -> ok
[1037/1728] ZTF22abjafpr  constant+gibbs  -> ok
[1038/1728] ZTF22abjafpr  constant+changepoint  -> ok
[1039/1728] ZTF22abjafpr  constant+changepoint_1  -> ok
[1040/1728] ZTF22abjafpr  constant+matern32  -> ok
[1041/1728] ZTF22abkabeh  constant+gibbs  -> ok
[1042/1728] ZTF22abkabeh  constant+changepoint  -> ok
[1043/1728] ZTF22abkabeh  constant+changepoint_1  -> ok
[1044/1728] ZTF22abkabeh  constant+matern32  -> ok
[1045/1728] ZTF22abkbmob  constant+gibbs  -> ok
[1046/1728] ZTF22abkbmob  constant+changepoint  -> ok
[1047/1728] ZTF22abkbmob  constant+changepoint_1  -> ok
[1048/1728] ZTF22abkbmob  constant+matern32  -> ok
[1049/1728] ZTF22abllclb  constant+gibbs  -> ok
[1050/1728] ZTF22abllclb  constant+changepoint  -> ok
[1051/1728] ZTF22abllclb  constant+changepoint_1  -> ok
[1052/1728] ZTF22abllclb  constant+matern32  -> ok
[1053/1728] ZTF22abmonux  constant+gibbs  -> ok
[1054/1728] ZTF22abmonux  constant+changepoint  -> ok
[1055/1728] ZTF22abmonux  constant+changepoint_1  -> ok
[1056/1728] ZTF22abmonux  constant+matern32  -> ok
[1057/1728] ZTF22abnpsou  constant+gibbs  -> ok
[1058/1728] ZTF22abnpsou  constant+changepoint  -> ok
[1059/1728] ZTF22abnpsou  constant+changepoint_1  -> ok
[1060/1728] ZTF22abnpsou  constant+matern32  -> ok
[1061/1728] ZTF22abnvurz  constant+gibbs  -> ok
[1062/1728] ZTF22abnvurz  constant+changepoint  -> ok
[1063/1728] ZTF22abnvurz  constant+changepoint_1  -> ok
[1064/1728] ZTF22abnvurz  constant+matern32  -> ok
[1065/1728] ZTF22absibqa  constant+gibbs  -> ok
[1066/1728] ZTF22absibqa  constant+changepoint  -> ok
[1067/1728] ZTF22absibqa  constant+changepoint_1  -> ok
[1068/1728] ZTF22absibqa  constant+matern32  -> ok
[1069/1728] ZTF22absphuu  constant+gibbs  -> ok
[1070/1728] ZTF22absphuu  constant+changepoint  -> ok
[1071/1728] ZTF22absphuu  constant+changepoint_1  -> ok
[1072/1728] ZTF22absphuu  constant+matern32  -> ok
[1073/1728] ZTF22abvcnnl  constant+gibbs  -> ok
[1074/1728] ZTF22abvcnnl  constant+changepoint  -> ok
[1075/1728] ZTF22abvcnnl  constant+changepoint_1  -> ok
[1076/1728] ZTF22abvcnnl  constant+matern32  -> ok
[1077/1728] ZTF22abwtqeb  constant+gibbs  -> ok
[1078/1728] ZTF22abwtqeb  constant+changepoint  -> ok
[1079/1728] ZTF22abwtqeb  constant+changepoint_1  -> ok
[1080/1728] ZTF22abwtqeb  constant+matern32  -> ok
[1081/1728] ZTF22abzejiv  constant+gibbs  -> ok
[1082/1728] ZTF22abzejiv  constant+changepoint  -> ok
[1083/1728] ZTF22abzejiv  constant+changepoint_1  -> ok
[1084/1728] ZTF22abzejiv  constant+matern32  -> ok
[1085/1728] ZTF23aaahtnj  constant+gibbs  -> ok
[1086/1728] ZTF23aaahtnj  constant+changepoint  -> ok
[1087/1728] ZTF23aaahtnj  constant+changepoint_1  -> ok
[1088/1728] ZTF23aaahtnj  constant+matern32  -> ok
[1089/1728] ZTF23aaaplam  constant+gibbs  -> ok
[1090/1728] ZTF23aaaplam  constant+changepoint  -> ok
[1091/1728] ZTF23aaaplam  constant+changepoint_1  -> ok
[1092/1728] ZTF23aaaplam  constant+matern32  -> ok
[1093/1728] ZTF23aaazffe  constant+gibbs  -> ok
[1094/1728] ZTF23aaazffe  constant+changepoint  -> ok
[1095/1728] ZTF23aaazffe  constant+changepoint_1  -> ok
[1096/1728] ZTF23aaazffe  constant+matern32  -> ok
[1097/1728] ZTF23aaccacy  constant+gibbs  -> ok
[1098/1728] ZTF23aaccacy  constant+changepoint  -> ok
[1099/1728] ZTF23aaccacy  constant+changepoint_1  -> ok
[1100/1728] ZTF23aaccacy  constant+matern32  -> ok
[1101/1728] ZTF23aadaxfn  constant+gibbs  -> ok
[1102/1728] ZTF23aadaxfn  constant+changepoint  -> ok
[1103/1728] ZTF23aadaxfn  constant+changepoint_1  -> ok
[1104/1728] ZTF23aadaxfn  constant+matern32  -> ok
[1105/1728] ZTF23aadtrzd  constant+gibbs  -> ok
[1106/1728] ZTF23aadtrzd  constant+changepoint  -> ok
[1107/1728] ZTF23aadtrzd  constant+changepoint_1  -> ok
[1108/1728] ZTF23aadtrzd  constant+matern32  -> ok
[1109/1728] ZTF23aaecgwh  constant+gibbs  -> ok
[1110/1728] ZTF23aaecgwh  constant+changepoint  -> ok
[1111/1728] ZTF23aaecgwh  constant+changepoint_1  -> ok
[1112/1728] ZTF23aaecgwh  constant+matern32  -> ok
[1113/1728] ZTF23aaemnzd  constant+gibbs  -> ok
[1114/1728] ZTF23aaemnzd  constant+changepoint  -> ok
[1115/1728] ZTF23aaemnzd  constant+changepoint_1  -> ok
[1116/1728] ZTF23aaemnzd  constant+matern32  -> ok
[1117/1728] ZTF23aafwykt  constant+gibbs  -> ok
[1118/1728] ZTF23aafwykt  constant+changepoint  -> ok
[1119/1728] ZTF23aafwykt  constant+changepoint_1  -> ok
[1120/1728] ZTF23aafwykt  constant+matern32  -> ok
[1121/1728] ZTF23aahnmag  constant+gibbs  -> ok
[1122/1728] ZTF23aahnmag  constant+changepoint  -> ok
[1123/1728] ZTF23aahnmag  constant+changepoint_1  -> ok
[1124/1728] ZTF23aahnmag  constant+matern32  -> ok
[1125/1728] ZTF23aajakys  constant+gibbs  -> ok
[1126/1728] ZTF23aajakys  constant+changepoint  -> ok
[1127/1728] ZTF23aajakys  constant+changepoint_1  -> ok
[1128/1728] ZTF23aajakys  constant+matern32  -> ok
[1129/1728] ZTF23aakmewi  constant+gibbs  -> ok
[1130/1728] ZTF23aakmewi  constant+changepoint  -> ok
[1131/1728] ZTF23aakmewi  constant+changepoint_1  -> ok
[1132/1728] ZTF23aakmewi  constant+matern32  -> ok
[1133/1728] ZTF23aakstht  constant+gibbs  -> ok
[1134/1728] ZTF23aakstht  constant+changepoint  -> ok
[1135/1728] ZTF23aakstht  constant+changepoint_1  -> ok
[1136/1728] ZTF23aakstht  constant+matern32  -> ok
[1137/1728] ZTF23aamzljd  constant+gibbs  -> ok
[1138/1728] ZTF23aamzljd  constant+changepoint  -> ok
[1139/1728] ZTF23aamzljd  constant+changepoint_1  -> ok
[1140/1728] ZTF23aamzljd  constant+matern32  -> ok
[1141/1728] ZTF23aandvzg  constant+gibbs  -> ok
[1142/1728] ZTF23aandvzg  constant+changepoint  -> ok
[1143/1728] ZTF23aandvzg  constant+changepoint_1  -> ok
[1144/1728] ZTF23aandvzg  constant+matern32  -> ok
[1145/1728] ZTF23aanqoyo  constant+gibbs  -> ok
[1146/1728] ZTF23aanqoyo  constant+changepoint  -> ok
[1147/1728] ZTF23aanqoyo  constant+changepoint_1  -> ok
[1148/1728] ZTF23aanqoyo  constant+matern32  -> ok
[1149/1728] ZTF23aapbrrq  constant+gibbs  -> ok
[1150/1728] ZTF23aapbrrq  constant+changepoint  -> ok
[1151/1728] ZTF23aapbrrq  constant+changepoint_1  -> ok
[1152/1728] ZTF23aapbrrq  constant+matern32  -> ok
[1153/1728] ZTF23aaqekiu  constant+gibbs  -> ok
[1154/1728] ZTF23aaqekiu  constant+changepoint  -> ok
[1155/1728] ZTF23aaqekiu  constant+changepoint_1  -> ok
[1156/1728] ZTF23aaqekiu  constant+matern32  -> ok
[1157/1728] ZTF23aaspcfl  constant+gibbs  -> ok
[1158/1728] ZTF23aaspcfl  constant+changepoint  -> ok
[1159/1728] ZTF23aaspcfl  constant+changepoint_1  -> ok
[1160/1728] ZTF23aaspcfl  constant+matern32  -> ok
[1161/1728] ZTF23aawtmcf  constant+gibbs  -> ok
[1162/1728] ZTF23aawtmcf  constant+changepoint  -> ok
[1163/1728] ZTF23aawtmcf  constant+changepoint_1  -> ok
[1164/1728] ZTF23aawtmcf  constant+matern32  -> ok
[1165/1728] ZTF23aaxuvkn  constant+gibbs  -> ok
[1166/1728] ZTF23aaxuvkn  constant+changepoint  -> ok
[1167/1728] ZTF23aaxuvkn  constant+changepoint_1  -> ok
[1168/1728] ZTF23aaxuvkn  constant+matern32  -> ok
[1169/1728] ZTF23aazodoj  constant+gibbs  -> ok
[1170/1728] ZTF23aazodoj  constant+changepoint  -> ok
[1171/1728] ZTF23aazodoj  constant+changepoint_1  -> ok
[1172/1728] ZTF23aazodoj  constant+matern32  -> ok
[1173/1728] ZTF23aazuzip  constant+gibbs  -> ok
[1174/1728] ZTF23aazuzip  constant+changepoint  -> ok
[1175/1728] ZTF23aazuzip  constant+changepoint_1  -> ok
[1176/1728] ZTF23aazuzip  constant+matern32  -> ok
[1177/1728] ZTF23abadhsw  constant+gibbs  -> ok
[1178/1728] ZTF23abadhsw  constant+changepoint  -> ok
[1179/1728] ZTF23abadhsw  constant+changepoint_1  -> ok
[1180/1728] ZTF23abadhsw  constant+matern32  -> ok
[1181/1728] ZTF23abaxlrz  constant+gibbs  -> ok
[1182/1728] ZTF23abaxlrz  constant+changepoint  -> ok
[1183/1728] ZTF23abaxlrz  constant+changepoint_1  -> ok
[1184/1728] ZTF23abaxlrz  constant+matern32  -> ok
[1185/1728] ZTF23abbpswf  constant+gibbs  -> ok
[1186/1728] ZTF23abbpswf  constant+changepoint  -> ok
[1187/1728] ZTF23abbpswf  constant+changepoint_1  -> ok
[1188/1728] ZTF23abbpswf  constant+matern32  -> ok
[1189/1728] ZTF23abbskff  constant+gibbs  -> ok
[1190/1728] ZTF23abbskff  constant+changepoint  -> ok
[1191/1728] ZTF23abbskff  constant+changepoint_1  -> ok
[1192/1728] ZTF23abbskff  constant+matern32  -> ok
[1193/1728] ZTF23abcglga  constant+gibbs  -> ok
[1194/1728] ZTF23abcglga  constant+changepoint  -> ok
[1195/1728] ZTF23abcglga  constant+changepoint_1  -> ok
[1196/1728] ZTF23abcglga  constant+matern32  -> ok
[1197/1728] ZTF23abfmlft  constant+gibbs  -> ok
[1198/1728] ZTF23abfmlft  constant+changepoint  -> ok
[1199/1728] ZTF23abfmlft  constant+changepoint_1  -> ok
[1200/1728] ZTF23abfmlft  constant+matern32  -> ok
[1201/1728] ZTF23abhyxpr  constant+gibbs  -> ok
[1202/1728] ZTF23abhyxpr  constant+changepoint  -> ok
[1203/1728] ZTF23abhyxpr  constant+changepoint_1  -> ok
[1204/1728] ZTF23abhyxpr  constant+matern32  -> ok
[1205/1728] ZTF23abjhbcr  constant+gibbs  -> ok
[1206/1728] ZTF23abjhbcr  constant+changepoint  -> ok
[1207/1728] ZTF23abjhbcr  constant+changepoint_1  -> ok
[1208/1728] ZTF23abjhbcr  constant+matern32  -> ok
[1209/1728] ZTF23abjrolk  constant+gibbs  -> ok
[1210/1728] ZTF23abjrolk  constant+changepoint  -> ok
[1211/1728] ZTF23abjrolk  constant+changepoint_1  -> ok
[1212/1728] ZTF23abjrolk  constant+matern32  -> ok
[1213/1728] ZTF23abjzkmx  constant+gibbs  -> ok
[1214/1728] ZTF23abjzkmx  constant+changepoint  -> ok
[1215/1728] ZTF23abjzkmx  constant+changepoint_1  -> ok
[1216/1728] ZTF23abjzkmx  constant+matern32  -> ok
[1217/1728] ZTF23abnpoqp  constant+gibbs  -> ok
[1218/1728] ZTF23abnpoqp  constant+changepoint  -> ok
[1219/1728] ZTF23abnpoqp  constant+changepoint_1  -> ok
[1220/1728] ZTF23abnpoqp  constant+matern32  -> ok
[1221/1728] ZTF23abochfb  constant+gibbs  -> ok
[1222/1728] ZTF23abochfb  constant+changepoint  -> ok
[1223/1728] ZTF23abochfb  constant+changepoint_1  -> ok
[1224/1728] ZTF23abochfb  constant+matern32  -> ok
[1225/1728] ZTF23abomtjc  constant+gibbs  -> ok
[1226/1728] ZTF23abomtjc  constant+changepoint  -> ok
[1227/1728] ZTF23abomtjc  constant+changepoint_1  -> ok
[1228/1728] ZTF23abomtjc  constant+matern32  -> ok
[1229/1728] ZTF23abovaur  constant+gibbs  -> ok
[1230/1728] ZTF23abovaur  constant+changepoint  -> ok
[1231/1728] ZTF23abovaur  constant+changepoint_1  -> ok
[1232/1728] ZTF23abovaur  constant+matern32  -> ok
[1233/1728] ZTF23abvokyz  constant+gibbs  -> ok
[1234/1728] ZTF23abvokyz  constant+changepoint  -> ok
[1235/1728] ZTF23abvokyz  constant+changepoint_1  -> ok
[1236/1728] ZTF23abvokyz  constant+matern32  -> ok
[1237/1728] ZTF24aaabybk  constant+gibbs  -> ok
[1238/1728] ZTF24aaabybk  constant+changepoint  -> ok
[1239/1728] ZTF24aaabybk  constant+changepoint_1  -> ok
[1240/1728] ZTF24aaabybk  constant+matern32  -> ok
[1241/1728] ZTF24aabuaij  constant+gibbs  -> ok
[1242/1728] ZTF24aabuaij  constant+changepoint  -> ok
[1243/1728] ZTF24aabuaij  constant+changepoint_1  -> ok
[1244/1728] ZTF24aabuaij  constant+matern32  -> ok
[1245/1728] ZTF24aacjcwl  constant+gibbs  -> ok
[1246/1728] ZTF24aacjcwl  constant+changepoint  -> ok
[1247/1728] ZTF24aacjcwl  constant+changepoint_1  -> ok
[1248/1728] ZTF24aacjcwl  constant+matern32  -> ok
[1249/1728] ZTF24aacrbua  constant+gibbs  -> ok
[1250/1728] ZTF24aacrbua  constant+changepoint  -> ok
[1251/1728] ZTF24aacrbua  constant+changepoint_1  -> ok
[1252/1728] ZTF24aacrbua  constant+matern32  -> ok
[1253/1728] ZTF24aadfmaf  constant+gibbs  -> ok
[1254/1728] ZTF24aadfmaf  constant+changepoint  -> ok
[1255/1728] ZTF24aadfmaf  constant+changepoint_1  -> ok
[1256/1728] ZTF24aadfmaf  constant+matern32  -> ok
[1257/1728] ZTF24aaeczdw  constant+gibbs  -> ok
[1258/1728] ZTF24aaeczdw  constant+changepoint  -> ok
[1259/1728] ZTF24aaeczdw  constant+changepoint_1  -> ok
[1260/1728] ZTF24aaeczdw  constant+matern32  -> ok
[1261/1728] ZTF24aagfeti  constant+gibbs  -> ok
[1262/1728] ZTF24aagfeti  constant+changepoint  -> ok
[1263/1728] ZTF24aagfeti  constant+changepoint_1  -> ok
[1264/1728] ZTF24aagfeti  constant+matern32  -> ok
[1265/1728] ZTF24aagkjca  constant+gibbs  -> ok
[1266/1728] ZTF24aagkjca  constant+changepoint  -> ok
[1267/1728] ZTF24aagkjca  constant+changepoint_1  -> ok
[1268/1728] ZTF24aagkjca  constant+matern32  -> ok
[1269/1728] ZTF24aagterj  constant+gibbs  -> ok
[1270/1728] ZTF24aagterj  constant+changepoint  -> ok
[1271/1728] ZTF24aagterj  constant+changepoint_1  -> ok
[1272/1728] ZTF24aagterj  constant+matern32  -> ok
[1273/1728] ZTF24aagtmbq  constant+gibbs  -> ok
[1274/1728] ZTF24aagtmbq  constant+changepoint  -> ok
[1275/1728] ZTF24aagtmbq  constant+changepoint_1  -> ok
[1276/1728] ZTF24aagtmbq  constant+matern32  -> ok
[1277/1728] ZTF24aahuzig  constant+gibbs  -> ok
[1278/1728] ZTF24aahuzig  constant+changepoint  -> ok
[1279/1728] ZTF24aahuzig  constant+changepoint_1  -> ok
[1280/1728] ZTF24aahuzig  constant+matern32  -> ok
[1281/1728] ZTF24aajdqbw  constant+gibbs  -> ok
[1282/1728] ZTF24aajdqbw  constant+changepoint  -> ok
[1283/1728] ZTF24aajdqbw  constant+changepoint_1  -> ok
[1284/1728] ZTF24aajdqbw  constant+matern32  -> ok
[1285/1728] ZTF24aajivqf  constant+gibbs  -> ok
[1286/1728] ZTF24aajivqf  constant+changepoint  -> ok
[1287/1728] ZTF24aajivqf  constant+changepoint_1  -> ok
[1288/1728] ZTF24aajivqf  constant+matern32  -> ok
[1289/1728] ZTF24aajqamj  constant+gibbs  -> ok
[1290/1728] ZTF24aajqamj  constant+changepoint  -> ok
[1291/1728] ZTF24aajqamj  constant+changepoint_1  -> ok
[1292/1728] ZTF24aajqamj  constant+matern32  -> ok
[1293/1728] ZTF24aakaiqs  constant+gibbs  -> ok
[1294/1728] ZTF24aakaiqs  constant+changepoint  -> ok
[1295/1728] ZTF24aakaiqs  constant+changepoint_1  -> ok
[1296/1728] ZTF24aakaiqs  constant+matern32  -> ok
[1297/1728] ZTF24aakftxp  constant+gibbs  -> ok
[1298/1728] ZTF24aakftxp  constant+changepoint  -> ok
[1299/1728] ZTF24aakftxp  constant+changepoint_1  -> ok
[1300/1728] ZTF24aakftxp  constant+matern32  -> ok
[1301/1728] ZTF24aancgyl  constant+gibbs  -> ok
[1302/1728] ZTF24aancgyl  constant+changepoint  -> ok
[1303/1728] ZTF24aancgyl  constant+changepoint_1  -> ok
[1304/1728] ZTF24aancgyl  constant+matern32  -> ok
[1305/1728] ZTF24aaowjlw  constant+gibbs  -> ok
[1306/1728] ZTF24aaowjlw  constant+changepoint  -> ok
[1307/1728] ZTF24aaowjlw  constant+changepoint_1  -> ok
[1308/1728] ZTF24aaowjlw  constant+matern32  -> ok
[1309/1728] ZTF24aapadbb  constant+gibbs  -> ok
[1310/1728] ZTF24aapadbb  constant+changepoint  -> ok
[1311/1728] ZTF24aapadbb  constant+changepoint_1  -> ok
[1312/1728] ZTF24aapadbb  constant+matern32  -> ok
[1313/1728] ZTF24aateouu  constant+gibbs  -> ok
[1314/1728] ZTF24aateouu  constant+changepoint  -> ok
[1315/1728] ZTF24aateouu  constant+changepoint_1  -> ok
[1316/1728] ZTF24aateouu  constant+matern32  -> ok
[1317/1728] ZTF24aawjwxx  constant+gibbs  -> ok
[1318/1728] ZTF24aawjwxx  constant+changepoint  -> ok
[1319/1728] ZTF24aawjwxx  constant+changepoint_1  -> ok
[1320/1728] ZTF24aawjwxx  constant+matern32  -> ok
[1321/1728] ZTF24aawtoiv  constant+gibbs  -> ok
[1322/1728] ZTF24aawtoiv  constant+changepoint  -> ok
[1323/1728] ZTF24aawtoiv  constant+changepoint_1  -> ok
[1324/1728] ZTF24aawtoiv  constant+matern32  -> ok
[1325/1728] ZTF24aayikbu  constant+gibbs  -> ok
[1326/1728] ZTF24aayikbu  constant+changepoint  -> ok
[1327/1728] ZTF24aayikbu  constant+changepoint_1  -> ok
[1328/1728] ZTF24aayikbu  constant+matern32  -> ok
[1329/1728] ZTF24aayimjt  constant+gibbs  -> ok
[1330/1728] ZTF24aayimjt  constant+changepoint  -> ok
[1331/1728] ZTF24aayimjt  constant+changepoint_1  -> ok
[1332/1728] ZTF24aayimjt  constant+matern32  -> ok
[1333/1728] ZTF24aaymkrs  constant+gibbs  -> ok
[1334/1728] ZTF24aaymkrs  constant+changepoint  -> ok
[1335/1728] ZTF24aaymkrs  constant+changepoint_1  -> ok
[1336/1728] ZTF24aaymkrs  constant+matern32  -> ok
[1337/1728] ZTF24aaysowl  constant+gibbs  -> ok
[1338/1728] ZTF24aaysowl  constant+changepoint  -> ok
[1339/1728] ZTF24aaysowl  constant+changepoint_1  -> ok
[1340/1728] ZTF24aaysowl  constant+matern32  -> ok
[1341/1728] ZTF24aazmqbf  constant+gibbs  -> ok
[1342/1728] ZTF24aazmqbf  constant+changepoint  -> ok
[1343/1728] ZTF24aazmqbf  constant+changepoint_1  -> ok
[1344/1728] ZTF24aazmqbf  constant+matern32  -> ok
[1345/1728] ZTF24aazqavh  constant+gibbs  -> ok
[1346/1728] ZTF24aazqavh  constant+changepoint  -> ok
[1347/1728] ZTF24aazqavh  constant+changepoint_1  -> ok
[1348/1728] ZTF24aazqavh  constant+matern32  -> ok
[1349/1728] ZTF24aaztbct  constant+gibbs  -> ok
[1350/1728] ZTF24aaztbct  constant+changepoint  -> ok
[1351/1728] ZTF24aaztbct  constant+changepoint_1  -> ok
[1352/1728] ZTF24aaztbct  constant+matern32  -> ok
[1353/1728] ZTF24abajmau  constant+gibbs  -> ok
[1354/1728] ZTF24abajmau  constant+changepoint  -> ok
[1355/1728] ZTF24abajmau  constant+changepoint_1  -> ok
[1356/1728] ZTF24abajmau  constant+matern32  -> ok
[1357/1728] ZTF24abavusp  constant+gibbs  -> ok
[1358/1728] ZTF24abavusp  constant+changepoint  -> ok
[1359/1728] ZTF24abavusp  constant+changepoint_1  -> ok
[1360/1728] ZTF24abavusp  constant+matern32  -> ok
[1361/1728] ZTF24abbsuhu  constant+gibbs  -> ok
[1362/1728] ZTF24abbsuhu  constant+changepoint  -> ok
[1363/1728] ZTF24abbsuhu  constant+changepoint_1  -> ok
[1364/1728] ZTF24abbsuhu  constant+matern32  -> ok
[1365/1728] ZTF24abchdsc  constant+gibbs  -> ok
[1366/1728] ZTF24abchdsc  constant+changepoint  -> ok
[1367/1728] ZTF24abchdsc  constant+changepoint_1  -> ok
[1368/1728] ZTF24abchdsc  constant+matern32  -> ok
[1369/1728] ZTF24abdiwwv  constant+gibbs  -> ok
[1370/1728] ZTF24abdiwwv  constant+changepoint  -> ok
[1371/1728] ZTF24abdiwwv  constant+changepoint_1  -> ok
[1372/1728] ZTF24abdiwwv  constant+matern32  -> ok
[1373/1728] ZTF24abhhzrp  constant+gibbs  -> ok
[1374/1728] ZTF24abhhzrp  constant+changepoint  -> ok
[1375/1728] ZTF24abhhzrp  constant+changepoint_1  -> ok
[1376/1728] ZTF24abhhzrp  constant+matern32  -> ok
[1377/1728] ZTF24abhsqly  constant+gibbs  -> ok
[1378/1728] ZTF24abhsqly  constant+changepoint  -> ok
[1379/1728] ZTF24abhsqly  constant+changepoint_1  -> ok
[1380/1728] ZTF24abhsqly  constant+matern32  -> ok
[1381/1728] ZTF24abiifei  constant+gibbs  -> ok
[1382/1728] ZTF24abiifei  constant+changepoint  -> ok
[1383/1728] ZTF24abiifei  constant+changepoint_1  -> ok
[1384/1728] ZTF24abiifei  constant+matern32  -> ok
[1385/1728] ZTF24abimpmc  constant+gibbs  -> ok
[1386/1728] ZTF24abimpmc  constant+changepoint  -> ok
[1387/1728] ZTF24abimpmc  constant+changepoint_1  -> ok
[1388/1728] ZTF24abimpmc  constant+matern32  -> ok
[1389/1728] ZTF24abiwzzc  constant+gibbs  -> ok
[1390/1728] ZTF24abiwzzc  constant+changepoint  -> ok
[1391/1728] ZTF24abiwzzc  constant+changepoint_1  -> ok
[1392/1728] ZTF24abiwzzc  constant+matern32  -> ok
[1393/1728] ZTF24abkiblx  constant+gibbs  -> ok
[1394/1728] ZTF24abkiblx  constant+changepoint  -> ok
[1395/1728] ZTF24abkiblx  constant+changepoint_1  -> ok
[1396/1728] ZTF24abkiblx  constant+matern32  -> ok
[1397/1728] ZTF24ablmayf  constant+gibbs  -> ok
[1398/1728] ZTF24ablmayf  constant+changepoint  -> ok
[1399/1728] ZTF24ablmayf  constant+changepoint_1  -> ok
[1400/1728] ZTF24ablmayf  constant+matern32  -> ok
[1401/1728] ZTF24ablsxza  constant+gibbs  -> ok
[1402/1728] ZTF24ablsxza  constant+changepoint  -> ok
[1403/1728] ZTF24ablsxza  constant+changepoint_1  -> ok
[1404/1728] ZTF24ablsxza  constant+matern32  -> ok
[1405/1728] ZTF24abltheg  constant+gibbs  -> ok
[1406/1728] ZTF24abltheg  constant+changepoint  -> ok
[1407/1728] ZTF24abltheg  constant+changepoint_1  -> ok
[1408/1728] ZTF24abltheg  constant+matern32  -> ok
[1409/1728] ZTF24abnafgr  constant+gibbs  -> ok
[1410/1728] ZTF24abnafgr  constant+changepoint  -> ok
[1411/1728] ZTF24abnafgr  constant+changepoint_1  -> ok
[1412/1728] ZTF24abnafgr  constant+matern32  -> ok
[1413/1728] ZTF24abncuhj  constant+gibbs  -> ok
[1414/1728] ZTF24abncuhj  constant+changepoint  -> ok
[1415/1728] ZTF24abncuhj  constant+changepoint_1  -> ok
[1416/1728] ZTF24abncuhj  constant+matern32  -> ok
[1417/1728] ZTF24abnsght  constant+gibbs  -> ok
[1418/1728] ZTF24abnsght  constant+changepoint  -> ok
[1419/1728] ZTF24abnsght  constant+changepoint_1  -> ok
[1420/1728] ZTF24abnsght  constant+matern32  -> ok
[1421/1728] ZTF24abpqghw  constant+gibbs  -> ok
[1422/1728] ZTF24abpqghw  constant+changepoint  -> ok
[1423/1728] ZTF24abpqghw  constant+changepoint_1  -> ok
[1424/1728] ZTF24abpqghw  constant+matern32  -> ok
[1425/1728] ZTF24abqbyxd  constant+gibbs  -> ok
[1426/1728] ZTF24abqbyxd  constant+changepoint  -> ok
[1427/1728] ZTF24abqbyxd  constant+changepoint_1  -> ok
[1428/1728] ZTF24abqbyxd  constant+matern32  -> ok
[1429/1728] ZTF24abroqvs  constant+gibbs  -> ok
[1430/1728] ZTF24abroqvs  constant+changepoint  -> ok
[1431/1728] ZTF24abroqvs  constant+changepoint_1  -> ok
[1432/1728] ZTF24abroqvs  constant+matern32  -> ok
[1433/1728] ZTF24absrpsn  constant+gibbs  -> ok
[1434/1728] ZTF24absrpsn  constant+changepoint  -> ok
[1435/1728] ZTF24absrpsn  constant+changepoint_1  -> ok
[1436/1728] ZTF24absrpsn  constant+matern32  -> ok
[1437/1728] ZTF24absznoi  constant+gibbs  -> ok
[1438/1728] ZTF24absznoi  constant+changepoint  -> ok
[1439/1728] ZTF24absznoi  constant+changepoint_1  -> ok
[1440/1728] ZTF24absznoi  constant+matern32  -> ok
[1441/1728] ZTF24abtlppf  constant+gibbs  -> ok
[1442/1728] ZTF24abtlppf  constant+changepoint  -> ok
[1443/1728] ZTF24abtlppf  constant+changepoint_1  -> ok
[1444/1728] ZTF24abtlppf  constant+matern32  -> ok
[1445/1728] ZTF24abtmueg  constant+gibbs  -> ok
[1446/1728] ZTF24abtmueg  constant+changepoint  -> ok
[1447/1728] ZTF24abtmueg  constant+changepoint_1  -> ok
[1448/1728] ZTF24abtmueg  constant+matern32  -> ok
[1449/1728] ZTF24abtnkbi  constant+gibbs  -> ok
[1450/1728] ZTF24abtnkbi  constant+changepoint  -> ok
[1451/1728] ZTF24abtnkbi  constant+changepoint_1  -> ok
[1452/1728] ZTF24abtnkbi  constant+matern32  -> ok
[1453/1728] ZTF24abwmzop  constant+gibbs  -> ok
[1454/1728] ZTF24abwmzop  constant+changepoint  -> ok
[1455/1728] ZTF24abwmzop  constant+changepoint_1  -> ok
[1456/1728] ZTF24abwmzop  constant+matern32  -> ok
[1457/1728] ZTF24abxxniy  constant+gibbs  -> ok
[1458/1728] ZTF24abxxniy  constant+changepoint  -> ok
[1459/1728] ZTF24abxxniy  constant+changepoint_1  -> ok
[1460/1728] ZTF24abxxniy  constant+matern32  -> ok
[1461/1728] ZTF24abygyka  constant+gibbs  -> ok
[1462/1728] ZTF24abygyka  constant+changepoint  -> ok
[1463/1728] ZTF24abygyka  constant+changepoint_1  -> ok
[1464/1728] ZTF24abygyka  constant+matern32  -> ok
[1465/1728] ZTF24abzgggz  constant+gibbs  -> ok
[1466/1728] ZTF24abzgggz  constant+changepoint  -> ok
[1467/1728] ZTF24abzgggz  constant+changepoint_1  -> ok
[1468/1728] ZTF24abzgggz  constant+matern32  -> ok
[1469/1728] ZTF24abzmhtv  constant+gibbs  -> ok
[1470/1728] ZTF24abzmhtv  constant+changepoint  -> ok
[1471/1728] ZTF24abzmhtv  constant+changepoint_1  -> ok
[1472/1728] ZTF24abzmhtv  constant+matern32  -> ok
[1473/1728] ZTF25aaadytl  constant+gibbs  -> ok
[1474/1728] ZTF25aaadytl  constant+changepoint  -> ok
[1475/1728] ZTF25aaadytl  constant+changepoint_1  -> ok
[1476/1728] ZTF25aaadytl  constant+matern32  -> ok
[1477/1728] ZTF25aaaecsu  constant+gibbs  -> ok
[1478/1728] ZTF25aaaecsu  constant+changepoint  -> ok
[1479/1728] ZTF25aaaecsu  constant+changepoint_1  -> ok
[1480/1728] ZTF25aaaecsu  constant+matern32  -> ok
[1481/1728] ZTF25aaaeykb  constant+gibbs  -> ok
[1482/1728] ZTF25aaaeykb  constant+changepoint  -> ok
[1483/1728] ZTF25aaaeykb  constant+changepoint_1  -> ok
[1484/1728] ZTF25aaaeykb  constant+matern32  -> ok
[1485/1728] ZTF25aabzbve  constant+gibbs  -> ok
[1486/1728] ZTF25aabzbve  constant+changepoint  -> ok
[1487/1728] ZTF25aabzbve  constant+changepoint_1  -> ok
[1488/1728] ZTF25aabzbve  constant+matern32  -> ok
[1489/1728] ZTF25aaccmjq  constant+gibbs  -> ok
[1490/1728] ZTF25aaccmjq  constant+changepoint  -> ok
[1491/1728] ZTF25aaccmjq  constant+changepoint_1  -> ok
[1492/1728] ZTF25aaccmjq  constant+matern32  -> ok
[1493/1728] ZTF25aadnogd  constant+gibbs  -> ok
[1494/1728] ZTF25aadnogd  constant+changepoint  -> ok
[1495/1728] ZTF25aadnogd  constant+changepoint_1  -> ok
[1496/1728] ZTF25aadnogd  constant+matern32  -> ok
[1497/1728] ZTF25aafdnuf  constant+gibbs  -> ok
[1498/1728] ZTF25aafdnuf  constant+changepoint  -> ok
[1499/1728] ZTF25aafdnuf  constant+changepoint_1  -> ok
[1500/1728] ZTF25aafdnuf  constant+matern32  -> ok
[1501/1728] ZTF25aafedas  constant+gibbs  -> ok
[1502/1728] ZTF25aafedas  constant+changepoint  -> ok
[1503/1728] ZTF25aafedas  constant+changepoint_1  -> ok
[1504/1728] ZTF25aafedas  constant+matern32  -> ok
[1505/1728] ZTF25aafkxdu  constant+gibbs  -> ok
[1506/1728] ZTF25aafkxdu  constant+changepoint  -> ok
[1507/1728] ZTF25aafkxdu  constant+changepoint_1  -> ok
[1508/1728] ZTF25aafkxdu  constant+matern32  -> ok
[1509/1728] ZTF25aajbcmc  constant+gibbs  -> ok
[1510/1728] ZTF25aajbcmc  constant+changepoint  -> ok
[1511/1728] ZTF25aajbcmc  constant+changepoint_1  -> ok
[1512/1728] ZTF25aajbcmc  constant+matern32  -> ok
[1513/1728] ZTF25aajgfsk  constant+gibbs  -> ok
[1514/1728] ZTF25aajgfsk  constant+changepoint  -> ok
[1515/1728] ZTF25aajgfsk  constant+changepoint_1  -> ok
[1516/1728] ZTF25aajgfsk  constant+matern32  -> ok
    ERR ZTF25aajuqtp gibbs: r machine, GPU will not be used.
WARNING: All log messages before absl::InitializeLog() is called are written to STDERR
I0000 00:00:1787893177.488066  794494 cudart_stub.cc:31] Could not find cuda drivers on your machine, GPU will not be used.
ZTF25aajuqtp: no photometry left after cuts + bands=gri

[1517/1728] ZTF25aajuqtp  constant+gibbs  -> error
    ERR ZTF25aajuqtp changepoint: r machine, GPU will not be used.
WARNING: All log messages before absl::InitializeLog() is called are written to STDERR
I0000 00:00:1787893183.805276  794667 cudart_stub.cc:31] Could not find cuda drivers on your machine, GPU will not be used.
ZTF25aajuqtp: no photometry left after cuts + bands=gri

[1518/1728] ZTF25aajuqtp  constant+changepoint  -> error
    ERR ZTF25aajuqtp changepoint_1: r machine, GPU will not be used.
WARNING: All log messages before absl::InitializeLog() is called are written to STDERR
I0000 00:00:1787893190.235446  794676 cudart_stub.cc:31] Could not find cuda drivers on your machine, GPU will not be used.
ZTF25aajuqtp: no photometry left after cuts + bands=gri

[1519/1728] ZTF25aajuqtp  constant+changepoint_1  -> error
    ERR ZTF25aajuqtp matern32: r machine, GPU will not be used.
WARNING: All log messages before absl::InitializeLog() is called are written to STDERR
I0000 00:00:1787893196.762840  794687 cudart_stub.cc:31] Could not find cuda drivers on your machine, GPU will not be used.
ZTF25aajuqtp: no photometry left after cuts + bands=gri

[1520/1728] ZTF25aajuqtp  constant+matern32  -> error
[1521/1728] ZTF25aakbbof  constant+gibbs  -> ok
[1522/1728] ZTF25aakbbof  constant+changepoint  -> ok
[1523/1728] ZTF25aakbbof  constant+changepoint_1  -> ok
[1524/1728] ZTF25aakbbof  constant+matern32  -> ok
[1525/1728] ZTF25aakeqyr  constant+gibbs  -> ok
[1526/1728] ZTF25aakeqyr  constant+changepoint  -> ok
[1527/1728] ZTF25aakeqyr  constant+changepoint_1  -> ok
[1528/1728] ZTF25aakeqyr  constant+matern32  -> ok
[1529/1728] ZTF25aamplge  constant+gibbs  -> ok
[1530/1728] ZTF25aamplge  constant+changepoint  -> ok
[1531/1728] ZTF25aamplge  constant+changepoint_1  -> ok
[1532/1728] ZTF25aamplge  constant+matern32  -> ok
[1533/1728] ZTF25aankyie  constant+gibbs  -> ok
[1534/1728] ZTF25aankyie  constant+changepoint  -> ok
[1535/1728] ZTF25aankyie  constant+changepoint_1  -> ok
[1536/1728] ZTF25aankyie  constant+matern32  -> ok
[1537/1728] ZTF25aanxtou  constant+gibbs  -> ok
[1538/1728] ZTF25aanxtou  constant+changepoint  -> ok
[1539/1728] ZTF25aanxtou  constant+changepoint_1  -> ok
[1540/1728] ZTF25aanxtou  constant+matern32  -> ok
[1541/1728] ZTF25aaomnws  constant+gibbs  -> ok
[1542/1728] ZTF25aaomnws  constant+changepoint  -> ok
[1543/1728] ZTF25aaomnws  constant+changepoint_1  -> ok
[1544/1728] ZTF25aaomnws  constant+matern32  -> ok
[1545/1728] ZTF25aarmzhx  constant+gibbs  -> ok
[1546/1728] ZTF25aarmzhx  constant+changepoint  -> ok
[1547/1728] ZTF25aarmzhx  constant+changepoint_1  -> ok
[1548/1728] ZTF25aarmzhx  constant+matern32  -> ok
[1549/1728] ZTF25aaurzyo  constant+gibbs  -> ok
[1550/1728] ZTF25aaurzyo  constant+changepoint  -> ok
[1551/1728] ZTF25aaurzyo  constant+changepoint_1  -> ok
[1552/1728] ZTF25aaurzyo  constant+matern32  -> ok
[1553/1728] ZTF25aavahfn  constant+gibbs  -> ok
[1554/1728] ZTF25aavahfn  constant+changepoint  -> ok
[1555/1728] ZTF25aavahfn  constant+changepoint_1  -> ok
[1556/1728] ZTF25aavahfn  constant+matern32  -> ok
[1557/1728] ZTF25aawaobl  constant+gibbs  -> ok
[1558/1728] ZTF25aawaobl  constant+changepoint  -> ok
[1559/1728] ZTF25aawaobl  constant+changepoint_1  -> ok
[1560/1728] ZTF25aawaobl  constant+matern32  -> ok
[1561/1728] ZTF25aaxegmh  constant+gibbs  -> ok
[1562/1728] ZTF25aaxegmh  constant+changepoint  -> ok
[1563/1728] ZTF25aaxegmh  constant+changepoint_1  -> ok
[1564/1728] ZTF25aaxegmh  constant+matern32  -> ok
[1565/1728] ZTF25abbzsku  constant+gibbs  -> ok
[1566/1728] ZTF25abbzsku  constant+changepoint  -> ok
[1567/1728] ZTF25abbzsku  constant+changepoint_1  -> ok
[1568/1728] ZTF25abbzsku  constant+matern32  -> ok
[1569/1728] ZTF25abclliu  constant+gibbs  -> ok
[1570/1728] ZTF25abclliu  constant+changepoint  -> ok
[1571/1728] ZTF25abclliu  constant+changepoint_1  -> ok
[1572/1728] ZTF25abclliu  constant+matern32  -> ok
[1573/1728] ZTF25abcydiy  constant+gibbs  -> ok
[1574/1728] ZTF25abcydiy  constant+changepoint  -> ok
[1575/1728] ZTF25abcydiy  constant+changepoint_1  -> ok
[1576/1728] ZTF25abcydiy  constant+matern32  -> ok
[1577/1728] ZTF25abecvml  constant+gibbs  -> ok
[1578/1728] ZTF25abecvml  constant+changepoint  -> ok
[1579/1728] ZTF25abecvml  constant+changepoint_1  -> ok
[1580/1728] ZTF25abecvml  constant+matern32  -> ok
[1581/1728] ZTF25abixhdc  constant+gibbs  -> ok
[1582/1728] ZTF25abixhdc  constant+changepoint  -> ok
[1583/1728] ZTF25abixhdc  constant+changepoint_1  -> ok
[1584/1728] ZTF25abixhdc  constant+matern32  -> ok
[1585/1728] ZTF25abkwytp  constant+gibbs  -> ok
[1586/1728] ZTF25abkwytp  constant+changepoint  -> ok
[1587/1728] ZTF25abkwytp  constant+changepoint_1  -> ok
[1588/1728] ZTF25abkwytp  constant+matern32  -> ok
[1589/1728] ZTF25ablgkgi  constant+gibbs  -> ok
[1590/1728] ZTF25ablgkgi  constant+changepoint  -> ok
[1591/1728] ZTF25ablgkgi  constant+changepoint_1  -> ok
[1592/1728] ZTF25ablgkgi  constant+matern32  -> ok
[1593/1728] ZTF25ablulax  constant+gibbs  -> ok
[1594/1728] ZTF25ablulax  constant+changepoint  -> ok
[1595/1728] ZTF25ablulax  constant+changepoint_1  -> ok
[1596/1728] ZTF25ablulax  constant+matern32  -> ok
[1597/1728] ZTF25abmjfcf  constant+gibbs  -> ok
[1598/1728] ZTF25abmjfcf  constant+changepoint  -> ok
[1599/1728] ZTF25abmjfcf  constant+changepoint_1  -> ok
[1600/1728] ZTF25abmjfcf  constant+matern32  -> ok
[1601/1728] ZTF25abmsmeg  constant+gibbs  -> ok
[1602/1728] ZTF25abmsmeg  constant+changepoint  -> ok
[1603/1728] ZTF25abmsmeg  constant+changepoint_1  -> ok
[1604/1728] ZTF25abmsmeg  constant+matern32  -> ok
[1605/1728] ZTF25abmtiec  constant+gibbs  -> ok
[1606/1728] ZTF25abmtiec  constant+changepoint  -> ok
[1607/1728] ZTF25abmtiec  constant+changepoint_1  -> ok
[1608/1728] ZTF25abmtiec  constant+matern32  -> ok
[1609/1728] ZTF25aboftol  constant+gibbs  -> ok
[1610/1728] ZTF25aboftol  constant+changepoint  -> ok
[1611/1728] ZTF25aboftol  constant+changepoint_1  -> ok
[1612/1728] ZTF25aboftol  constant+matern32  -> ok
[1613/1728] ZTF25abqsbxy  constant+gibbs  -> ok
[1614/1728] ZTF25abqsbxy  constant+changepoint  -> ok
[1615/1728] ZTF25abqsbxy  constant+changepoint_1  -> ok
[1616/1728] ZTF25abqsbxy  constant+matern32  -> ok
[1617/1728] ZTF25abvbjre  constant+gibbs  -> ok
[1618/1728] ZTF25abvbjre  constant+changepoint  -> ok
[1619/1728] ZTF25abvbjre  constant+changepoint_1  -> ok
[1620/1728] ZTF25abvbjre  constant+matern32  -> ok
[1621/1728] ZTF25abvcnay  constant+gibbs  -> ok
[1622/1728] ZTF25abvcnay  constant+changepoint  -> ok
[1623/1728] ZTF25abvcnay  constant+changepoint_1  -> ok
[1624/1728] ZTF25abvcnay  constant+matern32  -> ok
[1625/1728] ZTF25abweqoj  constant+gibbs  -> ok
[1626/1728] ZTF25abweqoj  constant+changepoint  -> ok
[1627/1728] ZTF25abweqoj  constant+changepoint_1  -> ok
[1628/1728] ZTF25abweqoj  constant+matern32  -> ok
[1629/1728] ZTF25abwophe  constant+gibbs  -> ok
[1630/1728] ZTF25abwophe  constant+changepoint  -> ok
[1631/1728] ZTF25abwophe  constant+changepoint_1  -> ok
[1632/1728] ZTF25abwophe  constant+matern32  -> ok
[1633/1728] ZTF25abxfsza  constant+gibbs  -> ok
[1634/1728] ZTF25abxfsza  constant+changepoint  -> ok
[1635/1728] ZTF25abxfsza  constant+changepoint_1  -> ok
[1636/1728] ZTF25abxfsza  constant+matern32  -> ok
[1637/1728] ZTF25abyevmr  constant+gibbs  -> ok
[1638/1728] ZTF25abyevmr  constant+changepoint  -> ok
[1639/1728] ZTF25abyevmr  constant+changepoint_1  -> ok
[1640/1728] ZTF25abyevmr  constant+matern32  -> ok
[1641/1728] ZTF25abyrwhz  constant+gibbs  -> ok
[1642/1728] ZTF25abyrwhz  constant+changepoint  -> ok
[1643/1728] ZTF25abyrwhz  constant+changepoint_1  -> ok
[1644/1728] ZTF25abyrwhz  constant+matern32  -> ok
[1645/1728] ZTF25abzudli  constant+gibbs  -> ok
[1646/1728] ZTF25abzudli  constant+changepoint  -> ok
[1647/1728] ZTF25abzudli  constant+changepoint_1  -> ok
[1648/1728] ZTF25abzudli  constant+matern32  -> ok
[1649/1728] ZTF25acbzkov  constant+gibbs  -> ok
[1650/1728] ZTF25acbzkov  constant+changepoint  -> ok
[1651/1728] ZTF25acbzkov  constant+changepoint_1  -> ok
[1652/1728] ZTF25acbzkov  constant+matern32  -> ok
[1653/1728] ZTF25accmopr  constant+gibbs  -> ok
[1654/1728] ZTF25accmopr  constant+changepoint  -> ok
[1655/1728] ZTF25accmopr  constant+changepoint_1  -> ok
[1656/1728] ZTF25accmopr  constant+matern32  -> ok
[1657/1728] ZTF25acdktzt  constant+gibbs  -> ok
[1658/1728] ZTF25acdktzt  constant+changepoint  -> ok
[1659/1728] ZTF25acdktzt  constant+changepoint_1  -> ok
[1660/1728] ZTF25acdktzt  constant+matern32  -> ok
[1661/1728] ZTF25acemaph  constant+gibbs  -> ok
[1662/1728] ZTF25acemaph  constant+changepoint  -> ok
[1663/1728] ZTF25acemaph  constant+changepoint_1  -> ok
[1664/1728] ZTF25acemaph  constant+matern32  -> ok
[1665/1728] ZTF25aceopyo  constant+gibbs  -> ok
[1666/1728] ZTF25aceopyo  constant+changepoint  -> ok
[1667/1728] ZTF25aceopyo  constant+changepoint_1  -> ok
[1668/1728] ZTF25aceopyo  constant+matern32  -> ok
[1669/1728] ZTF25acgdfwz  constant+gibbs  -> ok
[1670/1728] ZTF25acgdfwz  constant+changepoint  -> ok
[1671/1728] ZTF25acgdfwz  constant+changepoint_1  -> ok
[1672/1728] ZTF25acgdfwz  constant+matern32  -> ok
[1673/1728] ZTF26aaakmmc  constant+gibbs  -> ok
[1674/1728] ZTF26aaakmmc  constant+changepoint  -> ok
[1675/1728] ZTF26aaakmmc  constant+changepoint_1  -> ok
[1676/1728] ZTF26aaakmmc  constant+matern32  -> ok
[1677/1728] ZTF26aadqfik  constant+gibbs  -> ok
[1678/1728] ZTF26aadqfik  constant+changepoint  -> ok
[1679/1728] ZTF26aadqfik  constant+changepoint_1  -> ok
[1680/1728] ZTF26aadqfik  constant+matern32  -> ok
[1681/1728] ZTF26aadqwlb  constant+gibbs  -> ok
[1682/1728] ZTF26aadqwlb  constant+changepoint  -> ok
[1683/1728] ZTF26aadqwlb  constant+changepoint_1  -> ok
[1684/1728] ZTF26aadqwlb  constant+matern32  -> ok
[1685/1728] ZTF26aagbzrh  constant+gibbs  -> ok
[1686/1728] ZTF26aagbzrh  constant+changepoint  -> ok
[1687/1728] ZTF26aagbzrh  constant+changepoint_1  -> ok
[1688/1728] ZTF26aagbzrh  constant+matern32  -> ok
[1689/1728] ZTF26aagrmky  constant+gibbs  -> ok
[1690/1728] ZTF26aagrmky  constant+changepoint  -> ok
[1691/1728] ZTF26aagrmky  constant+changepoint_1  -> ok
[1692/1728] ZTF26aagrmky  constant+matern32  -> ok
[1693/1728] ZTF26aahinar  constant+gibbs  -> ok
[1694/1728] ZTF26aahinar  constant+changepoint  -> ok
[1695/1728] ZTF26aahinar  constant+changepoint_1  -> ok
[1696/1728] ZTF26aahinar  constant+matern32  -> ok
[1697/1728] ZTF26aahjdpb  constant+gibbs  -> ok
[1698/1728] ZTF26aahjdpb  constant+changepoint  -> ok
[1699/1728] ZTF26aahjdpb  constant+changepoint_1  -> ok
[1700/1728] ZTF26aahjdpb  constant+matern32  -> ok
[1701/1728] ZTF26aajnayv  constant+gibbs  -> ok
[1702/1728] ZTF26aajnayv  constant+changepoint  -> ok
[1703/1728] ZTF26aajnayv  constant+changepoint_1  -> ok
[1704/1728] ZTF26aajnayv  constant+matern32  -> ok
[1705/1728] ZTF26aakdoou  constant+gibbs  -> ok
[1706/1728] ZTF26aakdoou  constant+changepoint  -> ok
[1707/1728] ZTF26aakdoou  constant+changepoint_1  -> ok
[1708/1728] ZTF26aakdoou  constant+matern32  -> ok
[1709/1728] ZTF26aalsmpp  constant+gibbs  -> ok
[1710/1728] ZTF26aalsmpp  constant+changepoint  -> ok
[1711/1728] ZTF26aalsmpp  constant+changepoint_1  -> ok
[1712/1728] ZTF26aalsmpp  constant+matern32  -> ok
[1713/1728] ZTF26aaqxhgb  constant+gibbs  -> ok
[1714/1728] ZTF26aaqxhgb  constant+changepoint  -> ok
[1715/1728] ZTF26aaqxhgb  constant+changepoint_1  -> ok
[1716/1728] ZTF26aaqxhgb  constant+matern32  -> ok
[1717/1728] ZTF26aarkqap  constant+gibbs  -> ok
[1718/1728] ZTF26aarkqap  constant+changepoint  -> ok
[1719/1728] ZTF26aarkqap  constant+changepoint_1  -> ok
[1720/1728] ZTF26aarkqap  constant+matern32  -> ok
[1721/1728] ZTF26aatlolu  constant+gibbs  -> ok
[1722/1728] ZTF26aatlolu  constant+changepoint  -> ok
[1723/1728] ZTF26aatlolu  constant+changepoint_1  -> ok
[1724/1728] ZTF26aatlolu  constant+matern32  -> ok
[1725/1728] ZTF26aaulhci  constant+gibbs  -> ok
[1726/1728] ZTF26aaulhci  constant+changepoint  -> ok
[1727/1728] ZTF26aaulhci  constant+changepoint_1  -> ok
[1728/1728] ZTF26aaulhci  constant+matern32  -> ok
metrics -> /users/ariywagh/GP_SN/fit_results/fit_metrics.csv   (0/1728 fits present)
best-fit summary -> /users/ariywagh/GP_SN/sn_gp/fit/best_fit.csv
