[1/1728] ZTF18aaexyql  constant+gibbs  -> cached
[2/1728] ZTF18aaexyql  constant+changepoint  -> cached
[3/1728] ZTF18aaexyql  constant+changepoint_1  -> cached
[4/1728] ZTF18aaexyql  constant+matern32  -> cached
[5/1728] ZTF18aakkrjm  constant+gibbs  -> cached
[6/1728] ZTF18aakkrjm  constant+changepoint  -> cached
[7/1728] ZTF18aakkrjm  constant+changepoint_1  -> cached
[8/1728] ZTF18aakkrjm  constant+matern32  -> cached
[9/1728] ZTF18aaqjovh  constant+gibbs  -> cached
[10/1728] ZTF18aaqjovh  constant+changepoint  -> cached
[11/1728] ZTF18aaqjovh  constant+changepoint_1  -> cached
[12/1728] ZTF18aaqjovh  constant+matern32  -> cached
[13/1728] ZTF18aaxiuyp  constant+gibbs  -> cached
[14/1728] ZTF18aaxiuyp  constant+changepoint  -> cached
[15/1728] ZTF18aaxiuyp  constant+changepoint_1  -> cached
[16/1728] ZTF18aaxiuyp  constant+matern32  -> cached
[17/1728] ZTF18abdffeo  constant+gibbs  -> cached
[18/1728] ZTF18abdffeo  constant+changepoint  -> cached
[19/1728] ZTF18abdffeo  constant+changepoint_1  -> cached
[20/1728] ZTF18abdffeo  constant+matern32  -> cached
[21/1728] ZTF18abdkkwa  constant+gibbs  -> cached
[22/1728] ZTF18abdkkwa  constant+changepoint  -> cached
[23/1728] ZTF18abdkkwa  constant+changepoint_1  -> cached
[24/1728] ZTF18abdkkwa  constant+matern32  -> cached
[25/1728] ZTF18abeamgv  constant+gibbs  -> cached
[26/1728] ZTF18abeamgv  constant+changepoint  -> cached
[27/1728] ZTF18abeamgv  constant+changepoint_1  -> cached
[28/1728] ZTF18abeamgv  constant+matern32  -> cached
[29/1728] ZTF18abecbks  constant+gibbs  -> cached
[30/1728] ZTF18abecbks  constant+changepoint  -> cached
[31/1728] ZTF18abecbks  constant+changepoint_1  -> cached
[32/1728] ZTF18abecbks  constant+matern32  -> cached
[33/1728] ZTF18abeyqpr  constant+gibbs  -> cached
[34/1728] ZTF18abeyqpr  constant+changepoint  -> cached
[35/1728] ZTF18abeyqpr  constant+changepoint_1  -> cached
[36/1728] ZTF18abeyqpr  constant+matern32  -> cached
[37/1728] ZTF18abfcmjw  constant+gibbs  -> cached
[38/1728] ZTF18abfcmjw  constant+changepoint  -> cached
[39/1728] ZTF18abfcmjw  constant+changepoint_1  -> cached
[40/1728] ZTF18abfcmjw  constant+matern32  -> cached
[41/1728] ZTF18abfzhct  constant+gibbs  -> cached
[42/1728] ZTF18abfzhct  constant+changepoint  -> cached
[43/1728] ZTF18abfzhct  constant+changepoint_1  -> cached
[44/1728] ZTF18abfzhct  constant+matern32  -> cached
[45/1728] ZTF18abhhnnv  constant+gibbs  -> cached
[46/1728] ZTF18abhhnnv  constant+changepoint  -> cached
[47/1728] ZTF18abhhnnv  constant+changepoint_1  -> cached
[48/1728] ZTF18abhhnnv  constant+matern32  -> cached
[49/1728] ZTF18abjyjdz  constant+gibbs  -> cached
[50/1728] ZTF18abjyjdz  constant+changepoint  -> cached
[51/1728] ZTF18abjyjdz  constant+changepoint_1  -> cached
[52/1728] ZTF18abjyjdz  constant+matern32  -> cached
[53/1728] ZTF18abkjnqy  constant+gibbs  -> cached
[54/1728] ZTF18abkjnqy  constant+changepoint  -> cached
[55/1728] ZTF18abkjnqy  constant+changepoint_1  -> cached
[56/1728] ZTF18abkjnqy  constant+matern32  -> cached
[57/1728] ZTF18aboabxv  constant+gibbs  -> cached
[58/1728] ZTF18aboabxv  constant+changepoint  -> cached
[59/1728] ZTF18aboabxv  constant+changepoint_1  -> cached
[60/1728] ZTF18aboabxv  constant+matern32  -> cached
[61/1728] ZTF18abukavn  constant+gibbs  -> cached
[62/1728] ZTF18abukavn  constant+changepoint  -> cached
[63/1728] ZTF18abukavn  constant+changepoint_1  -> cached
[64/1728] ZTF18abukavn  constant+matern32  -> cached
[65/1728] ZTF18abvkmgw  constant+gibbs  -> cached
[66/1728] ZTF18abvkmgw  constant+changepoint  -> cached
[67/1728] ZTF18abvkmgw  constant+changepoint_1  -> cached
[68/1728] ZTF18abvkmgw  constant+matern32  -> cached
[69/1728] ZTF18acbvpzj  constant+gibbs  -> cached
[70/1728] ZTF18acbvpzj  constant+changepoint  -> cached
[71/1728] ZTF18acbvpzj  constant+changepoint_1  -> cached
[72/1728] ZTF18acbvpzj  constant+matern32  -> cached
[73/1728] ZTF18aceqrrs  constant+gibbs  -> cached
[74/1728] ZTF18aceqrrs  constant+changepoint  -> cached
[75/1728] ZTF18aceqrrs  constant+changepoint_1  -> cached
[76/1728] ZTF18aceqrrs  constant+matern32  -> cached
[77/1728] ZTF18achcpwu  constant+gibbs  -> cached
[78/1728] ZTF18achcpwu  constant+changepoint  -> cached
[79/1728] ZTF18achcpwu  constant+changepoint_1  -> cached
[80/1728] ZTF18achcpwu  constant+matern32  -> cached
[81/1728] ZTF18achdidy  constant+gibbs  -> cached
[82/1728] ZTF18achdidy  constant+changepoint  -> cached
[83/1728] ZTF18achdidy  constant+changepoint_1  -> cached
[84/1728] ZTF18achdidy  constant+matern32  -> cached
[85/1728] ZTF18acizepv  constant+gibbs  -> cached
[86/1728] ZTF18acizepv  constant+changepoint  -> cached
[87/1728] ZTF18acizepv  constant+changepoint_1  -> cached
[88/1728] ZTF18acizepv  constant+matern32  -> cached
[89/1728] ZTF18acnncve  constant+gibbs  -> cached
[90/1728] ZTF18acnncve  constant+changepoint  -> cached
[91/1728] ZTF18acnncve  constant+changepoint_1  -> cached
[92/1728] ZTF18acnncve  constant+matern32  -> cached
[93/1728] ZTF18acsjrbc  constant+gibbs  -> cached
[94/1728] ZTF18acsjrbc  constant+changepoint  -> cached
[95/1728] ZTF18acsjrbc  constant+changepoint_1  -> cached
[96/1728] ZTF18acsjrbc  constant+matern32  -> cached
[97/1728] ZTF18acyxnyw  constant+gibbs  -> cached
[98/1728] ZTF18acyxnyw  constant+changepoint  -> cached
[99/1728] ZTF18acyxnyw  constant+changepoint_1  -> cached
[100/1728] ZTF18acyxnyw  constant+matern32  -> cached
[101/1728] ZTF18aczcumi  constant+gibbs  -> cached
[102/1728] ZTF18aczcumi  constant+changepoint  -> cached
[103/1728] ZTF18aczcumi  constant+changepoint_1  -> cached
[104/1728] ZTF18aczcumi  constant+matern32  -> cached
[105/1728] ZTF18aczqzrj  constant+gibbs  -> cached
[106/1728] ZTF18aczqzrj  constant+changepoint  -> cached
[107/1728] ZTF18aczqzrj  constant+changepoint_1  -> cached
[108/1728] ZTF18aczqzrj  constant+matern32  -> cached
[109/1728] ZTF18adasisj  constant+gibbs  -> cached
[110/1728] ZTF18adasisj  constant+changepoint  -> cached
[111/1728] ZTF18adasisj  constant+changepoint_1  -> cached
[112/1728] ZTF18adasisj  constant+matern32  -> cached
[113/1728] ZTF18adaykvg  constant+gibbs  -> cached
[114/1728] ZTF18adaykvg  constant+changepoint  -> cached
[115/1728] ZTF18adaykvg  constant+changepoint_1  -> cached
[116/1728] ZTF18adaykvg  constant+matern32  -> cached
[117/1728] ZTF19aadnhdo  constant+gibbs  -> cached
[118/1728] ZTF19aadnhdo  constant+changepoint  -> cached
[119/1728] ZTF19aadnhdo  constant+changepoint_1  -> cached
[120/1728] ZTF19aadnhdo  constant+matern32  -> cached
[121/1728] ZTF19aafmyow  constant+gibbs  -> cached
[122/1728] ZTF19aafmyow  constant+changepoint  -> cached
[123/1728] ZTF19aafmyow  constant+changepoint_1  -> cached
[124/1728] ZTF19aafmyow  constant+matern32  -> cached
[125/1728] ZTF19aailcgs  constant+gibbs  -> cached
[126/1728] ZTF19aailcgs  constant+changepoint  -> cached
[127/1728] ZTF19aailcgs  constant+changepoint_1  -> cached
[128/1728] ZTF19aailcgs  constant+matern32  -> cached
[129/1728] ZTF19aailsge  constant+gibbs  -> cached
[130/1728] ZTF19aailsge  constant+changepoint  -> cached
[131/1728] ZTF19aailsge  constant+changepoint_1  -> cached
[132/1728] ZTF19aailsge  constant+matern32  -> cached
[133/1728] ZTF19aakirwj  constant+gibbs  -> cached
[134/1728] ZTF19aakirwj  constant+changepoint  -> cached
[135/1728] ZTF19aakirwj  constant+changepoint_1  -> cached
[136/1728] ZTF19aakirwj  constant+matern32  -> cached
[137/1728] ZTF19aakpcuw  constant+gibbs  -> cached
[138/1728] ZTF19aakpcuw  constant+changepoint  -> cached
[139/1728] ZTF19aakpcuw  constant+changepoint_1  -> cached
[140/1728] ZTF19aakpcuw  constant+matern32  -> cached
[141/1728] ZTF19aalfsqm  constant+gibbs  -> cached
[142/1728] ZTF19aalfsqm  constant+changepoint  -> cached
[143/1728] ZTF19aalfsqm  constant+changepoint_1  -> cached
[144/1728] ZTF19aalfsqm  constant+matern32  -> cached
[145/1728] ZTF19aalouag  constant+gibbs  -> cached
[146/1728] ZTF19aalouag  constant+changepoint  -> cached
[147/1728] ZTF19aalouag  constant+changepoint_1  -> cached
[148/1728] ZTF19aalouag  constant+matern32  -> cached
[149/1728] ZTF19aamgghn  constant+gibbs  -> cached
[150/1728] ZTF19aamgghn  constant+changepoint  -> cached
[151/1728] ZTF19aamgghn  constant+changepoint_1  -> cached
[152/1728] ZTF19aamgghn  constant+matern32  -> cached
[153/1728] ZTF19aamsetj  constant+gibbs  -> cached
[154/1728] ZTF19aamsetj  constant+changepoint  -> cached
[155/1728] ZTF19aamsetj  constant+changepoint_1  -> cached
[156/1728] ZTF19aamsetj  constant+matern32  -> cached
[157/1728] ZTF19aanesgt  constant+gibbs  -> cached
[158/1728] ZTF19aanesgt  constant+changepoint  -> cached
[159/1728] ZTF19aanesgt  constant+changepoint_1  -> cached
[160/1728] ZTF19aanesgt  constant+matern32  -> cached
[161/1728] ZTF19aanfukh  constant+gibbs  -> cached
[162/1728] ZTF19aanfukh  constant+changepoint  -> cached
[163/1728] ZTF19aanfukh  constant+changepoint_1  -> cached
[164/1728] ZTF19aanfukh  constant+matern32  -> cached
[165/1728] ZTF19aanijpu  constant+gibbs  -> cached
[166/1728] ZTF19aanijpu  constant+changepoint  -> cached
[167/1728] ZTF19aanijpu  constant+changepoint_1  -> cached
[168/1728] ZTF19aanijpu  constant+matern32  -> cached
[169/1728] ZTF19aaoxvfe  constant+gibbs  -> cached
[170/1728] ZTF19aaoxvfe  constant+changepoint  -> cached
[171/1728] ZTF19aaoxvfe  constant+changepoint_1  -> cached
[172/1728] ZTF19aaoxvfe  constant+matern32  -> cached
[173/1728] ZTF19aarfyvc  constant+gibbs  -> cached
[174/1728] ZTF19aarfyvc  constant+changepoint  -> cached
[175/1728] ZTF19aarfyvc  constant+changepoint_1  -> cached
[176/1728] ZTF19aarfyvc  constant+matern32  -> cached
[177/1728] ZTF19aarphwc  constant+gibbs  -> cached
[178/1728] ZTF19aarphwc  constant+changepoint  -> cached
[179/1728] ZTF19aarphwc  constant+changepoint_1  -> cached
[180/1728] ZTF19aarphwc  constant+matern32  -> cached
[181/1728] ZTF19aatheus  constant+gibbs  -> cached
[182/1728] ZTF19aatheus  constant+changepoint  -> cached
[183/1728] ZTF19aatheus  constant+changepoint_1  -> cached
[184/1728] ZTF19aatheus  constant+matern32  -> cached
[185/1728] ZTF19aavitlq  constant+gibbs  -> cached
[186/1728] ZTF19aavitlq  constant+changepoint  -> cached
[187/1728] ZTF19aavitlq  constant+changepoint_1  -> cached
[188/1728] ZTF19aavitlq  constant+matern32  -> cached
[189/1728] ZTF19aavouyw  constant+gibbs  -> cached
[190/1728] ZTF19aavouyw  constant+changepoint  -> cached
[191/1728] ZTF19aavouyw  constant+changepoint_1  -> cached
[192/1728] ZTF19aavouyw  constant+matern32  -> cached
[193/1728] ZTF19aavoweu  constant+gibbs  -> cached
[194/1728] ZTF19aavoweu  constant+changepoint  -> cached
[195/1728] ZTF19aavoweu  constant+changepoint_1  -> cached
[196/1728] ZTF19aavoweu  constant+matern32  -> cached
[197/1728] ZTF19aawfbtg  constant+gibbs  -> cached
[198/1728] ZTF19aawfbtg  constant+changepoint  -> cached
[199/1728] ZTF19aawfbtg  constant+changepoint_1  -> cached
[200/1728] ZTF19aawfbtg  constant+matern32  -> cached
[201/1728] ZTF19aawhzsh  constant+gibbs  -> cached
[202/1728] ZTF19aawhzsh  constant+changepoint  -> cached
[203/1728] ZTF19aawhzsh  constant+changepoint_1  -> cached
[204/1728] ZTF19aawhzsh  constant+matern32  -> cached
[205/1728] ZTF19aawqcgy  constant+gibbs  -> cached
[206/1728] ZTF19aawqcgy  constant+changepoint  -> cached
[207/1728] ZTF19aawqcgy  constant+changepoint_1  -> cached
[208/1728] ZTF19aawqcgy  constant+matern32  -> cached
[209/1728] ZTF19aawsday  constant+gibbs  -> cached
[210/1728] ZTF19aawsday  constant+changepoint  -> cached
[211/1728] ZTF19aawsday  constant+changepoint_1  -> cached
[212/1728] ZTF19aawsday  constant+matern32  -> cached
[213/1728] ZTF19aaxfcpq  constant+gibbs  -> cached
[214/1728] ZTF19aaxfcpq  constant+changepoint  -> cached
[215/1728] ZTF19aaxfcpq  constant+changepoint_1  -> cached
[216/1728] ZTF19aaxfcpq  constant+matern32  -> cached
[217/1728] ZTF19aaxzdtw  constant+gibbs  -> cached
[218/1728] ZTF19aaxzdtw  constant+changepoint  -> cached
[219/1728] ZTF19aaxzdtw  constant+changepoint_1  -> cached
[220/1728] ZTF19aaxzdtw  constant+matern32  -> cached
[221/1728] ZTF19abafmwj  constant+gibbs  -> cached
[222/1728] ZTF19abafmwj  constant+changepoint  -> cached
[223/1728] ZTF19abafmwj  constant+changepoint_1  -> cached
[224/1728] ZTF19abafmwj  constant+matern32  -> cached
[225/1728] ZTF19abauylg  constant+gibbs  -> cached
[226/1728] ZTF19abauylg  constant+changepoint  -> cached
[227/1728] ZTF19abauylg  constant+changepoint_1  -> cached
[228/1728] ZTF19abauylg  constant+matern32  -> cached
[229/1728] ZTF19abcegvm  constant+gibbs  -> cached
[230/1728] ZTF19abcegvm  constant+changepoint  -> cached
[231/1728] ZTF19abcegvm  constant+changepoint_1  -> cached
[232/1728] ZTF19abcegvm  constant+matern32  -> cached
[233/1728] ZTF19abdoior  constant+gibbs  -> cached
[234/1728] ZTF19abdoior  constant+changepoint  -> cached
[235/1728] ZTF19abdoior  constant+changepoint_1  -> cached
[236/1728] ZTF19abdoior  constant+matern32  -> cached
[237/1728] ZTF19abfiqjg  constant+gibbs  -> cached
[238/1728] ZTF19abfiqjg  constant+changepoint  -> cached
[239/1728] ZTF19abfiqjg  constant+changepoint_1  -> cached
[240/1728] ZTF19abfiqjg  constant+matern32  -> cached
[241/1728] ZTF19abfsxpw  constant+gibbs  -> cached
[242/1728] ZTF19abfsxpw  constant+changepoint  -> cached
[243/1728] ZTF19abfsxpw  constant+changepoint_1  -> cached
[244/1728] ZTF19abfsxpw  constant+matern32  -> cached
[245/1728] ZTF19abfvnns  constant+gibbs  -> cached
[246/1728] ZTF19abfvnns  constant+changepoint  -> cached
[247/1728] ZTF19abfvnns  constant+changepoint_1  -> cached
[248/1728] ZTF19abfvnns  constant+matern32  -> cached
[249/1728] ZTF19ablesob  constant+gibbs  -> cached
[250/1728] ZTF19ablesob  constant+changepoint  -> cached
[251/1728] ZTF19ablesob  constant+changepoint_1  -> cached
[252/1728] ZTF19ablesob  constant+matern32  -> cached
[253/1728] ZTF19abnacvf  constant+gibbs  -> cached
[254/1728] ZTF19abnacvf  constant+changepoint  -> cached
[255/1728] ZTF19abnacvf  constant+changepoint_1  -> cached
[256/1728] ZTF19abnacvf  constant+matern32  -> cached
[257/1728] ZTF19abpbopt  constant+gibbs  -> cached
[258/1728] ZTF19abpbopt  constant+changepoint  -> cached
[259/1728] ZTF19abpbopt  constant+changepoint_1  -> cached
[260/1728] ZTF19abpbopt  constant+matern32  -> cached
[261/1728] ZTF19abqmsbk  constant+gibbs  -> cached
[262/1728] ZTF19abqmsbk  constant+changepoint  -> cached
[263/1728] ZTF19abqmsbk  constant+changepoint_1  -> cached
[264/1728] ZTF19abqmsbk  constant+matern32  -> cached
[265/1728] ZTF19abqqrgy  constant+gibbs  -> cached
[266/1728] ZTF19abqqrgy  constant+changepoint  -> cached
[267/1728] ZTF19abqqrgy  constant+changepoint_1  -> cached
[268/1728] ZTF19abqqrgy  constant+matern32  -> cached
[269/1728] ZTF19abqshry  constant+gibbs  -> cached
[270/1728] ZTF19abqshry  constant+changepoint  -> cached
[271/1728] ZTF19abqshry  constant+changepoint_1  -> cached
[272/1728] ZTF19abqshry  constant+matern32  -> cached
[273/1728] ZTF19abqwtfu  constant+gibbs  -> cached
[274/1728] ZTF19abqwtfu  constant+changepoint  -> cached
[275/1728] ZTF19abqwtfu  constant+changepoint_1  -> cached
[276/1728] ZTF19abqwtfu  constant+matern32  -> cached
[277/1728] ZTF19abqxibq  constant+gibbs  -> cached
[278/1728] ZTF19abqxibq  constant+changepoint  -> cached
[279/1728] ZTF19abqxibq  constant+changepoint_1  -> cached
[280/1728] ZTF19abqxibq  constant+matern32  -> cached
[281/1728] ZTF19abtsnyy  constant+gibbs  -> cached
[282/1728] ZTF19abtsnyy  constant+changepoint  -> cached
[283/1728] ZTF19abtsnyy  constant+changepoint_1  -> cached
[284/1728] ZTF19abtsnyy  constant+matern32  -> cached
[285/1728] ZTF19abupned  constant+gibbs  -> cached
[286/1728] ZTF19abupned  constant+changepoint  -> cached
[287/1728] ZTF19abupned  constant+changepoint_1  -> cached
[288/1728] ZTF19abupned  constant+matern32  -> cached
[289/1728] ZTF19abvdgqo  constant+gibbs  -> cached
[290/1728] ZTF19abvdgqo  constant+changepoint  -> cached
[291/1728] ZTF19abvdgqo  constant+changepoint_1  -> cached
[292/1728] ZTF19abvdgqo  constant+matern32  -> cached
[293/1728] ZTF19abzqywg  constant+gibbs  -> cached
[294/1728] ZTF19abzqywg  constant+changepoint  -> cached
[295/1728] ZTF19abzqywg  constant+changepoint_1  -> cached
[296/1728] ZTF19abzqywg  constant+matern32  -> cached
[297/1728] ZTF19abztknu  constant+gibbs  -> cached
[298/1728] ZTF19abztknu  constant+changepoint  -> cached
[299/1728] ZTF19abztknu  constant+changepoint_1  -> cached
[300/1728] ZTF19abztknu  constant+matern32  -> cached
[301/1728] ZTF19abzwaen  constant+gibbs  -> cached
[302/1728] ZTF19abzwaen  constant+changepoint  -> cached
[303/1728] ZTF19abzwaen  constant+changepoint_1  -> cached
[304/1728] ZTF19abzwaen  constant+matern32  -> cached
[305/1728] ZTF19acbmojx  constant+gibbs  -> cached
[306/1728] ZTF19acbmojx  constant+changepoint  -> cached
[307/1728] ZTF19acbmojx  constant+changepoint_1  -> cached
[308/1728] ZTF19acbmojx  constant+matern32  -> cached
[309/1728] ZTF19acbonaa  constant+gibbs  -> cached
[310/1728] ZTF19acbonaa  constant+changepoint  -> cached
[311/1728] ZTF19acbonaa  constant+changepoint_1  -> cached
[312/1728] ZTF19acbonaa  constant+matern32  -> cached
[313/1728] ZTF19acdabep  constant+gibbs  -> cached
[314/1728] ZTF19acdabep  constant+changepoint  -> cached
[315/1728] ZTF19acdabep  constant+changepoint_1  -> cached
[316/1728] ZTF19acdabep  constant+matern32  -> cached
[317/1728] ZTF19aceqjqw  constant+gibbs  -> cached
[318/1728] ZTF19aceqjqw  constant+changepoint  -> cached
[319/1728] ZTF19aceqjqw  constant+changepoint_1  -> cached
[320/1728] ZTF19aceqjqw  constant+matern32  -> cached
[321/1728] ZTF19aceqvhl  constant+gibbs  -> cached
[322/1728] ZTF19aceqvhl  constant+changepoint  -> cached
[323/1728] ZTF19aceqvhl  constant+changepoint_1  -> cached
[324/1728] ZTF19aceqvhl  constant+matern32  -> cached
[325/1728] ZTF19acfwynw  constant+gibbs  -> cached
[326/1728] ZTF19acfwynw  constant+changepoint  -> cached
[327/1728] ZTF19acfwynw  constant+changepoint_1  -> cached
[328/1728] ZTF19acfwynw  constant+matern32  -> cached
[329/1728] ZTF19acgjosf  constant+gibbs  -> cached
[330/1728] ZTF19acgjosf  constant+changepoint  -> cached
[331/1728] ZTF19acgjosf  constant+changepoint_1  -> cached
[332/1728] ZTF19acgjosf  constant+matern32  -> cached
[333/1728] ZTF19acgjpgh  constant+gibbs  -> cached
[334/1728] ZTF19acgjpgh  constant+changepoint  -> cached
[335/1728] ZTF19acgjpgh  constant+changepoint_1  -> cached
[336/1728] ZTF19acgjpgh  constant+matern32  -> cached
[337/1728] ZTF19ackjjwf  constant+gibbs  -> cached
[338/1728] ZTF19ackjjwf  constant+changepoint  -> cached
[339/1728] ZTF19ackjjwf  constant+changepoint_1  -> cached
[340/1728] ZTF19ackjjwf  constant+matern32  -> cached
[341/1728] ZTF19ackjrru  constant+gibbs  -> cached
[342/1728] ZTF19ackjrru  constant+changepoint  -> cached
[343/1728] ZTF19ackjrru  constant+changepoint_1  -> cached
[344/1728] ZTF19ackjrru  constant+matern32  -> cached
[345/1728] ZTF19acllsbq  constant+gibbs  -> cached
[346/1728] ZTF19acllsbq  constant+changepoint  -> cached
[347/1728] ZTF19acllsbq  constant+changepoint_1  -> cached
[348/1728] ZTF19acllsbq  constant+matern32  -> cached
[349/1728] ZTF19acmelor  constant+gibbs  -> cached
[350/1728] ZTF19acmelor  constant+changepoint  -> cached
[351/1728] ZTF19acmelor  constant+changepoint_1  -> cached
[352/1728] ZTF19acmelor  constant+matern32  -> cached
[353/1728] ZTF19acxmpnz  constant+gibbs  -> cached
[354/1728] ZTF19acxmpnz  constant+changepoint  -> cached
[355/1728] ZTF19acxmpnz  constant+changepoint_1  -> cached
[356/1728] ZTF19acxmpnz  constant+matern32  -> cached
[357/1728] ZTF19acyogrm  constant+gibbs  -> cached
[358/1728] ZTF19acyogrm  constant+changepoint  -> cached
[359/1728] ZTF19acyogrm  constant+changepoint_1  -> cached
[360/1728] ZTF19acyogrm  constant+matern32  -> cached
[361/1728] ZTF19adaivcf  constant+gibbs  -> cached
[362/1728] ZTF19adaivcf  constant+changepoint  -> cached
[363/1728] ZTF19adaivcf  constant+changepoint_1  -> cached
[364/1728] ZTF19adaivcf  constant+matern32  -> cached
[365/1728] ZTF19adcfsad  constant+gibbs  -> cached
[366/1728] ZTF19adcfsad  constant+changepoint  -> cached
[367/1728] ZTF19adcfsad  constant+changepoint_1  -> cached
[368/1728] ZTF19adcfsad  constant+matern32  -> cached
[369/1728] ZTF20aadzbcf  constant+gibbs  -> cached
[370/1728] ZTF20aadzbcf  constant+changepoint  -> cached
[371/1728] ZTF20aadzbcf  constant+changepoint_1  -> cached
[372/1728] ZTF20aadzbcf  constant+matern32  -> cached
[373/1728] ZTF20aaekkuv  constant+gibbs  -> cached
[374/1728] ZTF20aaekkuv  constant+changepoint  -> cached
[375/1728] ZTF20aaekkuv  constant+changepoint_1  -> cached
[376/1728] ZTF20aaekkuv  constant+matern32  -> cached
[377/1728] ZTF20aaelulu  constant+gibbs  -> cached
[378/1728] ZTF20aaelulu  constant+changepoint  -> cached
[379/1728] ZTF20aaelulu  constant+changepoint_1  -> cached
[380/1728] ZTF20aaelulu  constant+matern32  -> cached
[381/1728] ZTF20aaertpj  constant+gibbs  -> cached
[382/1728] ZTF20aaertpj  constant+changepoint  -> cached
[383/1728] ZTF20aaertpj  constant+changepoint_1  -> cached
[384/1728] ZTF20aaertpj  constant+matern32  -> cached
[385/1728] ZTF20aaetirf  constant+gibbs  -> cached
[386/1728] ZTF20aaetirf  constant+changepoint  -> cached
[387/1728] ZTF20aaetirf  constant+changepoint_1  -> cached
[388/1728] ZTF20aaetirf  constant+matern32  -> cached
[389/1728] ZTF20aafmdzj  constant+gibbs  -> cached
[390/1728] ZTF20aafmdzj  constant+changepoint  -> cached
[391/1728] ZTF20aafmdzj  constant+changepoint_1  -> cached
[392/1728] ZTF20aafmdzj  constant+matern32  -> cached
[393/1728] ZTF20aagewqr  constant+gibbs  -> cached
[394/1728] ZTF20aagewqr  constant+changepoint  -> cached
[395/1728] ZTF20aagewqr  constant+changepoint_1  -> cached
[396/1728] ZTF20aagewqr  constant+matern32  -> cached
[397/1728] ZTF20aahbfmf  constant+gibbs  -> cached
[398/1728] ZTF20aahbfmf  constant+changepoint  -> cached
[399/1728] ZTF20aahbfmf  constant+changepoint_1  -> cached
[400/1728] ZTF20aahbfmf  constant+matern32  -> cached
[401/1728] ZTF20aaiahra  constant+gibbs  -> cached
[402/1728] ZTF20aaiahra  constant+changepoint  -> cached
[403/1728] ZTF20aaiahra  constant+changepoint_1  -> cached
[404/1728] ZTF20aaiahra  constant+matern32  -> cached
[405/1728] ZTF20aaiftgi  constant+gibbs  -> cached
[406/1728] ZTF20aaiftgi  constant+changepoint  -> cached
[407/1728] ZTF20aaiftgi  constant+changepoint_1  -> cached
[408/1728] ZTF20aaiftgi  constant+matern32  -> cached
[409/1728] ZTF20aaifybu  constant+gibbs  -> cached
[410/1728] ZTF20aaifybu  constant+changepoint  -> cached
[411/1728] ZTF20aaifybu  constant+changepoint_1  -> cached
[412/1728] ZTF20aaifybu  constant+matern32  -> cached
[413/1728] ZTF20aaiqiti  constant+gibbs  -> cached
[414/1728] ZTF20aaiqiti  constant+changepoint  -> cached
[415/1728] ZTF20aaiqiti  constant+changepoint_1  -> cached
[416/1728] ZTF20aaiqiti  constant+matern32  -> cached
[417/1728] ZTF20aajcdad  constant+gibbs  -> cached
[418/1728] ZTF20aajcdad  constant+changepoint  -> cached
[419/1728] ZTF20aajcdad  constant+changepoint_1  -> cached
[420/1728] ZTF20aajcdad  constant+matern32  -> cached
[421/1728] ZTF20aakodyh  constant+gibbs  -> cached
[422/1728] ZTF20aakodyh  constant+changepoint  -> cached
[423/1728] ZTF20aakodyh  constant+changepoint_1  -> cached
[424/1728] ZTF20aakodyh  constant+matern32  -> cached
[425/1728] ZTF20aalcyih  constant+gibbs  -> cached
[426/1728] ZTF20aalcyih  constant+changepoint  -> cached
[427/1728] ZTF20aalcyih  constant+changepoint_1  -> cached
[428/1728] ZTF20aalcyih  constant+matern32  -> cached
[429/1728] ZTF20aalxlis  constant+gibbs  -> cached
[430/1728] ZTF20aalxlis  constant+changepoint  -> cached
[431/1728] ZTF20aalxlis  constant+changepoint_1  -> cached
[432/1728] ZTF20aalxlis  constant+matern32  -> cached
[433/1728] ZTF20aamdyln  constant+gibbs  -> cached
[434/1728] ZTF20aamdyln  constant+changepoint  -> cached
[435/1728] ZTF20aamdyln  constant+changepoint_1  -> cached
[436/1728] ZTF20aamdyln  constant+matern32  -> cached
[437/1728] ZTF20aammtwx  constant+gibbs  -> cached
[438/1728] ZTF20aammtwx  constant+changepoint  -> cached
[439/1728] ZTF20aammtwx  constant+changepoint_1  -> cached
[440/1728] ZTF20aammtwx  constant+matern32  -> cached
[441/1728] ZTF20aamqmhj  constant+gibbs  -> cached
[442/1728] ZTF20aamqmhj  constant+changepoint  -> cached
[443/1728] ZTF20aamqmhj  constant+changepoint_1  -> cached
[444/1728] ZTF20aamqmhj  constant+matern32  -> cached
[445/1728] ZTF20aanvmdt  constant+gibbs  -> cached
[446/1728] ZTF20aanvmdt  constant+changepoint  -> cached
[447/1728] ZTF20aanvmdt  constant+changepoint_1  -> cached
[448/1728] ZTF20aanvmdt  constant+matern32  -> cached
[449/1728] ZTF20aaoflta  constant+gibbs  -> cached
[450/1728] ZTF20aaoflta  constant+changepoint  -> cached
[451/1728] ZTF20aaoflta  constant+changepoint_1  -> cached
[452/1728] ZTF20aaoflta  constant+matern32  -> cached
[453/1728] ZTF20aapcbmc  constant+gibbs  -> cached
[454/1728] ZTF20aapcbmc  constant+changepoint  -> cached
[455/1728] ZTF20aapcbmc  constant+changepoint_1  -> cached
[456/1728] ZTF20aapcbmc  constant+matern32  -> cached
[457/1728] ZTF20aattyuz  constant+gibbs  -> cached
[458/1728] ZTF20aattyuz  constant+changepoint  -> cached
[459/1728] ZTF20aattyuz  constant+changepoint_1  -> cached
[460/1728] ZTF20aattyuz  constant+matern32  -> cached
[461/1728] ZTF20aaurexl  constant+gibbs  -> cached
[462/1728] ZTF20aaurexl  constant+changepoint  -> cached
[463/1728] ZTF20aaurexl  constant+changepoint_1  -> cached
[464/1728] ZTF20aaurexl  constant+matern32  -> cached
[465/1728] ZTF20aaurfnl  constant+gibbs  -> cached
[466/1728] ZTF20aaurfnl  constant+changepoint  -> cached
[467/1728] ZTF20aaurfnl  constant+changepoint_1  -> cached
[468/1728] ZTF20aaurfnl  constant+matern32  -> cached
[469/1728] ZTF20aavcvrm  constant+gibbs  -> cached
[470/1728] ZTF20aavcvrm  constant+changepoint  -> cached
[471/1728] ZTF20aavcvrm  constant+changepoint_1  -> cached
[472/1728] ZTF20aavcvrm  constant+matern32  -> cached
[473/1728] ZTF20aavgcnu  constant+gibbs  -> cached
[474/1728] ZTF20aavgcnu  constant+changepoint  -> cached
[475/1728] ZTF20aavgcnu  constant+changepoint_1  -> cached
[476/1728] ZTF20aavgcnu  constant+matern32  -> cached
[477/1728] ZTF20aavhyel  constant+gibbs  -> cached
[478/1728] ZTF20aavhyel  constant+changepoint  -> cached
[479/1728] ZTF20aavhyel  constant+changepoint_1  -> cached
[480/1728] ZTF20aavhyel  constant+matern32  -> cached
[481/1728] ZTF20aavzffg  constant+gibbs  -> cached
[482/1728] ZTF20aavzffg  constant+changepoint  -> cached
[483/1728] ZTF20aavzffg  constant+changepoint_1  -> cached
[484/1728] ZTF20aavzffg  constant+matern32  -> cached
[485/1728] ZTF20aaxvzja  constant+gibbs  -> cached
[486/1728] ZTF20aaxvzja  constant+changepoint  -> cached
[487/1728] ZTF20aaxvzja  constant+changepoint_1  -> cached
[488/1728] ZTF20aaxvzja  constant+matern32  -> cached
[489/1728] ZTF20aazkjfv  constant+gibbs  -> cached
[490/1728] ZTF20aazkjfv  constant+changepoint  -> cached
[491/1728] ZTF20aazkjfv  constant+changepoint_1  -> cached
[492/1728] ZTF20aazkjfv  constant+matern32  -> cached
[493/1728] ZTF20aazpyhy  constant+gibbs  -> cached
[494/1728] ZTF20aazpyhy  constant+changepoint  -> cached
[495/1728] ZTF20aazpyhy  constant+changepoint_1  -> cached
[496/1728] ZTF20aazpyhy  constant+matern32  -> cached
[497/1728] ZTF20abaszgh  constant+gibbs  -> cached
[498/1728] ZTF20abaszgh  constant+changepoint  -> cached
[499/1728] ZTF20abaszgh  constant+changepoint_1  -> cached
[500/1728] ZTF20abaszgh  constant+matern32  -> cached
[501/1728] ZTF20abbpkng  constant+gibbs  -> cached
[502/1728] ZTF20abbpkng  constant+changepoint  -> cached
[503/1728] ZTF20abbpkng  constant+changepoint_1  -> cached
[504/1728] ZTF20abbpkng  constant+matern32  -> cached
[505/1728] ZTF20abbplei  constant+gibbs  -> cached
[506/1728] ZTF20abbplei  constant+changepoint  -> cached
[507/1728] ZTF20abbplei  constant+changepoint_1  -> cached
[508/1728] ZTF20abbplei  constant+matern32  -> cached
[509/1728] ZTF20abcjdwu  constant+gibbs  -> cached
[510/1728] ZTF20abcjdwu  constant+changepoint  -> cached
[511/1728] ZTF20abcjdwu  constant+changepoint_1  -> cached
[512/1728] ZTF20abcjdwu  constant+matern32  -> cached
[513/1728] ZTF20abdnpdo  constant+gibbs  -> cached
[514/1728] ZTF20abdnpdo  constant+changepoint  -> cached
[515/1728] ZTF20abdnpdo  constant+changepoint_1  -> cached
[516/1728] ZTF20abdnpdo  constant+matern32  -> cached
[517/1728] ZTF20abefbpl  constant+gibbs  -> cached
[518/1728] ZTF20abefbpl  constant+changepoint  -> cached
[519/1728] ZTF20abefbpl  constant+changepoint_1  -> cached
[520/1728] ZTF20abefbpl  constant+matern32  -> cached
[521/1728] ZTF20abhlncz  constant+gibbs  -> cached
[522/1728] ZTF20abhlncz  constant+changepoint  -> cached
[523/1728] ZTF20abhlncz  constant+changepoint_1  -> cached
[524/1728] ZTF20abhlncz  constant+matern32  -> cached
[525/1728] ZTF20abjpvce  constant+gibbs  -> cached
[526/1728] ZTF20abjpvce  constant+changepoint  -> cached
[527/1728] ZTF20abjpvce  constant+changepoint_1  -> cached
[528/1728] ZTF20abjpvce  constant+matern32  -> cached
[529/1728] ZTF20abkiarz  constant+gibbs  -> cached
[530/1728] ZTF20abkiarz  constant+changepoint  -> cached
[531/1728] ZTF20abkiarz  constant+changepoint_1  -> cached
[532/1728] ZTF20abkiarz  constant+matern32  -> cached
[533/1728] ZTF20abobpcb  constant+gibbs  -> cached
[534/1728] ZTF20abobpcb  constant+changepoint  -> cached
[535/1728] ZTF20abobpcb  constant+changepoint_1  -> cached
[536/1728] ZTF20abobpcb  constant+matern32  -> cached
[537/1728] ZTF20aborzxc  constant+gibbs  -> cached
[538/1728] ZTF20aborzxc  constant+changepoint  -> cached
[539/1728] ZTF20aborzxc  constant+changepoint_1  -> cached
[540/1728] ZTF20aborzxc  constant+matern32  -> cached
[541/1728] ZTF20abpuwxl  constant+gibbs  -> cached
[542/1728] ZTF20abpuwxl  constant+changepoint  -> cached
[543/1728] ZTF20abpuwxl  constant+changepoint_1  -> cached
[544/1728] ZTF20abpuwxl  constant+matern32  -> cached
[545/1728] ZTF20abqdkne  constant+gibbs  -> cached
[546/1728] ZTF20abqdkne  constant+changepoint  -> cached
[547/1728] ZTF20abqdkne  constant+changepoint_1  -> cached
[548/1728] ZTF20abqdkne  constant+matern32  -> cached
[549/1728] ZTF20abrcnbr  constant+gibbs  -> cached
[550/1728] ZTF20abrcnbr  constant+changepoint  -> cached
[551/1728] ZTF20abrcnbr  constant+changepoint_1  -> cached
[552/1728] ZTF20abrcnbr  constant+matern32  -> cached
[553/1728] ZTF20abrmmah  constant+gibbs  -> cached
[554/1728] ZTF20abrmmah  constant+changepoint  -> cached
[555/1728] ZTF20abrmmah  constant+changepoint_1  -> cached
[556/1728] ZTF20abrmmah  constant+matern32  -> cached
[557/1728] ZTF20abswdbg  constant+gibbs  -> cached
[558/1728] ZTF20abswdbg  constant+changepoint  -> cached
[559/1728] ZTF20abswdbg  constant+changepoint_1  -> cached
[560/1728] ZTF20abswdbg  constant+matern32  -> cached
[561/1728] ZTF20abtkjfw  constant+gibbs  -> cached
[562/1728] ZTF20abtkjfw  constant+changepoint  -> cached
[563/1728] ZTF20abtkjfw  constant+changepoint_1  -> cached
[564/1728] ZTF20abtkjfw  constant+matern32  -> cached
[565/1728] ZTF20abusrwm  constant+gibbs  -> cached
[566/1728] ZTF20abusrwm  constant+changepoint  -> cached
[567/1728] ZTF20abusrwm  constant+changepoint_1  -> cached
[568/1728] ZTF20abusrwm  constant+matern32  -> cached
[569/1728] ZTF20abvquuo  constant+gibbs  -> cached
[570/1728] ZTF20abvquuo  constant+changepoint  -> cached
[571/1728] ZTF20abvquuo  constant+changepoint_1  -> cached
[572/1728] ZTF20abvquuo  constant+matern32  -> cached
[573/1728] ZTF20abvvnqh  constant+gibbs  -> cached
[574/1728] ZTF20abvvnqh  constant+changepoint  -> cached
[575/1728] ZTF20abvvnqh  constant+changepoint_1  -> cached
[576/1728] ZTF20abvvnqh  constant+matern32  -> cached
[577/1728] ZTF20abwxywy  constant+gibbs  -> cached
[578/1728] ZTF20abwxywy  constant+changepoint  -> cached
[579/1728] ZTF20abwxywy  constant+changepoint_1  -> cached
[580/1728] ZTF20abwxywy  constant+matern32  -> cached
[581/1728] ZTF20abxpoxd  constant+gibbs  -> cached
[582/1728] ZTF20abxpoxd  constant+changepoint  -> cached
[583/1728] ZTF20abxpoxd  constant+changepoint_1  -> cached
[584/1728] ZTF20abxpoxd  constant+matern32  -> cached
[585/1728] ZTF20abysxbk  constant+gibbs  -> cached
[586/1728] ZTF20abysxbk  constant+changepoint  -> cached
[587/1728] ZTF20abysxbk  constant+changepoint_1  -> cached
[588/1728] ZTF20abysxbk  constant+matern32  -> cached
[589/1728] ZTF20abywsut  constant+gibbs  -> cached
[590/1728] ZTF20abywsut  constant+changepoint  -> cached
[591/1728] ZTF20abywsut  constant+changepoint_1  -> cached
[592/1728] ZTF20abywsut  constant+matern32  -> cached
[593/1728] ZTF20abzjcdg  constant+gibbs  -> cached
[594/1728] ZTF20abzjcdg  constant+changepoint  -> cached
[595/1728] ZTF20abzjcdg  constant+changepoint_1  -> cached
[596/1728] ZTF20abzjcdg  constant+matern32  -> cached
[597/1728] ZTF20abzoeiw  constant+gibbs  -> cached
[598/1728] ZTF20abzoeiw  constant+changepoint  -> cached
[599/1728] ZTF20abzoeiw  constant+changepoint_1  -> cached
[600/1728] ZTF20abzoeiw  constant+matern32  -> cached
[601/1728] ZTF20accbsxa  constant+gibbs  -> cached
[602/1728] ZTF20accbsxa  constant+changepoint  -> cached
[603/1728] ZTF20accbsxa  constant+changepoint_1  -> cached
[604/1728] ZTF20accbsxa  constant+matern32  -> cached
[605/1728] ZTF20acfqngt  constant+gibbs  -> cached
[606/1728] ZTF20acfqngt  constant+changepoint  -> cached
[607/1728] ZTF20acfqngt  constant+changepoint_1  -> cached
[608/1728] ZTF20acfqngt  constant+matern32  -> cached
[609/1728] ZTF20achvlbs  constant+gibbs  -> cached
[610/1728] ZTF20achvlbs  constant+changepoint  -> cached
[611/1728] ZTF20achvlbs  constant+changepoint_1  -> cached
[612/1728] ZTF20achvlbs  constant+matern32  -> cached
[613/1728] ZTF20acjbzrh  constant+gibbs  -> cached
[614/1728] ZTF20acjbzrh  constant+changepoint  -> cached
[615/1728] ZTF20acjbzrh  constant+changepoint_1  -> cached
[616/1728] ZTF20acjbzrh  constant+matern32  -> cached
[617/1728] ZTF20aclnplo  constant+gibbs  -> cached
[618/1728] ZTF20aclnplo  constant+changepoint  -> cached
[619/1728] ZTF20aclnplo  constant+changepoint_1  -> cached
[620/1728] ZTF20aclnplo  constant+matern32  -> cached
[621/1728] ZTF20acphdcg  constant+gibbs  -> cached
[622/1728] ZTF20acphdcg  constant+changepoint  -> cached
[623/1728] ZTF20acphdcg  constant+changepoint_1  -> cached
[624/1728] ZTF20acphdcg  constant+matern32  -> cached
[625/1728] ZTF20acpjqxp  constant+gibbs  -> cached
[626/1728] ZTF20acpjqxp  constant+changepoint  -> cached
[627/1728] ZTF20acpjqxp  constant+changepoint_1  -> cached
[628/1728] ZTF20acpjqxp  constant+matern32  -> cached
[629/1728] ZTF20acpyldh  constant+gibbs  -> cached
[630/1728] ZTF20acpyldh  constant+changepoint  -> cached
[631/1728] ZTF20acpyldh  constant+changepoint_1  -> cached
[632/1728] ZTF20acpyldh  constant+matern32  -> cached
[633/1728] ZTF20acpzaoa  constant+gibbs  -> cached
[634/1728] ZTF20acpzaoa  constant+changepoint  -> cached
[635/1728] ZTF20acpzaoa  constant+changepoint_1  -> cached
[636/1728] ZTF20acpzaoa  constant+matern32  -> cached
[637/1728] ZTF20actekrw  constant+gibbs  -> cached
[638/1728] ZTF20actekrw  constant+changepoint  -> cached
[639/1728] ZTF20actekrw  constant+changepoint_1  -> cached
[640/1728] ZTF20actekrw  constant+matern32  -> cached
[641/1728] ZTF20actpqgc  constant+gibbs  -> cached
[642/1728] ZTF20actpqgc  constant+changepoint  -> cached
[643/1728] ZTF20actpqgc  constant+changepoint_1  -> cached
[644/1728] ZTF20actpqgc  constant+matern32  -> cached
[645/1728] ZTF20acueziy  constant+gibbs  -> cached
[646/1728] ZTF20acueziy  constant+changepoint  -> cached
[647/1728] ZTF20acueziy  constant+changepoint_1  -> cached
[648/1728] ZTF20acueziy  constant+matern32  -> cached
[649/1728] ZTF20acvcxkz  constant+gibbs  -> cached
[650/1728] ZTF20acvcxkz  constant+changepoint  -> cached
[651/1728] ZTF20acvcxkz  constant+changepoint_1  -> cached
[652/1728] ZTF20acvcxkz  constant+matern32  -> cached
[653/1728] ZTF20acvebcu  constant+gibbs  -> cached
[654/1728] ZTF20acvebcu  constant+changepoint  -> cached
[655/1728] ZTF20acvebcu  constant+changepoint_1  -> cached
[656/1728] ZTF20acvebcu  constant+matern32  -> cached
[657/1728] ZTF20acvmzfv  constant+gibbs  -> cached
[658/1728] ZTF20acvmzfv  constant+changepoint  -> cached
[659/1728] ZTF20acvmzfv  constant+changepoint_1  -> cached
[660/1728] ZTF20acvmzfv  constant+matern32  -> cached
[661/1728] ZTF20acwofhd  constant+gibbs  -> cached
[662/1728] ZTF20acwofhd  constant+changepoint  -> cached
[663/1728] ZTF20acwofhd  constant+changepoint_1  -> cached
[664/1728] ZTF20acwofhd  constant+matern32  -> cached
[665/1728] ZTF20acxqxyw  constant+gibbs  -> cached
[666/1728] ZTF20acxqxyw  constant+changepoint  -> cached
[667/1728] ZTF20acxqxyw  constant+changepoint_1  -> cached
[668/1728] ZTF20acxqxyw  constant+matern32  -> cached
[669/1728] ZTF20adadrhw  constant+gibbs  -> cached
[670/1728] ZTF20adadrhw  constant+changepoint  -> cached
[671/1728] ZTF20adadrhw  constant+changepoint_1  -> cached
[672/1728] ZTF20adadrhw  constant+matern32  -> cached
[673/1728] ZTF21aaaosoq  constant+gibbs  -> cached
[674/1728] ZTF21aaaosoq  constant+changepoint  -> cached
[675/1728] ZTF21aaaosoq  constant+changepoint_1  -> cached
[676/1728] ZTF21aaaosoq  constant+matern32  -> cached
[677/1728] ZTF21aaarmti  constant+gibbs  -> cached
[678/1728] ZTF21aaarmti  constant+changepoint  -> cached
[679/1728] ZTF21aaarmti  constant+changepoint_1  -> cached
[680/1728] ZTF21aaarmti  constant+matern32  -> cached
[681/1728] ZTF21aaaubig  constant+gibbs  -> cached
[682/1728] ZTF21aaaubig  constant+changepoint  -> cached
[683/1728] ZTF21aaaubig  constant+changepoint_1  -> cached
[684/1728] ZTF21aaaubig  constant+matern32  -> cached
[685/1728] ZTF21aacufip  constant+gibbs  -> cached
[686/1728] ZTF21aacufip  constant+changepoint  -> cached
[687/1728] ZTF21aacufip  constant+changepoint_1  -> cached
[688/1728] ZTF21aacufip  constant+matern32  -> cached
[689/1728] ZTF21aagpymw  constant+gibbs  -> cached
[690/1728] ZTF21aagpymw  constant+changepoint  -> cached
[691/1728] ZTF21aagpymw  constant+changepoint_1  -> cached
[692/1728] ZTF21aagpymw  constant+matern32  -> cached
[693/1728] ZTF21aagtpro  constant+gibbs  -> cached
[694/1728] ZTF21aagtpro  constant+changepoint  -> cached
[695/1728] ZTF21aagtpro  constant+changepoint_1  -> cached
[696/1728] ZTF21aagtpro  constant+matern32  -> cached
[697/1728] ZTF21aahdqrg  constant+gibbs  -> cached
[698/1728] ZTF21aahdqrg  constant+changepoint  -> cached
[699/1728] ZTF21aahdqrg  constant+changepoint_1  -> cached
[700/1728] ZTF21aahdqrg  constant+matern32  -> cached
[701/1728] ZTF21aalhgqi  constant+gibbs  -> cached
[702/1728] ZTF21aalhgqi  constant+changepoint  -> cached
[703/1728] ZTF21aalhgqi  constant+changepoint_1  -> cached
[704/1728] ZTF21aalhgqi  constant+matern32  -> cached
[705/1728] ZTF21aalhtgv  constant+gibbs  -> cached
[706/1728] ZTF21aalhtgv  constant+changepoint  -> cached
[707/1728] ZTF21aalhtgv  constant+changepoint_1  -> cached
[708/1728] ZTF21aalhtgv  constant+matern32  -> cached
[709/1728] ZTF21aannoix  constant+gibbs  -> cached
[710/1728] ZTF21aannoix  constant+changepoint  -> cached
[711/1728] ZTF21aannoix  constant+changepoint_1  -> cached
[712/1728] ZTF21aannoix  constant+matern32  -> cached
[713/1728] ZTF21aanvncv  constant+gibbs  -> cached
[714/1728] ZTF21aanvncv  constant+changepoint  -> cached
[715/1728] ZTF21aanvncv  constant+changepoint_1  -> cached
[716/1728] ZTF21aanvncv  constant+matern32  -> cached
[717/1728] ZTF21aaocrlm  constant+gibbs  -> cached
[718/1728] ZTF21aaocrlm  constant+changepoint  -> cached
[719/1728] ZTF21aaocrlm  constant+changepoint_1  -> cached
[720/1728] ZTF21aaocrlm  constant+matern32  -> cached
[721/1728] ZTF21aapecxb  constant+gibbs  -> cached
[722/1728] ZTF21aapecxb  constant+changepoint  -> cached
[723/1728] ZTF21aapecxb  constant+changepoint_1  -> cached
[724/1728] ZTF21aapecxb  constant+matern32  -> cached
[725/1728] ZTF21aaqhhfu  constant+gibbs  -> cached
[726/1728] ZTF21aaqhhfu  constant+changepoint  -> cached
[727/1728] ZTF21aaqhhfu  constant+changepoint_1  -> cached
[728/1728] ZTF21aaqhhfu  constant+matern32  -> cached
[729/1728] ZTF21aaqldsk  constant+gibbs  -> cached
[730/1728] ZTF21aaqldsk  constant+changepoint  -> cached
[731/1728] ZTF21aaqldsk  constant+changepoint_1  -> cached
[732/1728] ZTF21aaqldsk  constant+matern32  -> cached
[733/1728] ZTF21aaqwfqe  constant+gibbs  -> cached
[734/1728] ZTF21aaqwfqe  constant+changepoint  -> cached
[735/1728] ZTF21aaqwfqe  constant+changepoint_1  -> cached
[736/1728] ZTF21aaqwfqe  constant+matern32  -> cached
[737/1728] ZTF21aarmuxl  constant+gibbs  -> cached
[738/1728] ZTF21aarmuxl  constant+changepoint  -> cached
[739/1728] ZTF21aarmuxl  constant+changepoint_1  -> cached
[740/1728] ZTF21aarmuxl  constant+matern32  -> cached
[741/1728] ZTF21aarnjyd  constant+gibbs  -> cached
[742/1728] ZTF21aarnjyd  constant+changepoint  -> cached
[743/1728] ZTF21aarnjyd  constant+changepoint_1  -> cached
[744/1728] ZTF21aarnjyd  constant+matern32  -> cached
[745/1728] ZTF21aartgiv  constant+gibbs  -> cached
[746/1728] ZTF21aartgiv  constant+changepoint  -> cached
[747/1728] ZTF21aartgiv  constant+changepoint_1  -> cached
[748/1728] ZTF21aartgiv  constant+matern32  -> cached
[749/1728] ZTF21aaufwyh  constant+gibbs  -> cached
[750/1728] ZTF21aaufwyh  constant+changepoint  -> cached
[751/1728] ZTF21aaufwyh  constant+changepoint_1  -> cached
[752/1728] ZTF21aaufwyh  constant+matern32  -> cached
[753/1728] ZTF21aavdqgf  constant+gibbs  -> cached
[754/1728] ZTF21aavdqgf  constant+changepoint  -> cached
[755/1728] ZTF21aavdqgf  constant+changepoint_1  -> cached
[756/1728] ZTF21aavdqgf  constant+matern32  -> cached
[757/1728] ZTF21aawogdl  constant+gibbs  -> cached
[758/1728] ZTF21aawogdl  constant+changepoint  -> cached
[759/1728] ZTF21aawogdl  constant+changepoint_1  -> cached
[760/1728] ZTF21aawogdl  constant+matern32  -> cached
[761/1728] ZTF21aaxtctv  constant+gibbs  -> cached
[762/1728] ZTF21aaxtctv  constant+changepoint  -> cached
[763/1728] ZTF21aaxtctv  constant+changepoint_1  -> cached
[764/1728] ZTF21aaxtctv  constant+matern32  -> cached
[765/1728] ZTF21aaxxihx  constant+gibbs  -> cached
[766/1728] ZTF21aaxxihx  constant+changepoint  -> cached
[767/1728] ZTF21aaxxihx  constant+changepoint_1  -> cached
[768/1728] ZTF21aaxxihx  constant+matern32  -> cached
[769/1728] ZTF21aayqrgx  constant+gibbs  -> cached
[770/1728] ZTF21aayqrgx  constant+changepoint  -> cached
[771/1728] ZTF21aayqrgx  constant+changepoint_1  -> cached
[772/1728] ZTF21aayqrgx  constant+matern32  -> cached
[773/1728] ZTF21abahiow  constant+gibbs  -> cached
[774/1728] ZTF21abahiow  constant+changepoint  -> cached
[775/1728] ZTF21abahiow  constant+changepoint_1  -> cached
[776/1728] ZTF21abahiow  constant+matern32  -> cached
[777/1728] ZTF21abbqeea  constant+gibbs  -> cached
[778/1728] ZTF21abbqeea  constant+changepoint  -> cached
[779/1728] ZTF21abbqeea  constant+changepoint_1  -> cached
[780/1728] ZTF21abbqeea  constant+matern32  -> cached
[781/1728] ZTF21abccaue  constant+gibbs  -> cached
[782/1728] ZTF21abccaue  constant+changepoint  -> cached
[783/1728] ZTF21abccaue  constant+changepoint_1  -> cached
[784/1728] ZTF21abccaue  constant+matern32  -> cached
[785/1728] ZTF21abcgaln  constant+gibbs  -> cached
[786/1728] ZTF21abcgaln  constant+changepoint  -> cached
[787/1728] ZTF21abcgaln  constant+changepoint_1  -> cached
[788/1728] ZTF21abcgaln  constant+matern32  -> cached
[789/1728] ZTF21abcgnql  constant+gibbs  -> cached
[790/1728] ZTF21abcgnql  constant+changepoint  -> cached
[791/1728] ZTF21abcgnql  constant+changepoint_1  -> cached
[792/1728] ZTF21abcgnql  constant+matern32  -> cached
[793/1728] ZTF21abchjer  constant+gibbs  -> cached
[794/1728] ZTF21abchjer  constant+changepoint  -> cached
[795/1728] ZTF21abchjer  constant+changepoint_1  -> cached
[796/1728] ZTF21abchjer  constant+matern32  -> cached
[797/1728] ZTF21abcpsjy  constant+gibbs  -> cached
[798/1728] ZTF21abcpsjy  constant+changepoint  -> cached
[799/1728] ZTF21abcpsjy  constant+changepoint_1  -> cached
[800/1728] ZTF21abcpsjy  constant+matern32  -> cached
[801/1728] ZTF21abdkojo  constant+gibbs  -> cached
[802/1728] ZTF21abdkojo  constant+changepoint  -> cached
[803/1728] ZTF21abdkojo  constant+changepoint_1  -> cached
[804/1728] ZTF21abdkojo  constant+matern32  -> cached
[805/1728] ZTF21abdxhgv  constant+gibbs  -> cached
[806/1728] ZTF21abdxhgv  constant+changepoint  -> cached
[807/1728] ZTF21abdxhgv  constant+changepoint_1  -> cached
[808/1728] ZTF21abdxhgv  constant+matern32  -> cached
[809/1728] ZTF21abieuta  constant+gibbs  -> cached
[810/1728] ZTF21abieuta  constant+changepoint  -> cached
[811/1728] ZTF21abieuta  constant+changepoint_1  -> cached
[812/1728] ZTF21abieuta  constant+matern32  -> cached
[813/1728] ZTF21abimeun  constant+gibbs  -> cached
[814/1728] ZTF21abimeun  constant+changepoint  -> cached
[815/1728] ZTF21abimeun  constant+changepoint_1  -> cached
[816/1728] ZTF21abimeun  constant+matern32  -> cached
[817/1728] ZTF21abimnii  constant+gibbs  -> cached
[818/1728] ZTF21abimnii  constant+changepoint  -> cached
[819/1728] ZTF21abimnii  constant+changepoint_1  -> cached
[820/1728] ZTF21abimnii  constant+matern32  -> cached
[821/1728] ZTF21abklcjq  constant+gibbs  -> cached
[822/1728] ZTF21abklcjq  constant+changepoint  -> cached
[823/1728] ZTF21abklcjq  constant+changepoint_1  -> cached
[824/1728] ZTF21abklcjq  constant+matern32  -> cached
[825/1728] ZTF21abmjgwf  constant+gibbs  -> cached
[826/1728] ZTF21abmjgwf  constant+changepoint  -> cached
[827/1728] ZTF21abmjgwf  constant+changepoint_1  -> cached
[828/1728] ZTF21abmjgwf  constant+matern32  -> cached
[829/1728] ZTF21abmlldj  constant+gibbs  -> cached
[830/1728] ZTF21abmlldj  constant+changepoint  -> cached
[831/1728] ZTF21abmlldj  constant+changepoint_1  -> cached
[832/1728] ZTF21abmlldj  constant+matern32  -> cached
[833/1728] ZTF21abmxiuf  constant+gibbs  -> cached
[834/1728] ZTF21abmxiuf  constant+changepoint  -> cached
[835/1728] ZTF21abmxiuf  constant+changepoint_1  -> cached
[836/1728] ZTF21abmxiuf  constant+matern32  -> cached
[837/1728] ZTF21abngbrl  constant+gibbs  -> cached
[838/1728] ZTF21abngbrl  constant+changepoint  -> cached
[839/1728] ZTF21abngbrl  constant+changepoint_1  -> cached
[840/1728] ZTF21abngbrl  constant+matern32  -> cached
[841/1728] ZTF21abplhpw  constant+gibbs  -> cached
[842/1728] ZTF21abplhpw  constant+changepoint  -> cached
[843/1728] ZTF21abplhpw  constant+changepoint_1  -> cached
[844/1728] ZTF21abplhpw  constant+matern32  -> cached
[845/1728] ZTF21abpwtde  constant+gibbs  -> cached
[846/1728] ZTF21abpwtde  constant+changepoint  -> cached
[847/1728] ZTF21abpwtde  constant+changepoint_1  -> cached
[848/1728] ZTF21abpwtde  constant+matern32  -> cached
[849/1728] ZTF21abraccv  constant+gibbs  -> cached
[850/1728] ZTF21abraccv  constant+changepoint  -> cached
[851/1728] ZTF21abraccv  constant+changepoint_1  -> cached
[852/1728] ZTF21abraccv  constant+matern32  -> cached
[853/1728] ZTF21abrqria  constant+gibbs  -> cached
[854/1728] ZTF21abrqria  constant+changepoint  -> cached
[855/1728] ZTF21abrqria  constant+changepoint_1  -> cached
[856/1728] ZTF21abrqria  constant+matern32  -> cached
[857/1728] ZTF21abrqrsz  constant+gibbs  -> cached
[858/1728] ZTF21abrqrsz  constant+changepoint  -> cached
[859/1728] ZTF21abrqrsz  constant+changepoint_1  -> cached
[860/1728] ZTF21abrqrsz  constant+matern32  -> cached
[861/1728] ZTF21absyjff  constant+gibbs  -> cached
[862/1728] ZTF21absyjff  constant+changepoint  -> cached
[863/1728] ZTF21absyjff  constant+changepoint_1  -> cached
[864/1728] ZTF21absyjff  constant+matern32  -> cached
[865/1728] ZTF21abvcugy  constant+gibbs  -> cached
[866/1728] ZTF21abvcugy  constant+changepoint  -> cached
[867/1728] ZTF21abvcugy  constant+changepoint_1  -> cached
[868/1728] ZTF21abvcugy  constant+matern32  -> cached
[869/1728] ZTF21abvcuhk  constant+gibbs  -> cached
[870/1728] ZTF21abvcuhk  constant+changepoint  -> cached
[871/1728] ZTF21abvcuhk  constant+changepoint_1  -> cached
[872/1728] ZTF21abvcuhk  constant+matern32  -> cached
[873/1728] ZTF21acbnfos  constant+gibbs  -> cached
[874/1728] ZTF21acbnfos  constant+changepoint  -> cached
[875/1728] ZTF21acbnfos  constant+changepoint_1  -> cached
[876/1728] ZTF21acbnfos  constant+matern32  -> cached
[877/1728] ZTF21accwovq  constant+gibbs  -> cached
[878/1728] ZTF21accwovq  constant+changepoint  -> cached
[879/1728] ZTF21accwovq  constant+changepoint_1  -> cached
[880/1728] ZTF21accwovq  constant+matern32  -> cached
[881/1728] ZTF21acdqgns  constant+gibbs  -> cached
[882/1728] ZTF21acdqgns  constant+changepoint  -> cached
[883/1728] ZTF21acdqgns  constant+changepoint_1  -> cached
[884/1728] ZTF21acdqgns  constant+matern32  -> cached
[885/1728] ZTF21acdxhuv  constant+gibbs  -> cached
[886/1728] ZTF21acdxhuv  constant+changepoint  -> cached
[887/1728] ZTF21acdxhuv  constant+changepoint_1  -> cached
[888/1728] ZTF21acdxhuv  constant+matern32  -> cached
[889/1728] ZTF21aceehxt  constant+gibbs  -> cached
[890/1728] ZTF21aceehxt  constant+changepoint  -> cached
[891/1728] ZTF21aceehxt  constant+changepoint_1  -> cached
[892/1728] ZTF21aceehxt  constant+matern32  -> cached
[893/1728] ZTF21acekmmm  constant+gibbs  -> cached
[894/1728] ZTF21acekmmm  constant+changepoint  -> cached
[895/1728] ZTF21acekmmm  constant+changepoint_1  -> cached
[896/1728] ZTF21acekmmm  constant+matern32  -> cached
[897/1728] ZTF21acgxypn  constant+gibbs  -> cached
[898/1728] ZTF21acgxypn  constant+changepoint  -> cached
[899/1728] ZTF21acgxypn  constant+changepoint_1  -> cached
[900/1728] ZTF21acgxypn  constant+matern32  -> cached
[901/1728] ZTF21achgfbk  constant+gibbs  -> cached
[902/1728] ZTF21achgfbk  constant+changepoint  -> cached
[903/1728] ZTF21achgfbk  constant+changepoint_1  -> cached
[904/1728] ZTF21achgfbk  constant+matern32  -> cached
[905/1728] ZTF21aciuhqw  constant+gibbs  -> cached
[906/1728] ZTF21aciuhqw  constant+changepoint  -> cached
[907/1728] ZTF21aciuhqw  constant+changepoint_1  -> cached
[908/1728] ZTF21aciuhqw  constant+matern32  -> cached
[909/1728] ZTF21aciwixf  constant+gibbs  -> cached
[910/1728] ZTF21aciwixf  constant+changepoint  -> cached
[911/1728] ZTF21aciwixf  constant+changepoint_1  -> cached
[912/1728] ZTF21aciwixf  constant+matern32  -> cached
[913/1728] ZTF21acizqkx  constant+gibbs  -> cached
[914/1728] ZTF21acizqkx  constant+changepoint  -> cached
[915/1728] ZTF21acizqkx  constant+changepoint_1  -> cached
[916/1728] ZTF21acizqkx  constant+matern32  -> cached
[917/1728] ZTF21acjxzsa  constant+gibbs  -> cached
[918/1728] ZTF21acjxzsa  constant+changepoint  -> cached
[919/1728] ZTF21acjxzsa  constant+changepoint_1  -> cached
[920/1728] ZTF21acjxzsa  constant+matern32  -> cached
[921/1728] ZTF21aclzzhu  constant+gibbs  -> cached
[922/1728] ZTF21aclzzhu  constant+changepoint  -> cached
[923/1728] ZTF21aclzzhu  constant+changepoint_1  -> cached
[924/1728] ZTF21aclzzhu  constant+matern32  -> cached
[925/1728] ZTF22aadeuwu  constant+gibbs  -> cached
[926/1728] ZTF22aadeuwu  constant+changepoint  -> cached
[927/1728] ZTF22aadeuwu  constant+changepoint_1  -> cached
[928/1728] ZTF22aadeuwu  constant+matern32  -> cached
[929/1728] ZTF22aadnjsh  constant+gibbs  -> cached
[930/1728] ZTF22aadnjsh  constant+changepoint  -> cached
[931/1728] ZTF22aadnjsh  constant+changepoint_1  -> cached
[932/1728] ZTF22aadnjsh  constant+matern32  -> cached
[933/1728] ZTF22aadoihx  constant+gibbs  -> cached
[934/1728] ZTF22aadoihx  constant+changepoint  -> cached
[935/1728] ZTF22aadoihx  constant+changepoint_1  -> cached
[936/1728] ZTF22aadoihx  constant+matern32  -> cached
[937/1728] ZTF22aadqlhy  constant+gibbs  -> cached
[938/1728] ZTF22aadqlhy  constant+changepoint  -> cached
[939/1728] ZTF22aadqlhy  constant+changepoint_1  -> cached
[940/1728] ZTF22aadqlhy  constant+matern32  -> cached
[941/1728] ZTF22aaebkwd  constant+gibbs  -> cached
[942/1728] ZTF22aaebkwd  constant+changepoint  -> cached
[943/1728] ZTF22aaebkwd  constant+changepoint_1  -> cached
[944/1728] ZTF22aaebkwd  constant+matern32  -> cached
[945/1728] ZTF22aaezyos  constant+gibbs  -> cached
[946/1728] ZTF22aaezyos  constant+changepoint  -> cached
[947/1728] ZTF22aaezyos  constant+changepoint_1  -> cached
[948/1728] ZTF22aaezyos  constant+matern32  -> cached
[949/1728] ZTF22aagzmcz  constant+gibbs  -> cached
[950/1728] ZTF22aagzmcz  constant+changepoint  -> cached
[951/1728] ZTF22aagzmcz  constant+changepoint_1  -> cached
[952/1728] ZTF22aagzmcz  constant+matern32  -> cached
[953/1728] ZTF22aahxaiv  constant+gibbs  -> cached
[954/1728] ZTF22aahxaiv  constant+changepoint  -> cached
[955/1728] ZTF22aahxaiv  constant+changepoint_1  -> cached
[956/1728] ZTF22aahxaiv  constant+matern32  -> cached
[957/1728] ZTF22aajakms  constant+gibbs  -> cached
[958/1728] ZTF22aajakms  constant+changepoint  -> cached
[959/1728] ZTF22aajakms  constant+changepoint_1  -> cached
[960/1728] ZTF22aajakms  constant+matern32  -> cached
[961/1728] ZTF22aakpyqw  constant+gibbs  -> cached
[962/1728] ZTF22aakpyqw  constant+changepoint  -> cached
[963/1728] ZTF22aakpyqw  constant+changepoint_1  -> cached
[964/1728] ZTF22aakpyqw  constant+matern32  -> cached
[965/1728] ZTF22aakyeps  constant+gibbs  -> cached
[966/1728] ZTF22aakyeps  constant+changepoint  -> cached
[967/1728] ZTF22aakyeps  constant+changepoint_1  -> cached
[968/1728] ZTF22aakyeps  constant+matern32  -> cached
[969/1728] ZTF22aalfmec  constant+gibbs  -> cached
[970/1728] ZTF22aalfmec  constant+changepoint  -> cached
[971/1728] ZTF22aalfmec  constant+changepoint_1  -> cached
[972/1728] ZTF22aalfmec  constant+matern32  -> cached
[973/1728] ZTF22aaolhhl  constant+gibbs  -> cached
[974/1728] ZTF22aaolhhl  constant+changepoint  -> cached
[975/1728] ZTF22aaolhhl  constant+changepoint_1  -> cached
[976/1728] ZTF22aaolhhl  constant+matern32  -> cached
[977/1728] ZTF22aaoolua  constant+gibbs  -> cached
[978/1728] ZTF22aaoolua  constant+changepoint  -> cached
[979/1728] ZTF22aaoolua  constant+changepoint_1  -> cached
[980/1728] ZTF22aaoolua  constant+matern32  -> cached
[981/1728] ZTF22aarbard  constant+gibbs  -> cached
[982/1728] ZTF22aarbard  constant+changepoint  -> cached
[983/1728] ZTF22aarbard  constant+changepoint_1  -> cached
[984/1728] ZTF22aarbard  constant+matern32  -> cached
[985/1728] ZTF22aarqrxf  constant+gibbs  -> cached
[986/1728] ZTF22aarqrxf  constant+changepoint  -> cached
[987/1728] ZTF22aarqrxf  constant+changepoint_1  -> cached
[988/1728] ZTF22aarqrxf  constant+matern32  -> cached
[989/1728] ZTF22aarwwyy  constant+gibbs  -> cached
[990/1728] ZTF22aarwwyy  constant+changepoint  -> cached
[991/1728] ZTF22aarwwyy  constant+changepoint_1  -> cached
[992/1728] ZTF22aarwwyy  constant+matern32  -> cached
[993/1728] ZTF22aasxgjp  constant+gibbs  -> cached
[994/1728] ZTF22aasxgjp  constant+changepoint  -> cached
[995/1728] ZTF22aasxgjp  constant+changepoint_1  -> cached
[996/1728] ZTF22aasxgjp  constant+matern32  -> cached
[997/1728] ZTF22aatunnt  constant+gibbs  -> cached
[998/1728] ZTF22aatunnt  constant+changepoint  -> cached
[999/1728] ZTF22aatunnt  constant+changepoint_1  -> cached
[1000/1728] ZTF22aatunnt  constant+matern32  -> cached
[1001/1728] ZTF22aazuotw  constant+gibbs  -> cached
[1002/1728] ZTF22aazuotw  constant+changepoint  -> cached
[1003/1728] ZTF22aazuotw  constant+changepoint_1  -> cached
[1004/1728] ZTF22aazuotw  constant+matern32  -> cached
[1005/1728] ZTF22abbdxho  constant+gibbs  -> cached
[1006/1728] ZTF22abbdxho  constant+changepoint  -> cached
[1007/1728] ZTF22abbdxho  constant+changepoint_1  -> cached
[1008/1728] ZTF22abbdxho  constant+matern32  -> cached
[1009/1728] ZTF22abbtqnp  constant+gibbs  -> cached
[1010/1728] ZTF22abbtqnp  constant+changepoint  -> cached
[1011/1728] ZTF22abbtqnp  constant+changepoint_1  -> cached
[1012/1728] ZTF22abbtqnp  constant+matern32  -> cached
[1013/1728] ZTF22abcsgeq  constant+gibbs  -> cached
[1014/1728] ZTF22abcsgeq  constant+changepoint  -> cached
[1015/1728] ZTF22abcsgeq  constant+changepoint_1  -> cached
[1016/1728] ZTF22abcsgeq  constant+matern32  -> cached
[1017/1728] ZTF22abcvfgs  constant+gibbs  -> cached
[1018/1728] ZTF22abcvfgs  constant+changepoint  -> cached
[1019/1728] ZTF22abcvfgs  constant+changepoint_1  -> cached
[1020/1728] ZTF22abcvfgs  constant+matern32  -> cached
[1021/1728] ZTF22abfrkoh  constant+gibbs  -> cached
[1022/1728] ZTF22abfrkoh  constant+changepoint  -> cached
[1023/1728] ZTF22abfrkoh  constant+changepoint_1  -> cached
[1024/1728] ZTF22abfrkoh  constant+matern32  -> cached
[1025/1728] ZTF22abfuwel  constant+gibbs  -> cached
[1026/1728] ZTF22abfuwel  constant+changepoint  -> cached
[1027/1728] ZTF22abfuwel  constant+changepoint_1  -> cached
[1028/1728] ZTF22abfuwel  constant+matern32  -> cached
[1029/1728] ZTF22abfyqsc  constant+gibbs  -> cached
[1030/1728] ZTF22abfyqsc  constant+changepoint  -> cached
[1031/1728] ZTF22abfyqsc  constant+changepoint_1  -> cached
[1032/1728] ZTF22abfyqsc  constant+matern32  -> cached
[1033/1728] ZTF22abivebe  constant+gibbs  -> cached
[1034/1728] ZTF22abivebe  constant+changepoint  -> cached
[1035/1728] ZTF22abivebe  constant+changepoint_1  -> cached
[1036/1728] ZTF22abivebe  constant+matern32  -> cached
[1037/1728] ZTF22abjafpr  constant+gibbs  -> cached
[1038/1728] ZTF22abjafpr  constant+changepoint  -> cached
[1039/1728] ZTF22abjafpr  constant+changepoint_1  -> cached
[1040/1728] ZTF22abjafpr  constant+matern32  -> cached
[1041/1728] ZTF22abkabeh  constant+gibbs  -> cached
[1042/1728] ZTF22abkabeh  constant+changepoint  -> cached
[1043/1728] ZTF22abkabeh  constant+changepoint_1  -> cached
[1044/1728] ZTF22abkabeh  constant+matern32  -> cached
[1045/1728] ZTF22abkbmob  constant+gibbs  -> cached
[1046/1728] ZTF22abkbmob  constant+changepoint  -> cached
[1047/1728] ZTF22abkbmob  constant+changepoint_1  -> cached
[1048/1728] ZTF22abkbmob  constant+matern32  -> cached
[1049/1728] ZTF22abllclb  constant+gibbs  -> cached
[1050/1728] ZTF22abllclb  constant+changepoint  -> cached
[1051/1728] ZTF22abllclb  constant+changepoint_1  -> cached
[1052/1728] ZTF22abllclb  constant+matern32  -> cached
[1053/1728] ZTF22abmonux  constant+gibbs  -> cached
[1054/1728] ZTF22abmonux  constant+changepoint  -> cached
[1055/1728] ZTF22abmonux  constant+changepoint_1  -> cached
[1056/1728] ZTF22abmonux  constant+matern32  -> cached
[1057/1728] ZTF22abnpsou  constant+gibbs  -> cached
[1058/1728] ZTF22abnpsou  constant+changepoint  -> cached
[1059/1728] ZTF22abnpsou  constant+changepoint_1  -> cached
[1060/1728] ZTF22abnpsou  constant+matern32  -> cached
[1061/1728] ZTF22abnvurz  constant+gibbs  -> cached
[1062/1728] ZTF22abnvurz  constant+changepoint  -> cached
[1063/1728] ZTF22abnvurz  constant+changepoint_1  -> cached
[1064/1728] ZTF22abnvurz  constant+matern32  -> cached
[1065/1728] ZTF22absibqa  constant+gibbs  -> cached
[1066/1728] ZTF22absibqa  constant+changepoint  -> cached
[1067/1728] ZTF22absibqa  constant+changepoint_1  -> cached
[1068/1728] ZTF22absibqa  constant+matern32  -> cached
[1069/1728] ZTF22absphuu  constant+gibbs  -> cached
[1070/1728] ZTF22absphuu  constant+changepoint  -> cached
[1071/1728] ZTF22absphuu  constant+changepoint_1  -> cached
[1072/1728] ZTF22absphuu  constant+matern32  -> cached
[1073/1728] ZTF22abvcnnl  constant+gibbs  -> cached
[1074/1728] ZTF22abvcnnl  constant+changepoint  -> cached
[1075/1728] ZTF22abvcnnl  constant+changepoint_1  -> cached
[1076/1728] ZTF22abvcnnl  constant+matern32  -> cached
[1077/1728] ZTF22abwtqeb  constant+gibbs  -> cached
[1078/1728] ZTF22abwtqeb  constant+changepoint  -> cached
[1079/1728] ZTF22abwtqeb  constant+changepoint_1  -> cached
[1080/1728] ZTF22abwtqeb  constant+matern32  -> cached
[1081/1728] ZTF22abzejiv  constant+gibbs  -> cached
[1082/1728] ZTF22abzejiv  constant+changepoint  -> cached
[1083/1728] ZTF22abzejiv  constant+changepoint_1  -> cached
[1084/1728] ZTF22abzejiv  constant+matern32  -> cached
[1085/1728] ZTF23aaahtnj  constant+gibbs  -> cached
[1086/1728] ZTF23aaahtnj  constant+changepoint  -> cached
[1087/1728] ZTF23aaahtnj  constant+changepoint_1  -> cached
[1088/1728] ZTF23aaahtnj  constant+matern32  -> cached
[1089/1728] ZTF23aaaplam  constant+gibbs  -> cached
[1090/1728] ZTF23aaaplam  constant+changepoint  -> cached
[1091/1728] ZTF23aaaplam  constant+changepoint_1  -> cached
[1092/1728] ZTF23aaaplam  constant+matern32  -> cached
[1093/1728] ZTF23aaazffe  constant+gibbs  -> cached
[1094/1728] ZTF23aaazffe  constant+changepoint  -> cached
[1095/1728] ZTF23aaazffe  constant+changepoint_1  -> cached
[1096/1728] ZTF23aaazffe  constant+matern32  -> cached
[1097/1728] ZTF23aaccacy  constant+gibbs  -> cached
[1098/1728] ZTF23aaccacy  constant+changepoint  -> cached
[1099/1728] ZTF23aaccacy  constant+changepoint_1  -> cached
[1100/1728] ZTF23aaccacy  constant+matern32  -> cached
[1101/1728] ZTF23aadaxfn  constant+gibbs  -> cached
[1102/1728] ZTF23aadaxfn  constant+changepoint  -> cached
[1103/1728] ZTF23aadaxfn  constant+changepoint_1  -> cached
[1104/1728] ZTF23aadaxfn  constant+matern32  -> cached
[1105/1728] ZTF23aadtrzd  constant+gibbs  -> cached
[1106/1728] ZTF23aadtrzd  constant+changepoint  -> cached
[1107/1728] ZTF23aadtrzd  constant+changepoint_1  -> cached
[1108/1728] ZTF23aadtrzd  constant+matern32  -> cached
[1109/1728] ZTF23aaecgwh  constant+gibbs  -> cached
[1110/1728] ZTF23aaecgwh  constant+changepoint  -> cached
[1111/1728] ZTF23aaecgwh  constant+changepoint_1  -> cached
[1112/1728] ZTF23aaecgwh  constant+matern32  -> cached
[1113/1728] ZTF23aaemnzd  constant+gibbs  -> cached
[1114/1728] ZTF23aaemnzd  constant+changepoint  -> cached
[1115/1728] ZTF23aaemnzd  constant+changepoint_1  -> cached
[1116/1728] ZTF23aaemnzd  constant+matern32  -> cached
[1117/1728] ZTF23aafwykt  constant+gibbs  -> cached
[1118/1728] ZTF23aafwykt  constant+changepoint  -> cached
[1119/1728] ZTF23aafwykt  constant+changepoint_1  -> cached
[1120/1728] ZTF23aafwykt  constant+matern32  -> cached
[1121/1728] ZTF23aahnmag  constant+gibbs  -> cached
[1122/1728] ZTF23aahnmag  constant+changepoint  -> cached
[1123/1728] ZTF23aahnmag  constant+changepoint_1  -> cached
[1124/1728] ZTF23aahnmag  constant+matern32  -> cached
[1125/1728] ZTF23aajakys  constant+gibbs  -> cached
[1126/1728] ZTF23aajakys  constant+changepoint  -> cached
[1127/1728] ZTF23aajakys  constant+changepoint_1  -> cached
[1128/1728] ZTF23aajakys  constant+matern32  -> cached
[1129/1728] ZTF23aakmewi  constant+gibbs  -> cached
[1130/1728] ZTF23aakmewi  constant+changepoint  -> cached
[1131/1728] ZTF23aakmewi  constant+changepoint_1  -> cached
[1132/1728] ZTF23aakmewi  constant+matern32  -> cached
[1133/1728] ZTF23aakstht  constant+gibbs  -> cached
[1134/1728] ZTF23aakstht  constant+changepoint  -> cached
[1135/1728] ZTF23aakstht  constant+changepoint_1  -> cached
[1136/1728] ZTF23aakstht  constant+matern32  -> cached
[1137/1728] ZTF23aamzljd  constant+gibbs  -> cached
[1138/1728] ZTF23aamzljd  constant+changepoint  -> cached
[1139/1728] ZTF23aamzljd  constant+changepoint_1  -> cached
[1140/1728] ZTF23aamzljd  constant+matern32  -> cached
[1141/1728] ZTF23aandvzg  constant+gibbs  -> cached
[1142/1728] ZTF23aandvzg  constant+changepoint  -> cached
[1143/1728] ZTF23aandvzg  constant+changepoint_1  -> cached
[1144/1728] ZTF23aandvzg  constant+matern32  -> cached
[1145/1728] ZTF23aanqoyo  constant+gibbs  -> cached
[1146/1728] ZTF23aanqoyo  constant+changepoint  -> cached
[1147/1728] ZTF23aanqoyo  constant+changepoint_1  -> cached
[1148/1728] ZTF23aanqoyo  constant+matern32  -> cached
[1149/1728] ZTF23aapbrrq  constant+gibbs  -> cached
[1150/1728] ZTF23aapbrrq  constant+changepoint  -> cached
[1151/1728] ZTF23aapbrrq  constant+changepoint_1  -> cached
[1152/1728] ZTF23aapbrrq  constant+matern32  -> cached
[1153/1728] ZTF23aaqekiu  constant+gibbs  -> cached
[1154/1728] ZTF23aaqekiu  constant+changepoint  -> cached
[1155/1728] ZTF23aaqekiu  constant+changepoint_1  -> cached
[1156/1728] ZTF23aaqekiu  constant+matern32  -> cached
[1157/1728] ZTF23aaspcfl  constant+gibbs  -> cached
[1158/1728] ZTF23aaspcfl  constant+changepoint  -> cached
[1159/1728] ZTF23aaspcfl  constant+changepoint_1  -> cached
[1160/1728] ZTF23aaspcfl  constant+matern32  -> cached
[1161/1728] ZTF23aawtmcf  constant+gibbs  -> cached
[1162/1728] ZTF23aawtmcf  constant+changepoint  -> cached
[1163/1728] ZTF23aawtmcf  constant+changepoint_1  -> cached
[1164/1728] ZTF23aawtmcf  constant+matern32  -> cached
[1165/1728] ZTF23aaxuvkn  constant+gibbs  -> cached
[1166/1728] ZTF23aaxuvkn  constant+changepoint  -> cached
[1167/1728] ZTF23aaxuvkn  constant+changepoint_1  -> cached
[1168/1728] ZTF23aaxuvkn  constant+matern32  -> cached
[1169/1728] ZTF23aazodoj  constant+gibbs  -> cached
[1170/1728] ZTF23aazodoj  constant+changepoint  -> cached
[1171/1728] ZTF23aazodoj  constant+changepoint_1  -> cached
[1172/1728] ZTF23aazodoj  constant+matern32  -> cached
[1173/1728] ZTF23aazuzip  constant+gibbs  -> cached
[1174/1728] ZTF23aazuzip  constant+changepoint  -> cached
[1175/1728] ZTF23aazuzip  constant+changepoint_1  -> cached
[1176/1728] ZTF23aazuzip  constant+matern32  -> cached
[1177/1728] ZTF23abadhsw  constant+gibbs  -> cached
[1178/1728] ZTF23abadhsw  constant+changepoint  -> cached
[1179/1728] ZTF23abadhsw  constant+changepoint_1  -> cached
[1180/1728] ZTF23abadhsw  constant+matern32  -> cached
[1181/1728] ZTF23abaxlrz  constant+gibbs  -> cached
[1182/1728] ZTF23abaxlrz  constant+changepoint  -> cached
[1183/1728] ZTF23abaxlrz  constant+changepoint_1  -> cached
[1184/1728] ZTF23abaxlrz  constant+matern32  -> cached
[1185/1728] ZTF23abbpswf  constant+gibbs  -> cached
[1186/1728] ZTF23abbpswf  constant+changepoint  -> cached
[1187/1728] ZTF23abbpswf  constant+changepoint_1  -> cached
[1188/1728] ZTF23abbpswf  constant+matern32  -> cached
[1189/1728] ZTF23abbskff  constant+gibbs  -> cached
[1190/1728] ZTF23abbskff  constant+changepoint  -> cached
[1191/1728] ZTF23abbskff  constant+changepoint_1  -> cached
[1192/1728] ZTF23abbskff  constant+matern32  -> cached
[1193/1728] ZTF23abcglga  constant+gibbs  -> cached
[1194/1728] ZTF23abcglga  constant+changepoint  -> cached
[1195/1728] ZTF23abcglga  constant+changepoint_1  -> cached
[1196/1728] ZTF23abcglga  constant+matern32  -> cached
[1197/1728] ZTF23abfmlft  constant+gibbs  -> cached
[1198/1728] ZTF23abfmlft  constant+changepoint  -> cached
[1199/1728] ZTF23abfmlft  constant+changepoint_1  -> cached
[1200/1728] ZTF23abfmlft  constant+matern32  -> cached
[1201/1728] ZTF23abhyxpr  constant+gibbs  -> cached
[1202/1728] ZTF23abhyxpr  constant+changepoint  -> cached
[1203/1728] ZTF23abhyxpr  constant+changepoint_1  -> cached
[1204/1728] ZTF23abhyxpr  constant+matern32  -> cached
[1205/1728] ZTF23abjhbcr  constant+gibbs  -> cached
[1206/1728] ZTF23abjhbcr  constant+changepoint  -> cached
[1207/1728] ZTF23abjhbcr  constant+changepoint_1  -> cached
[1208/1728] ZTF23abjhbcr  constant+matern32  -> cached
[1209/1728] ZTF23abjrolk  constant+gibbs  -> cached
[1210/1728] ZTF23abjrolk  constant+changepoint  -> cached
[1211/1728] ZTF23abjrolk  constant+changepoint_1  -> cached
[1212/1728] ZTF23abjrolk  constant+matern32  -> cached
[1213/1728] ZTF23abjzkmx  constant+gibbs  -> cached
[1214/1728] ZTF23abjzkmx  constant+changepoint  -> cached
[1215/1728] ZTF23abjzkmx  constant+changepoint_1  -> cached
[1216/1728] ZTF23abjzkmx  constant+matern32  -> cached
[1217/1728] ZTF23abnpoqp  constant+gibbs  -> cached
[1218/1728] ZTF23abnpoqp  constant+changepoint  -> cached
[1219/1728] ZTF23abnpoqp  constant+changepoint_1  -> cached
[1220/1728] ZTF23abnpoqp  constant+matern32  -> cached
[1221/1728] ZTF23abochfb  constant+gibbs  -> cached
[1222/1728] ZTF23abochfb  constant+changepoint  -> cached
[1223/1728] ZTF23abochfb  constant+changepoint_1  -> cached
[1224/1728] ZTF23abochfb  constant+matern32  -> cached
[1225/1728] ZTF23abomtjc  constant+gibbs  -> cached
[1226/1728] ZTF23abomtjc  constant+changepoint  -> cached
[1227/1728] ZTF23abomtjc  constant+changepoint_1  -> cached
[1228/1728] ZTF23abomtjc  constant+matern32  -> cached
[1229/1728] ZTF23abovaur  constant+gibbs  -> cached
[1230/1728] ZTF23abovaur  constant+changepoint  -> cached
[1231/1728] ZTF23abovaur  constant+changepoint_1  -> cached
[1232/1728] ZTF23abovaur  constant+matern32  -> cached
[1233/1728] ZTF23abvokyz  constant+gibbs  -> cached
[1234/1728] ZTF23abvokyz  constant+changepoint  -> cached
[1235/1728] ZTF23abvokyz  constant+changepoint_1  -> cached
[1236/1728] ZTF23abvokyz  constant+matern32  -> cached
[1237/1728] ZTF24aaabybk  constant+gibbs  -> cached
[1238/1728] ZTF24aaabybk  constant+changepoint  -> cached
[1239/1728] ZTF24aaabybk  constant+changepoint_1  -> cached
[1240/1728] ZTF24aaabybk  constant+matern32  -> cached
[1241/1728] ZTF24aabuaij  constant+gibbs  -> cached
[1242/1728] ZTF24aabuaij  constant+changepoint  -> cached
[1243/1728] ZTF24aabuaij  constant+changepoint_1  -> cached
[1244/1728] ZTF24aabuaij  constant+matern32  -> cached
[1245/1728] ZTF24aacjcwl  constant+gibbs  -> cached
[1246/1728] ZTF24aacjcwl  constant+changepoint  -> cached
[1247/1728] ZTF24aacjcwl  constant+changepoint_1  -> cached
[1248/1728] ZTF24aacjcwl  constant+matern32  -> cached
[1249/1728] ZTF24aacrbua  constant+gibbs  -> cached
[1250/1728] ZTF24aacrbua  constant+changepoint  -> cached
[1251/1728] ZTF24aacrbua  constant+changepoint_1  -> cached
[1252/1728] ZTF24aacrbua  constant+matern32  -> cached
[1253/1728] ZTF24aadfmaf  constant+gibbs  -> cached
[1254/1728] ZTF24aadfmaf  constant+changepoint  -> cached
[1255/1728] ZTF24aadfmaf  constant+changepoint_1  -> cached
[1256/1728] ZTF24aadfmaf  constant+matern32  -> cached
[1257/1728] ZTF24aaeczdw  constant+gibbs  -> cached
[1258/1728] ZTF24aaeczdw  constant+changepoint  -> cached
[1259/1728] ZTF24aaeczdw  constant+changepoint_1  -> cached
[1260/1728] ZTF24aaeczdw  constant+matern32  -> cached
[1261/1728] ZTF24aagfeti  constant+gibbs  -> cached
[1262/1728] ZTF24aagfeti  constant+changepoint  -> cached
[1263/1728] ZTF24aagfeti  constant+changepoint_1  -> cached
[1264/1728] ZTF24aagfeti  constant+matern32  -> cached
[1265/1728] ZTF24aagkjca  constant+gibbs  -> cached
[1266/1728] ZTF24aagkjca  constant+changepoint  -> cached
[1267/1728] ZTF24aagkjca  constant+changepoint_1  -> cached
[1268/1728] ZTF24aagkjca  constant+matern32  -> cached
[1269/1728] ZTF24aagterj  constant+gibbs  -> cached
[1270/1728] ZTF24aagterj  constant+changepoint  -> cached
[1271/1728] ZTF24aagterj  constant+changepoint_1  -> cached
[1272/1728] ZTF24aagterj  constant+matern32  -> cached
[1273/1728] ZTF24aagtmbq  constant+gibbs  -> cached
[1274/1728] ZTF24aagtmbq  constant+changepoint  -> cached
[1275/1728] ZTF24aagtmbq  constant+changepoint_1  -> cached
[1276/1728] ZTF24aagtmbq  constant+matern32  -> cached
[1277/1728] ZTF24aahuzig  constant+gibbs  -> cached
[1278/1728] ZTF24aahuzig  constant+changepoint  -> cached
[1279/1728] ZTF24aahuzig  constant+changepoint_1  -> cached
[1280/1728] ZTF24aahuzig  constant+matern32  -> cached
[1281/1728] ZTF24aajdqbw  constant+gibbs  -> cached
[1282/1728] ZTF24aajdqbw  constant+changepoint  -> cached
[1283/1728] ZTF24aajdqbw  constant+changepoint_1  -> cached
[1284/1728] ZTF24aajdqbw  constant+matern32  -> cached
[1285/1728] ZTF24aajivqf  constant+gibbs  -> cached
[1286/1728] ZTF24aajivqf  constant+changepoint  -> cached
[1287/1728] ZTF24aajivqf  constant+changepoint_1  -> cached
[1288/1728] ZTF24aajivqf  constant+matern32  -> cached
[1289/1728] ZTF24aajqamj  constant+gibbs  -> cached
[1290/1728] ZTF24aajqamj  constant+changepoint  -> cached
[1291/1728] ZTF24aajqamj  constant+changepoint_1  -> cached
[1292/1728] ZTF24aajqamj  constant+matern32  -> cached
[1293/1728] ZTF24aakaiqs  constant+gibbs  -> cached
[1294/1728] ZTF24aakaiqs  constant+changepoint  -> cached
[1295/1728] ZTF24aakaiqs  constant+changepoint_1  -> cached
[1296/1728] ZTF24aakaiqs  constant+matern32  -> cached
[1297/1728] ZTF24aakftxp  constant+gibbs  -> cached
[1298/1728] ZTF24aakftxp  constant+changepoint  -> cached
[1299/1728] ZTF24aakftxp  constant+changepoint_1  -> cached
[1300/1728] ZTF24aakftxp  constant+matern32  -> cached
[1301/1728] ZTF24aancgyl  constant+gibbs  -> cached
[1302/1728] ZTF24aancgyl  constant+changepoint  -> cached
[1303/1728] ZTF24aancgyl  constant+changepoint_1  -> cached
[1304/1728] ZTF24aancgyl  constant+matern32  -> cached
[1305/1728] ZTF24aaowjlw  constant+gibbs  -> cached
[1306/1728] ZTF24aaowjlw  constant+changepoint  -> cached
[1307/1728] ZTF24aaowjlw  constant+changepoint_1  -> cached
[1308/1728] ZTF24aaowjlw  constant+matern32  -> cached
[1309/1728] ZTF24aapadbb  constant+gibbs  -> cached
[1310/1728] ZTF24aapadbb  constant+changepoint  -> cached
[1311/1728] ZTF24aapadbb  constant+changepoint_1  -> cached
[1312/1728] ZTF24aapadbb  constant+matern32  -> cached
[1313/1728] ZTF24aateouu  constant+gibbs  -> cached
[1314/1728] ZTF24aateouu  constant+changepoint  -> cached
[1315/1728] ZTF24aateouu  constant+changepoint_1  -> cached
[1316/1728] ZTF24aateouu  constant+matern32  -> cached
[1317/1728] ZTF24aawjwxx  constant+gibbs  -> cached
[1318/1728] ZTF24aawjwxx  constant+changepoint  -> cached
[1319/1728] ZTF24aawjwxx  constant+changepoint_1  -> cached
[1320/1728] ZTF24aawjwxx  constant+matern32  -> cached
[1321/1728] ZTF24aawtoiv  constant+gibbs  -> cached
[1322/1728] ZTF24aawtoiv  constant+changepoint  -> cached
[1323/1728] ZTF24aawtoiv  constant+changepoint_1  -> cached
[1324/1728] ZTF24aawtoiv  constant+matern32  -> cached
[1325/1728] ZTF24aayikbu  constant+gibbs  -> cached
[1326/1728] ZTF24aayikbu  constant+changepoint  -> cached
[1327/1728] ZTF24aayikbu  constant+changepoint_1  -> cached
[1328/1728] ZTF24aayikbu  constant+matern32  -> cached
[1329/1728] ZTF24aayimjt  constant+gibbs  -> cached
[1330/1728] ZTF24aayimjt  constant+changepoint  -> cached
[1331/1728] ZTF24aayimjt  constant+changepoint_1  -> cached
[1332/1728] ZTF24aayimjt  constant+matern32  -> cached
[1333/1728] ZTF24aaymkrs  constant+gibbs  -> cached
[1334/1728] ZTF24aaymkrs  constant+changepoint  -> cached
[1335/1728] ZTF24aaymkrs  constant+changepoint_1  -> cached
[1336/1728] ZTF24aaymkrs  constant+matern32  -> cached
[1337/1728] ZTF24aaysowl  constant+gibbs  -> cached
[1338/1728] ZTF24aaysowl  constant+changepoint  -> cached
[1339/1728] ZTF24aaysowl  constant+changepoint_1  -> cached
[1340/1728] ZTF24aaysowl  constant+matern32  -> cached
[1341/1728] ZTF24aazmqbf  constant+gibbs  -> cached
[1342/1728] ZTF24aazmqbf  constant+changepoint  -> cached
[1343/1728] ZTF24aazmqbf  constant+changepoint_1  -> cached
[1344/1728] ZTF24aazmqbf  constant+matern32  -> cached
[1345/1728] ZTF24aazqavh  constant+gibbs  -> cached
[1346/1728] ZTF24aazqavh  constant+changepoint  -> cached
[1347/1728] ZTF24aazqavh  constant+changepoint_1  -> cached
[1348/1728] ZTF24aazqavh  constant+matern32  -> cached
[1349/1728] ZTF24aaztbct  constant+gibbs  -> cached
[1350/1728] ZTF24aaztbct  constant+changepoint  -> cached
[1351/1728] ZTF24aaztbct  constant+changepoint_1  -> cached
[1352/1728] ZTF24aaztbct  constant+matern32  -> cached
[1353/1728] ZTF24abajmau  constant+gibbs  -> cached
[1354/1728] ZTF24abajmau  constant+changepoint  -> cached
[1355/1728] ZTF24abajmau  constant+changepoint_1  -> cached
[1356/1728] ZTF24abajmau  constant+matern32  -> cached
[1357/1728] ZTF24abavusp  constant+gibbs  -> cached
[1358/1728] ZTF24abavusp  constant+changepoint  -> cached
[1359/1728] ZTF24abavusp  constant+changepoint_1  -> cached
[1360/1728] ZTF24abavusp  constant+matern32  -> cached
[1361/1728] ZTF24abbsuhu  constant+gibbs  -> cached
[1362/1728] ZTF24abbsuhu  constant+changepoint  -> cached
[1363/1728] ZTF24abbsuhu  constant+changepoint_1  -> cached
[1364/1728] ZTF24abbsuhu  constant+matern32  -> cached
[1365/1728] ZTF24abchdsc  constant+gibbs  -> cached
[1366/1728] ZTF24abchdsc  constant+changepoint  -> cached
[1367/1728] ZTF24abchdsc  constant+changepoint_1  -> cached
[1368/1728] ZTF24abchdsc  constant+matern32  -> cached
[1369/1728] ZTF24abdiwwv  constant+gibbs  -> cached
[1370/1728] ZTF24abdiwwv  constant+changepoint  -> cached
[1371/1728] ZTF24abdiwwv  constant+changepoint_1  -> cached
[1372/1728] ZTF24abdiwwv  constant+matern32  -> cached
[1373/1728] ZTF24abhhzrp  constant+gibbs  -> cached
[1374/1728] ZTF24abhhzrp  constant+changepoint  -> cached
[1375/1728] ZTF24abhhzrp  constant+changepoint_1  -> cached
[1376/1728] ZTF24abhhzrp  constant+matern32  -> cached
[1377/1728] ZTF24abhsqly  constant+gibbs  -> cached
[1378/1728] ZTF24abhsqly  constant+changepoint  -> cached
[1379/1728] ZTF24abhsqly  constant+changepoint_1  -> cached
[1380/1728] ZTF24abhsqly  constant+matern32  -> cached
[1381/1728] ZTF24abiifei  constant+gibbs  -> cached
[1382/1728] ZTF24abiifei  constant+changepoint  -> cached
[1383/1728] ZTF24abiifei  constant+changepoint_1  -> cached
[1384/1728] ZTF24abiifei  constant+matern32  -> cached
[1385/1728] ZTF24abimpmc  constant+gibbs  -> cached
[1386/1728] ZTF24abimpmc  constant+changepoint  -> cached
[1387/1728] ZTF24abimpmc  constant+changepoint_1  -> cached
[1388/1728] ZTF24abimpmc  constant+matern32  -> cached
[1389/1728] ZTF24abiwzzc  constant+gibbs  -> cached
[1390/1728] ZTF24abiwzzc  constant+changepoint  -> cached
[1391/1728] ZTF24abiwzzc  constant+changepoint_1  -> cached
[1392/1728] ZTF24abiwzzc  constant+matern32  -> cached
[1393/1728] ZTF24abkiblx  constant+gibbs  -> cached
[1394/1728] ZTF24abkiblx  constant+changepoint  -> cached
[1395/1728] ZTF24abkiblx  constant+changepoint_1  -> cached
[1396/1728] ZTF24abkiblx  constant+matern32  -> cached
[1397/1728] ZTF24ablmayf  constant+gibbs  -> cached
[1398/1728] ZTF24ablmayf  constant+changepoint  -> cached
[1399/1728] ZTF24ablmayf  constant+changepoint_1  -> cached
[1400/1728] ZTF24ablmayf  constant+matern32  -> cached
[1401/1728] ZTF24ablsxza  constant+gibbs  -> cached
[1402/1728] ZTF24ablsxza  constant+changepoint  -> cached
[1403/1728] ZTF24ablsxza  constant+changepoint_1  -> cached
[1404/1728] ZTF24ablsxza  constant+matern32  -> cached
[1405/1728] ZTF24abltheg  constant+gibbs  -> cached
[1406/1728] ZTF24abltheg  constant+changepoint  -> cached
[1407/1728] ZTF24abltheg  constant+changepoint_1  -> cached
[1408/1728] ZTF24abltheg  constant+matern32  -> cached
[1409/1728] ZTF24abnafgr  constant+gibbs  -> cached
[1410/1728] ZTF24abnafgr  constant+changepoint  -> cached
[1411/1728] ZTF24abnafgr  constant+changepoint_1  -> cached
[1412/1728] ZTF24abnafgr  constant+matern32  -> cached
[1413/1728] ZTF24abncuhj  constant+gibbs  -> cached
[1414/1728] ZTF24abncuhj  constant+changepoint  -> cached
[1415/1728] ZTF24abncuhj  constant+changepoint_1  -> cached
[1416/1728] ZTF24abncuhj  constant+matern32  -> cached
[1417/1728] ZTF24abnsght  constant+gibbs  -> cached
[1418/1728] ZTF24abnsght  constant+changepoint  -> cached
[1419/1728] ZTF24abnsght  constant+changepoint_1  -> cached
[1420/1728] ZTF24abnsght  constant+matern32  -> cached
[1421/1728] ZTF24abpqghw  constant+gibbs  -> cached
[1422/1728] ZTF24abpqghw  constant+changepoint  -> cached
[1423/1728] ZTF24abpqghw  constant+changepoint_1  -> cached
[1424/1728] ZTF24abpqghw  constant+matern32  -> cached
[1425/1728] ZTF24abqbyxd  constant+gibbs  -> cached
[1426/1728] ZTF24abqbyxd  constant+changepoint  -> cached
[1427/1728] ZTF24abqbyxd  constant+changepoint_1  -> cached
[1428/1728] ZTF24abqbyxd  constant+matern32  -> cached
[1429/1728] ZTF24abroqvs  constant+gibbs  -> cached
[1430/1728] ZTF24abroqvs  constant+changepoint  -> cached
[1431/1728] ZTF24abroqvs  constant+changepoint_1  -> cached
[1432/1728] ZTF24abroqvs  constant+matern32  -> cached
[1433/1728] ZTF24absrpsn  constant+gibbs  -> cached
[1434/1728] ZTF24absrpsn  constant+changepoint  -> cached
[1435/1728] ZTF24absrpsn  constant+changepoint_1  -> cached
[1436/1728] ZTF24absrpsn  constant+matern32  -> cached
[1437/1728] ZTF24absznoi  constant+gibbs  -> cached
[1438/1728] ZTF24absznoi  constant+changepoint  -> cached
[1439/1728] ZTF24absznoi  constant+changepoint_1  -> cached
[1440/1728] ZTF24absznoi  constant+matern32  -> cached
[1441/1728] ZTF24abtlppf  constant+gibbs  -> cached
[1442/1728] ZTF24abtlppf  constant+changepoint  -> cached
[1443/1728] ZTF24abtlppf  constant+changepoint_1  -> cached
[1444/1728] ZTF24abtlppf  constant+matern32  -> cached
[1445/1728] ZTF24abtmueg  constant+gibbs  -> cached
[1446/1728] ZTF24abtmueg  constant+changepoint  -> cached
[1447/1728] ZTF24abtmueg  constant+changepoint_1  -> cached
[1448/1728] ZTF24abtmueg  constant+matern32  -> cached
[1449/1728] ZTF24abtnkbi  constant+gibbs  -> cached
[1450/1728] ZTF24abtnkbi  constant+changepoint  -> cached
[1451/1728] ZTF24abtnkbi  constant+changepoint_1  -> cached
[1452/1728] ZTF24abtnkbi  constant+matern32  -> cached
[1453/1728] ZTF24abwmzop  constant+gibbs  -> cached
[1454/1728] ZTF24abwmzop  constant+changepoint  -> cached
[1455/1728] ZTF24abwmzop  constant+changepoint_1  -> cached
[1456/1728] ZTF24abwmzop  constant+matern32  -> cached
[1457/1728] ZTF24abxxniy  constant+gibbs  -> cached
[1458/1728] ZTF24abxxniy  constant+changepoint  -> cached
[1459/1728] ZTF24abxxniy  constant+changepoint_1  -> cached
[1460/1728] ZTF24abxxniy  constant+matern32  -> cached
[1461/1728] ZTF24abygyka  constant+gibbs  -> cached
[1462/1728] ZTF24abygyka  constant+changepoint  -> cached
[1463/1728] ZTF24abygyka  constant+changepoint_1  -> cached
[1464/1728] ZTF24abygyka  constant+matern32  -> cached
[1465/1728] ZTF24abzgggz  constant+gibbs  -> cached
[1466/1728] ZTF24abzgggz  constant+changepoint  -> cached
[1467/1728] ZTF24abzgggz  constant+changepoint_1  -> cached
[1468/1728] ZTF24abzgggz  constant+matern32  -> cached
[1469/1728] ZTF24abzmhtv  constant+gibbs  -> cached
[1470/1728] ZTF24abzmhtv  constant+changepoint  -> cached
[1471/1728] ZTF24abzmhtv  constant+changepoint_1  -> cached
[1472/1728] ZTF24abzmhtv  constant+matern32  -> cached
[1473/1728] ZTF25aaadytl  constant+gibbs  -> cached
[1474/1728] ZTF25aaadytl  constant+changepoint  -> cached
[1475/1728] ZTF25aaadytl  constant+changepoint_1  -> cached
[1476/1728] ZTF25aaadytl  constant+matern32  -> cached
[1477/1728] ZTF25aaaecsu  constant+gibbs  -> cached
[1478/1728] ZTF25aaaecsu  constant+changepoint  -> cached
[1479/1728] ZTF25aaaecsu  constant+changepoint_1  -> cached
[1480/1728] ZTF25aaaecsu  constant+matern32  -> cached
[1481/1728] ZTF25aaaeykb  constant+gibbs  -> cached
[1482/1728] ZTF25aaaeykb  constant+changepoint  -> cached
[1483/1728] ZTF25aaaeykb  constant+changepoint_1  -> cached
[1484/1728] ZTF25aaaeykb  constant+matern32  -> cached
[1485/1728] ZTF25aabzbve  constant+gibbs  -> cached
[1486/1728] ZTF25aabzbve  constant+changepoint  -> cached
[1487/1728] ZTF25aabzbve  constant+changepoint_1  -> cached
[1488/1728] ZTF25aabzbve  constant+matern32  -> cached
[1489/1728] ZTF25aaccmjq  constant+gibbs  -> cached
[1490/1728] ZTF25aaccmjq  constant+changepoint  -> cached
[1491/1728] ZTF25aaccmjq  constant+changepoint_1  -> cached
[1492/1728] ZTF25aaccmjq  constant+matern32  -> cached
[1493/1728] ZTF25aadnogd  constant+gibbs  -> cached
[1494/1728] ZTF25aadnogd  constant+changepoint  -> cached
[1495/1728] ZTF25aadnogd  constant+changepoint_1  -> cached
[1496/1728] ZTF25aadnogd  constant+matern32  -> cached
[1497/1728] ZTF25aafdnuf  constant+gibbs  -> cached
[1498/1728] ZTF25aafdnuf  constant+changepoint  -> cached
[1499/1728] ZTF25aafdnuf  constant+changepoint_1  -> cached
[1500/1728] ZTF25aafdnuf  constant+matern32  -> cached
[1501/1728] ZTF25aafedas  constant+gibbs  -> cached
[1502/1728] ZTF25aafedas  constant+changepoint  -> cached
[1503/1728] ZTF25aafedas  constant+changepoint_1  -> cached
[1504/1728] ZTF25aafedas  constant+matern32  -> cached
[1505/1728] ZTF25aafkxdu  constant+gibbs  -> cached
[1506/1728] ZTF25aafkxdu  constant+changepoint  -> cached
[1507/1728] ZTF25aafkxdu  constant+changepoint_1  -> cached
[1508/1728] ZTF25aafkxdu  constant+matern32  -> cached
[1509/1728] ZTF25aajbcmc  constant+gibbs  -> cached
[1510/1728] ZTF25aajbcmc  constant+changepoint  -> cached
[1511/1728] ZTF25aajbcmc  constant+changepoint_1  -> cached
[1512/1728] ZTF25aajbcmc  constant+matern32  -> cached
[1513/1728] ZTF25aajgfsk  constant+gibbs  -> cached
[1514/1728] ZTF25aajgfsk  constant+changepoint  -> cached
[1515/1728] ZTF25aajgfsk  constant+changepoint_1  -> cached
[1516/1728] ZTF25aajgfsk  constant+matern32  -> cached
[1517/1728] ZTF25aajuqtp  constant+gibbs  -> cached
[1518/1728] ZTF25aajuqtp  constant+changepoint  -> cached
[1519/1728] ZTF25aajuqtp  constant+changepoint_1  -> cached
[1520/1728] ZTF25aajuqtp  constant+matern32  -> cached
[1521/1728] ZTF25aakbbof  constant+gibbs  -> cached
[1522/1728] ZTF25aakbbof  constant+changepoint  -> cached
[1523/1728] ZTF25aakbbof  constant+changepoint_1  -> cached
[1524/1728] ZTF25aakbbof  constant+matern32  -> cached
[1525/1728] ZTF25aakeqyr  constant+gibbs  -> cached
[1526/1728] ZTF25aakeqyr  constant+changepoint  -> cached
[1527/1728] ZTF25aakeqyr  constant+changepoint_1  -> cached
[1528/1728] ZTF25aakeqyr  constant+matern32  -> cached
[1529/1728] ZTF25aamplge  constant+gibbs  -> cached
[1530/1728] ZTF25aamplge  constant+changepoint  -> cached
[1531/1728] ZTF25aamplge  constant+changepoint_1  -> cached
[1532/1728] ZTF25aamplge  constant+matern32  -> cached
[1533/1728] ZTF25aankyie  constant+gibbs  -> cached
[1534/1728] ZTF25aankyie  constant+changepoint  -> cached
[1535/1728] ZTF25aankyie  constant+changepoint_1  -> cached
[1536/1728] ZTF25aankyie  constant+matern32  -> cached
[1537/1728] ZTF25aanxtou  constant+gibbs  -> cached
[1538/1728] ZTF25aanxtou  constant+changepoint  -> cached
[1539/1728] ZTF25aanxtou  constant+changepoint_1  -> cached
[1540/1728] ZTF25aanxtou  constant+matern32  -> cached
[1541/1728] ZTF25aaomnws  constant+gibbs  -> cached
[1542/1728] ZTF25aaomnws  constant+changepoint  -> cached
[1543/1728] ZTF25aaomnws  constant+changepoint_1  -> cached
[1544/1728] ZTF25aaomnws  constant+matern32  -> cached
[1545/1728] ZTF25aarmzhx  constant+gibbs  -> cached
[1546/1728] ZTF25aarmzhx  constant+changepoint  -> cached
[1547/1728] ZTF25aarmzhx  constant+changepoint_1  -> cached
[1548/1728] ZTF25aarmzhx  constant+matern32  -> cached
[1549/1728] ZTF25aaurzyo  constant+gibbs  -> cached
[1550/1728] ZTF25aaurzyo  constant+changepoint  -> cached
[1551/1728] ZTF25aaurzyo  constant+changepoint_1  -> cached
[1552/1728] ZTF25aaurzyo  constant+matern32  -> cached
[1553/1728] ZTF25aavahfn  constant+gibbs  -> cached
[1554/1728] ZTF25aavahfn  constant+changepoint  -> cached
[1555/1728] ZTF25aavahfn  constant+changepoint_1  -> cached
[1556/1728] ZTF25aavahfn  constant+matern32  -> cached
[1557/1728] ZTF25aawaobl  constant+gibbs  -> cached
[1558/1728] ZTF25aawaobl  constant+changepoint  -> cached
[1559/1728] ZTF25aawaobl  constant+changepoint_1  -> cached
[1560/1728] ZTF25aawaobl  constant+matern32  -> cached
[1561/1728] ZTF25aaxegmh  constant+gibbs  -> cached
[1562/1728] ZTF25aaxegmh  constant+changepoint  -> cached
[1563/1728] ZTF25aaxegmh  constant+changepoint_1  -> cached
[1564/1728] ZTF25aaxegmh  constant+matern32  -> cached
[1565/1728] ZTF25abbzsku  constant+gibbs  -> cached
[1566/1728] ZTF25abbzsku  constant+changepoint  -> cached
[1567/1728] ZTF25abbzsku  constant+changepoint_1  -> cached
[1568/1728] ZTF25abbzsku  constant+matern32  -> cached
[1569/1728] ZTF25abclliu  constant+gibbs  -> cached
[1570/1728] ZTF25abclliu  constant+changepoint  -> cached
[1571/1728] ZTF25abclliu  constant+changepoint_1  -> cached
[1572/1728] ZTF25abclliu  constant+matern32  -> cached
[1573/1728] ZTF25abcydiy  constant+gibbs  -> cached
[1574/1728] ZTF25abcydiy  constant+changepoint  -> cached
[1575/1728] ZTF25abcydiy  constant+changepoint_1  -> cached
[1576/1728] ZTF25abcydiy  constant+matern32  -> cached
[1577/1728] ZTF25abecvml  constant+gibbs  -> cached
[1578/1728] ZTF25abecvml  constant+changepoint  -> cached
[1579/1728] ZTF25abecvml  constant+changepoint_1  -> cached
[1580/1728] ZTF25abecvml  constant+matern32  -> cached
[1581/1728] ZTF25abixhdc  constant+gibbs  -> cached
[1582/1728] ZTF25abixhdc  constant+changepoint  -> cached
[1583/1728] ZTF25abixhdc  constant+changepoint_1  -> cached
[1584/1728] ZTF25abixhdc  constant+matern32  -> cached
[1585/1728] ZTF25abkwytp  constant+gibbs  -> cached
[1586/1728] ZTF25abkwytp  constant+changepoint  -> cached
[1587/1728] ZTF25abkwytp  constant+changepoint_1  -> cached
[1588/1728] ZTF25abkwytp  constant+matern32  -> cached
[1589/1728] ZTF25ablgkgi  constant+gibbs  -> cached
[1590/1728] ZTF25ablgkgi  constant+changepoint  -> cached
[1591/1728] ZTF25ablgkgi  constant+changepoint_1  -> cached
[1592/1728] ZTF25ablgkgi  constant+matern32  -> cached
[1593/1728] ZTF25ablulax  constant+gibbs  -> cached
[1594/1728] ZTF25ablulax  constant+changepoint  -> cached
[1595/1728] ZTF25ablulax  constant+changepoint_1  -> cached
[1596/1728] ZTF25ablulax  constant+matern32  -> cached
[1597/1728] ZTF25abmjfcf  constant+gibbs  -> cached
[1598/1728] ZTF25abmjfcf  constant+changepoint  -> cached
[1599/1728] ZTF25abmjfcf  constant+changepoint_1  -> cached
[1600/1728] ZTF25abmjfcf  constant+matern32  -> cached
[1601/1728] ZTF25abmsmeg  constant+gibbs  -> cached
[1602/1728] ZTF25abmsmeg  constant+changepoint  -> cached
[1603/1728] ZTF25abmsmeg  constant+changepoint_1  -> cached
[1604/1728] ZTF25abmsmeg  constant+matern32  -> cached
[1605/1728] ZTF25abmtiec  constant+gibbs  -> cached
[1606/1728] ZTF25abmtiec  constant+changepoint  -> cached
[1607/1728] ZTF25abmtiec  constant+changepoint_1  -> cached
[1608/1728] ZTF25abmtiec  constant+matern32  -> cached
[1609/1728] ZTF25aboftol  constant+gibbs  -> cached
[1610/1728] ZTF25aboftol  constant+changepoint  -> cached
[1611/1728] ZTF25aboftol  constant+changepoint_1  -> cached
[1612/1728] ZTF25aboftol  constant+matern32  -> cached
[1613/1728] ZTF25abqsbxy  constant+gibbs  -> cached
[1614/1728] ZTF25abqsbxy  constant+changepoint  -> cached
[1615/1728] ZTF25abqsbxy  constant+changepoint_1  -> cached
[1616/1728] ZTF25abqsbxy  constant+matern32  -> cached
[1617/1728] ZTF25abvbjre  constant+gibbs  -> cached
[1618/1728] ZTF25abvbjre  constant+changepoint  -> cached
[1619/1728] ZTF25abvbjre  constant+changepoint_1  -> cached
[1620/1728] ZTF25abvbjre  constant+matern32  -> cached
[1621/1728] ZTF25abvcnay  constant+gibbs  -> cached
[1622/1728] ZTF25abvcnay  constant+changepoint  -> cached
[1623/1728] ZTF25abvcnay  constant+changepoint_1  -> cached
[1624/1728] ZTF25abvcnay  constant+matern32  -> cached
[1625/1728] ZTF25abweqoj  constant+gibbs  -> cached
[1626/1728] ZTF25abweqoj  constant+changepoint  -> cached
[1627/1728] ZTF25abweqoj  constant+changepoint_1  -> cached
[1628/1728] ZTF25abweqoj  constant+matern32  -> cached
[1629/1728] ZTF25abwophe  constant+gibbs  -> cached
[1630/1728] ZTF25abwophe  constant+changepoint  -> cached
[1631/1728] ZTF25abwophe  constant+changepoint_1  -> cached
[1632/1728] ZTF25abwophe  constant+matern32  -> cached
[1633/1728] ZTF25abxfsza  constant+gibbs  -> cached
[1634/1728] ZTF25abxfsza  constant+changepoint  -> cached
[1635/1728] ZTF25abxfsza  constant+changepoint_1  -> cached
[1636/1728] ZTF25abxfsza  constant+matern32  -> cached
[1637/1728] ZTF25abyevmr  constant+gibbs  -> cached
[1638/1728] ZTF25abyevmr  constant+changepoint  -> cached
[1639/1728] ZTF25abyevmr  constant+changepoint_1  -> cached
[1640/1728] ZTF25abyevmr  constant+matern32  -> cached
[1641/1728] ZTF25abyrwhz  constant+gibbs  -> cached
[1642/1728] ZTF25abyrwhz  constant+changepoint  -> cached
[1643/1728] ZTF25abyrwhz  constant+changepoint_1  -> cached
[1644/1728] ZTF25abyrwhz  constant+matern32  -> cached
[1645/1728] ZTF25abzudli  constant+gibbs  -> cached
[1646/1728] ZTF25abzudli  constant+changepoint  -> cached
[1647/1728] ZTF25abzudli  constant+changepoint_1  -> cached
[1648/1728] ZTF25abzudli  constant+matern32  -> cached
[1649/1728] ZTF25acbzkov  constant+gibbs  -> cached
[1650/1728] ZTF25acbzkov  constant+changepoint  -> cached
[1651/1728] ZTF25acbzkov  constant+changepoint_1  -> cached
[1652/1728] ZTF25acbzkov  constant+matern32  -> cached
[1653/1728] ZTF25accmopr  constant+gibbs  -> cached
[1654/1728] ZTF25accmopr  constant+changepoint  -> cached
[1655/1728] ZTF25accmopr  constant+changepoint_1  -> cached
[1656/1728] ZTF25accmopr  constant+matern32  -> cached
[1657/1728] ZTF25acdktzt  constant+gibbs  -> cached
[1658/1728] ZTF25acdktzt  constant+changepoint  -> cached
[1659/1728] ZTF25acdktzt  constant+changepoint_1  -> cached
[1660/1728] ZTF25acdktzt  constant+matern32  -> cached
[1661/1728] ZTF25acemaph  constant+gibbs  -> cached
[1662/1728] ZTF25acemaph  constant+changepoint  -> cached
[1663/1728] ZTF25acemaph  constant+changepoint_1  -> cached
[1664/1728] ZTF25acemaph  constant+matern32  -> cached
[1665/1728] ZTF25aceopyo  constant+gibbs  -> cached
[1666/1728] ZTF25aceopyo  constant+changepoint  -> cached
[1667/1728] ZTF25aceopyo  constant+changepoint_1  -> cached
[1668/1728] ZTF25aceopyo  constant+matern32  -> cached
[1669/1728] ZTF25acgdfwz  constant+gibbs  -> cached
[1670/1728] ZTF25acgdfwz  constant+changepoint  -> cached
[1671/1728] ZTF25acgdfwz  constant+changepoint_1  -> cached
[1672/1728] ZTF25acgdfwz  constant+matern32  -> cached
[1673/1728] ZTF26aaakmmc  constant+gibbs  -> cached
[1674/1728] ZTF26aaakmmc  constant+changepoint  -> cached
[1675/1728] ZTF26aaakmmc  constant+changepoint_1  -> cached
[1676/1728] ZTF26aaakmmc  constant+matern32  -> cached
[1677/1728] ZTF26aadqfik  constant+gibbs  -> cached
[1678/1728] ZTF26aadqfik  constant+changepoint  -> cached
[1679/1728] ZTF26aadqfik  constant+changepoint_1  -> cached
[1680/1728] ZTF26aadqfik  constant+matern32  -> cached
[1681/1728] ZTF26aadqwlb  constant+gibbs  -> cached
[1682/1728] ZTF26aadqwlb  constant+changepoint  -> cached
[1683/1728] ZTF26aadqwlb  constant+changepoint_1  -> cached
[1684/1728] ZTF26aadqwlb  constant+matern32  -> cached
[1685/1728] ZTF26aagbzrh  constant+gibbs  -> cached
[1686/1728] ZTF26aagbzrh  constant+changepoint  -> cached
[1687/1728] ZTF26aagbzrh  constant+changepoint_1  -> cached
[1688/1728] ZTF26aagbzrh  constant+matern32  -> cached
[1689/1728] ZTF26aagrmky  constant+gibbs  -> cached
[1690/1728] ZTF26aagrmky  constant+changepoint  -> cached
[1691/1728] ZTF26aagrmky  constant+changepoint_1  -> cached
[1692/1728] ZTF26aagrmky  constant+matern32  -> cached
[1693/1728] ZTF26aahinar  constant+gibbs  -> cached
[1694/1728] ZTF26aahinar  constant+changepoint  -> cached
[1695/1728] ZTF26aahinar  constant+changepoint_1  -> cached
[1696/1728] ZTF26aahinar  constant+matern32  -> cached
[1697/1728] ZTF26aahjdpb  constant+gibbs  -> cached
[1698/1728] ZTF26aahjdpb  constant+changepoint  -> cached
[1699/1728] ZTF26aahjdpb  constant+changepoint_1  -> cached
[1700/1728] ZTF26aahjdpb  constant+matern32  -> cached
[1701/1728] ZTF26aajnayv  constant+gibbs  -> cached
[1702/1728] ZTF26aajnayv  constant+changepoint  -> cached
[1703/1728] ZTF26aajnayv  constant+changepoint_1  -> cached
[1704/1728] ZTF26aajnayv  constant+matern32  -> cached
[1705/1728] ZTF26aakdoou  constant+gibbs  -> cached
[1706/1728] ZTF26aakdoou  constant+changepoint  -> cached
[1707/1728] ZTF26aakdoou  constant+changepoint_1  -> cached
[1708/1728] ZTF26aakdoou  constant+matern32  -> cached
[1709/1728] ZTF26aalsmpp  constant+gibbs  -> cached
[1710/1728] ZTF26aalsmpp  constant+changepoint  -> cached
[1711/1728] ZTF26aalsmpp  constant+changepoint_1  -> cached
[1712/1728] ZTF26aalsmpp  constant+matern32  -> cached
[1713/1728] ZTF26aaqxhgb  constant+gibbs  -> cached
[1714/1728] ZTF26aaqxhgb  constant+changepoint  -> cached
[1715/1728] ZTF26aaqxhgb  constant+changepoint_1  -> cached
[1716/1728] ZTF26aaqxhgb  constant+matern32  -> cached
[1717/1728] ZTF26aarkqap  constant+gibbs  -> cached
[1718/1728] ZTF26aarkqap  constant+changepoint  -> cached
[1719/1728] ZTF26aarkqap  constant+changepoint_1  -> cached
[1720/1728] ZTF26aarkqap  constant+matern32  -> cached
[1721/1728] ZTF26aatlolu  constant+gibbs  -> cached
[1722/1728] ZTF26aatlolu  constant+changepoint  -> cached
[1723/1728] ZTF26aatlolu  constant+changepoint_1  -> cached
[1724/1728] ZTF26aatlolu  constant+matern32  -> cached
[1725/1728] ZTF26aaulhci  constant+gibbs  -> cached
[1726/1728] ZTF26aaulhci  constant+changepoint  -> cached
[1727/1728] ZTF26aaulhci  constant+changepoint_1  -> cached
[1728/1728] ZTF26aaulhci  constant+matern32  -> cached
metrics -> /users/ariywagh/GP_SN/fit_results/fit_metrics.csv   (0/1728 fits present)
best-fit summary -> /users/ariywagh/GP_SN/sn_gp/fit/best_fit.csv
